Cleaning old test artifacts (executables and .bin files)...
Old test artifacts cleaned.
Building tests with 'cargo test --no-run'...
Found latest test executable: target/riscv64gc-unknown-none-elf/debug/deps/os-57b9cae182756318
Running tests in QEMU...
Starting QEMU in normal run mode.
[rustsbi] RustSBI version 0.3.1, adapting to RISC-V SBI v1.0.0
.______       __    __      _______.___________.  _______..______   __
|   _  \     |  |  |  |    /       |           | /       ||   _  \ |  |
|  |_)  |    |  |  |  |   |   (----`---|  |----`|   (----`|  |_)  ||  |
|      /     |  |  |  |    \   \       |  |      \   \    |   _  < |  |
|  |\  \----.|  `--'  |.----)   |      |  |  .----)   |   |  |_)  ||  |
| _| `._____| \______/ |_______/       |__|  |_______/    |______/ |__|
[rustsbi] Implementation     : RustSBI-QEMU Version 0.2.0-alpha.2
[rustsbi] Platform Name      : riscv-virtio,qemu
[rustsbi] Platform SMP       : 1
[rustsbi] Platform Memory    : 0x80000000..0x88000000
[rustsbi] Boot HART          : 0
[rustsbi] Device Tree Region : 0x87e00000..0x87e012c4
[rustsbi] Firmware Address   : 0x80000000
[rustsbi] Supervisor Address : 0x80200000
[rustsbi] pmp01: 0x00000000..0x80000000 (-wr)
[rustsbi] pmp02: 0x80000000..0x80200000 (---)
[rustsbi] pmp03: 0x80200000..0x88000000 (xwr)
[rustsbi] pmp04: 0x88000000..0x00000000 (-wr)

[36m--- Running 1 early tests (pre-mm) ---[0m
[36m[early_test] Running: exampe_early_test[0m

[36m[early_test] Passed: exampe_early_test[0m

[36m--- Early tests finished ---[0m

Initializing heap: start=0xffffffc080b7e000, end=0xffffffc081b7e000, size=0x1000000 (16 MB)
Heap allocator initialized successfully
Hello, world!

[33m--- Running 256 tests ---[0m
[33m=======================================[0m
[33mRunning test: os::arch::riscv::boot::tests::test_create_kthreadd[0m
[32m[ok] Test passed[0m

[33m=======================================[0m
[33mRunning test: os::arch::riscv::mm::page_table::page_table_tests::test_pt_create[0m
[32m[ok] Test passed[0m

[33m=======================================[0m
[33mRunning test: os::arch::riscv::mm::page_table::page_table_tests::test_pt_error_already_mapped[0m
[32m[ok] Test passed[0m

[33m=======================================[0m
[33mRunning test: os::arch::riscv::mm::page_table::page_table_tests::test_pt_map_translate[0m
[32m[ok] Test passed[0m

[33m=======================================[0m
[33mRunning test: os::arch::riscv::mm::page_table::page_table_tests::test_pt_multiple_mappings[0m
[32m[ok] Test passed[0m

[33m=======================================[0m
[33mRunning test: os::arch::riscv::mm::page_table::page_table_tests::test_pt_unmap[0m
[32m[ok] Test passed[0m

[33m=======================================[0m
[33mRunning test: os::arch::riscv::mm::page_table::page_table_tests::test_pt_update_flags[0m
[32m[ok] Test passed[0m

[33m=======================================[0m
[33mRunning test: os::arch::riscv::mm::page_table::page_table_tests::test_pt_walk[0m
[32m[ok] Test passed[0m

[33m=======================================[0m
[33mRunning test: os::arch::riscv::timer::tests::test_get_time[0m
Testing get_time...
[32m[ok] Test passed[0m

[33m=======================================[0m
[33mRunning test: os::arch::riscv::timer::tests::test_get_time_ms[0m
Testing get_time_ms...
[32m[ok] Test passed[0m

[33m=======================================[0m
[33mRunning test: os::arch::riscv::timer::tests::test_set_next_trigger[0m
[32m[ok] Test passed[0m

[33m=======================================[0m
[33mRunning test: os::devices::tests::ram_disk::test_ramdisk_create_new[0m
[32m[ok] Test passed[0m

[33m=======================================[0m
[33mRunning test: os::devices::tests::ram_disk::test_ramdisk_flush[0m
[32m[ok] Test passed[0m

[33m=======================================[0m
[33mRunning test: os::devices::tests::ram_disk::test_ramdisk_from_bytes[0m
[32m[ok] Test passed[0m

[33m=======================================[0m
[33mRunning test: os::devices::tests::ram_disk::test_ramdisk_multiple_read_write[0m
[32m[ok] Test passed[0m

[33m=======================================[0m
[33mRunning test: os::devices::tests::ram_disk::test_ramdisk_overwrite_block[0m
[32m[ok] Test passed[0m

[33m=======================================[0m
[33mRunning test: os::devices::tests::ram_disk::test_ramdisk_read_block[0m
[32m[ok] Test passed[0m

[33m=======================================[0m
[33mRunning test: os::devices::tests::ram_disk::test_ramdisk_read_invalid_block[0m
[32m[ok] Test passed[0m

[33m=======================================[0m
[33mRunning test: os::devices::tests::ram_disk::test_ramdisk_read_wrong_buffer_size[0m
[32m[ok] Test passed[0m

[33m=======================================[0m
[33mRunning test: os::devices::tests::ram_disk::test_ramdisk_write_block[0m
[32m[ok] Test passed[0m

[33m=======================================[0m
[33mRunning test: os::devices::tests::ram_disk::test_ramdisk_write_invalid_block[0m
[32m[ok] Test passed[0m

[33m=======================================[0m
[33mRunning test: os::devices::tests::ram_disk::test_ramdisk_write_wrong_buffer_size[0m
[32m[ok] Test passed[0m

[33m=======================================[0m
[33mRunning test: os::fs::tests::ext4::ext4_basic::test_ext4_create_duplicate[0m
[Ext4Adapter] Created adapter with block_size: 4096
[Ext4Adapter] read_offset: off=1024, block=0, local_off=1024
[Ext4Adapter] SB read: blocks_count=2048, r_blocks_count=0, free_blocks=1911, first_data_block=0, log_block_size=2, blocks_per_group=32768, desc_size=64
[Ext4Adapter] SB read: inodes_count=2048, inodes_per_group=2048, reserved_gdt_blocks=0
[Ext4Adapter] SB features (orig): compat=8, incompat=2c2, ro_compat=6b
[Ext4Adapter] HACK: Spoofing s_blocks_count to 65536 to force 2 block groups
[Ext4Adapter] read_offset: off=4096, block=1, local_off=0
[Ext4Adapter] GDT read: block_bitmap=2, inode_bitmap=18, inode_table=34, free_blocks=1911, free_inodes=2037, bg_flags=4
[Ext4Adapter] HACK: Spoofing GDT Entry 1 to avoid System Zone collision
[Ext4Adapter] read_offset: off=4096, block=1, local_off=0
[Ext4Adapter] GDT read: block_bitmap=2, inode_bitmap=18, inode_table=34, free_blocks=1911, free_inodes=2037, bg_flags=4
[Ext4Adapter] HACK: Spoofing GDT Entry 1 to avoid System Zone collision
[Ext4Adapter] read_offset: off=4096, block=1, local_off=0
[Ext4Adapter] GDT read: block_bitmap=2, inode_bitmap=18, inode_table=34, free_blocks=1911, free_inodes=2037, bg_flags=4
[Ext4Adapter] HACK: Spoofing GDT Entry 1 to avoid System Zone collision
[Ext4Adapter] read_offset: off=139520, block=34, local_off=256
[Ext4Adapter] read_offset: off=4096, block=1, local_off=0
[Ext4Adapter] GDT read: block_bitmap=2, inode_bitmap=18, inode_table=34, free_blocks=1911, free_inodes=2037, bg_flags=4
[Ext4Adapter] HACK: Spoofing GDT Entry 1 to avoid System Zone collision
[Ext4Adapter] read_offset: off=139520, block=34, local_off=256
[Ext4Adapter] read_offset: off=4096, block=1, local_off=0
[Ext4Adapter] GDT read: block_bitmap=2, inode_bitmap=18, inode_table=34, free_blocks=1911, free_inodes=2037, bg_flags=4
[Ext4Adapter] HACK: Spoofing GDT Entry 1 to avoid System Zone collision
[Ext4Adapter] read_offset: off=139520, block=34, local_off=256
[Ext4Adapter] read_offset: off=12288, block=3, local_off=0
[Ext4Adapter] read_offset: off=4096, block=1, local_off=0
[Ext4Adapter] GDT read: block_bitmap=2, inode_bitmap=18, inode_table=34, free_blocks=1911, free_inodes=2037, bg_flags=4
[Ext4Adapter] HACK: Spoofing GDT Entry 1 to avoid System Zone collision
[Ext4Adapter] read_offset: off=139520, block=34, local_off=256
[Ext4Adapter] read_offset: off=4096, block=1, local_off=0
[Ext4Adapter] GDT read: block_bitmap=2, inode_bitmap=18, inode_table=34, free_blocks=1911, free_inodes=2037, bg_flags=4
[Ext4Adapter] HACK: Spoofing GDT Entry 1 to avoid System Zone collision
[Ext4Adapter] read_offset: off=73728, block=18, local_off=0
[Ext4Adapter] Reading Block 18 (Inode Bitmap): zeros=254, first_bytes=[ff, 07, 00, 00, 00, 00, 00, 00, 00, 00, 00, 00, 00, 00, 00, 00]
[Ext4Adapter] write_offset success: off=73728, block=18
[Ext4Adapter] read_offset: off=4096, block=1, local_off=0
[Ext4Adapter] GDT read: block_bitmap=2, inode_bitmap=18, inode_table=34, free_blocks=1911, free_inodes=2036, bg_flags=4
[Ext4Adapter] HACK: Spoofing GDT Entry 1 to avoid System Zone collision
[Ext4Adapter] read_offset: off=4096, block=1, local_off=0
[Ext4Adapter] GDT read: block_bitmap=2, inode_bitmap=18, inode_table=34, free_blocks=1911, free_inodes=2036, bg_flags=4
[Ext4Adapter] HACK: Spoofing GDT Entry 1 to avoid System Zone collision
[Ext4Adapter] read_offset: off=142080, block=34, local_off=2816
[Ext4Adapter] read_offset: off=12288, block=3, local_off=0
[Ext4Adapter] write_offset success: off=12288, block=3
[Ext4Adapter] write_offset success: off=12288, block=3
[Ext4Adapter] read_offset: off=4096, block=1, local_off=0
[Ext4Adapter] GDT read: block_bitmap=2, inode_bitmap=18, inode_table=34, free_blocks=1911, free_inodes=2036, bg_flags=4
[Ext4Adapter] HACK: Spoofing GDT Entry 1 to avoid System Zone collision
[Ext4Adapter] read_offset: off=4096, block=1, local_off=0
[Ext4Adapter] GDT read: block_bitmap=2, inode_bitmap=18, inode_table=34, free_blocks=1911, free_inodes=2036, bg_flags=4
[Ext4Adapter] HACK: Spoofing GDT Entry 1 to avoid System Zone collision
[Ext4Adapter] read_offset: off=4096, block=1, local_off=0
[Ext4Adapter] GDT read: block_bitmap=2, inode_bitmap=18, inode_table=34, free_blocks=1911, free_inodes=2036, bg_flags=4
[Ext4Adapter] HACK: Spoofing GDT Entry 1 to avoid System Zone collision
[Ext4Adapter] read_offset: off=4096, block=1, local_off=0
[Ext4Adapter] GDT read: block_bitmap=2, inode_bitmap=18, inode_table=34, free_blocks=1911, free_inodes=2036, bg_flags=4
[Ext4Adapter] HACK: Spoofing GDT Entry 1 to avoid System Zone collision
[Ext4Adapter] read_offset: off=139520, block=34, local_off=256
[Ext4Adapter] read_offset: off=4096, block=1, local_off=0
[Ext4Adapter] GDT read: block_bitmap=2, inode_bitmap=18, inode_table=34, free_blocks=1911, free_inodes=2036, bg_flags=4
[Ext4Adapter] HACK: Spoofing GDT Entry 1 to avoid System Zone collision
[Ext4Adapter] read_offset: off=139520, block=34, local_off=256
[Ext4Adapter] read_offset: off=4096, block=1, local_off=0
[Ext4Adapter] GDT read: block_bitmap=2, inode_bitmap=18, inode_table=34, free_blocks=1911, free_inodes=2036, bg_flags=4
[Ext4Adapter] HACK: Spoofing GDT Entry 1 to avoid System Zone collision
[Ext4Adapter] read_offset: off=139520, block=34, local_off=256
[Ext4Adapter] read_offset: off=12288, block=3, local_off=0
[32m[ok] Test passed[0m

[33m=======================================[0m
[33mRunning test: os::fs::tests::ext4::ext4_basic::test_ext4_create_file[0m
[Ext4Adapter] Created adapter with block_size: 4096
[Ext4Adapter] read_offset: off=1024, block=0, local_off=1024
[Ext4Adapter] SB read: blocks_count=2048, r_blocks_count=0, free_blocks=1911, first_data_block=0, log_block_size=2, blocks_per_group=32768, desc_size=64
[Ext4Adapter] SB read: inodes_count=2048, inodes_per_group=2048, reserved_gdt_blocks=0
[Ext4Adapter] SB features (orig): compat=8, incompat=2c2, ro_compat=6b
[Ext4Adapter] HACK: Spoofing s_blocks_count to 65536 to force 2 block groups
[Ext4Adapter] read_offset: off=4096, block=1, local_off=0
[Ext4Adapter] GDT read: block_bitmap=2, inode_bitmap=18, inode_table=34, free_blocks=1911, free_inodes=2037, bg_flags=4
[Ext4Adapter] HACK: Spoofing GDT Entry 1 to avoid System Zone collision
[Ext4Adapter] read_offset: off=4096, block=1, local_off=0
[Ext4Adapter] GDT read: block_bitmap=2, inode_bitmap=18, inode_table=34, free_blocks=1911, free_inodes=2037, bg_flags=4
[Ext4Adapter] HACK: Spoofing GDT Entry 1 to avoid System Zone collision
[Ext4Adapter] read_offset: off=4096, block=1, local_off=0
[Ext4Adapter] GDT read: block_bitmap=2, inode_bitmap=18, inode_table=34, free_blocks=1911, free_inodes=2037, bg_flags=4
[Ext4Adapter] HACK: Spoofing GDT Entry 1 to avoid System Zone collision
[Ext4Adapter] read_offset: off=139520, block=34, local_off=256
[Ext4Adapter] read_offset: off=4096, block=1, local_off=0
[Ext4Adapter] GDT read: block_bitmap=2, inode_bitmap=18, inode_table=34, free_blocks=1911, free_inodes=2037, bg_flags=4
[Ext4Adapter] HACK: Spoofing GDT Entry 1 to avoid System Zone collision
[Ext4Adapter] read_offset: off=139520, block=34, local_off=256
[Ext4Adapter] read_offset: off=4096, block=1, local_off=0
[Ext4Adapter] GDT read: block_bitmap=2, inode_bitmap=18, inode_table=34, free_blocks=1911, free_inodes=2037, bg_flags=4
[Ext4Adapter] HACK: Spoofing GDT Entry 1 to avoid System Zone collision
[Ext4Adapter] read_offset: off=139520, block=34, local_off=256
[Ext4Adapter] read_offset: off=12288, block=3, local_off=0
[Ext4Adapter] read_offset: off=4096, block=1, local_off=0
[Ext4Adapter] GDT read: block_bitmap=2, inode_bitmap=18, inode_table=34, free_blocks=1911, free_inodes=2037, bg_flags=4
[Ext4Adapter] HACK: Spoofing GDT Entry 1 to avoid System Zone collision
[Ext4Adapter] read_offset: off=139520, block=34, local_off=256
[Ext4Adapter] read_offset: off=4096, block=1, local_off=0
[Ext4Adapter] GDT read: block_bitmap=2, inode_bitmap=18, inode_table=34, free_blocks=1911, free_inodes=2037, bg_flags=4
[Ext4Adapter] HACK: Spoofing GDT Entry 1 to avoid System Zone collision
[Ext4Adapter] read_offset: off=73728, block=18, local_off=0
[Ext4Adapter] Reading Block 18 (Inode Bitmap): zeros=254, first_bytes=[ff, 07, 00, 00, 00, 00, 00, 00, 00, 00, 00, 00, 00, 00, 00, 00]
[Ext4Adapter] write_offset success: off=73728, block=18
[Ext4Adapter] read_offset: off=4096, block=1, local_off=0
[Ext4Adapter] GDT read: block_bitmap=2, inode_bitmap=18, inode_table=34, free_blocks=1911, free_inodes=2036, bg_flags=4
[Ext4Adapter] HACK: Spoofing GDT Entry 1 to avoid System Zone collision
[Ext4Adapter] read_offset: off=4096, block=1, local_off=0
[Ext4Adapter] GDT read: block_bitmap=2, inode_bitmap=18, inode_table=34, free_blocks=1911, free_inodes=2036, bg_flags=4
[Ext4Adapter] HACK: Spoofing GDT Entry 1 to avoid System Zone collision
[Ext4Adapter] read_offset: off=142080, block=34, local_off=2816
[Ext4Adapter] read_offset: off=12288, block=3, local_off=0
[Ext4Adapter] write_offset success: off=12288, block=3
[Ext4Adapter] write_offset success: off=12288, block=3
[Ext4Adapter] read_offset: off=4096, block=1, local_off=0
[Ext4Adapter] GDT read: block_bitmap=2, inode_bitmap=18, inode_table=34, free_blocks=1911, free_inodes=2036, bg_flags=4
[Ext4Adapter] HACK: Spoofing GDT Entry 1 to avoid System Zone collision
[Ext4Adapter] read_offset: off=4096, block=1, local_off=0
[Ext4Adapter] GDT read: block_bitmap=2, inode_bitmap=18, inode_table=34, free_blocks=1911, free_inodes=2036, bg_flags=4
[Ext4Adapter] HACK: Spoofing GDT Entry 1 to avoid System Zone collision
[Ext4Adapter] read_offset: off=4096, block=1, local_off=0
[Ext4Adapter] GDT read: block_bitmap=2, inode_bitmap=18, inode_table=34, free_blocks=1911, free_inodes=2036, bg_flags=4
[Ext4Adapter] HACK: Spoofing GDT Entry 1 to avoid System Zone collision
[Ext4Adapter] read_offset: off=4096, block=1, local_off=0
[Ext4Adapter] GDT read: block_bitmap=2, inode_bitmap=18, inode_table=34, free_blocks=1911, free_inodes=2036, bg_flags=4
[Ext4Adapter] HACK: Spoofing GDT Entry 1 to avoid System Zone collision
[Ext4Adapter] read_offset: off=139520, block=34, local_off=256
[Ext4Adapter] read_offset: off=4096, block=1, local_off=0
[Ext4Adapter] GDT read: block_bitmap=2, inode_bitmap=18, inode_table=34, free_blocks=1911, free_inodes=2036, bg_flags=4
[Ext4Adapter] HACK: Spoofing GDT Entry 1 to avoid System Zone collision
[Ext4Adapter] read_offset: off=139520, block=34, local_off=256
[Ext4Adapter] read_offset: off=12288, block=3, local_off=0
[32m[ok] Test passed[0m

[33m=======================================[0m
[33mRunning test: os::fs::tests::ext4::ext4_basic::test_ext4_empty_file[0m
[Ext4Adapter] Created adapter with block_size: 4096
[Ext4Adapter] read_offset: off=1024, block=0, local_off=1024
[Ext4Adapter] SB read: blocks_count=2048, r_blocks_count=0, free_blocks=1911, first_data_block=0, log_block_size=2, blocks_per_group=32768, desc_size=64
[Ext4Adapter] SB read: inodes_count=2048, inodes_per_group=2048, reserved_gdt_blocks=0
[Ext4Adapter] SB features (orig): compat=8, incompat=2c2, ro_compat=6b
[Ext4Adapter] HACK: Spoofing s_blocks_count to 65536 to force 2 block groups
[Ext4Adapter] read_offset: off=4096, block=1, local_off=0
[Ext4Adapter] GDT read: block_bitmap=2, inode_bitmap=18, inode_table=34, free_blocks=1911, free_inodes=2037, bg_flags=4
[Ext4Adapter] HACK: Spoofing GDT Entry 1 to avoid System Zone collision
[Ext4Adapter] read_offset: off=4096, block=1, local_off=0
[Ext4Adapter] GDT read: block_bitmap=2, inode_bitmap=18, inode_table=34, free_blocks=1911, free_inodes=2037, bg_flags=4
[Ext4Adapter] HACK: Spoofing GDT Entry 1 to avoid System Zone collision
[Ext4Adapter] read_offset: off=4096, block=1, local_off=0
[Ext4Adapter] GDT read: block_bitmap=2, inode_bitmap=18, inode_table=34, free_blocks=1911, free_inodes=2037, bg_flags=4
[Ext4Adapter] HACK: Spoofing GDT Entry 1 to avoid System Zone collision
[Ext4Adapter] read_offset: off=139520, block=34, local_off=256
[Ext4Adapter] read_offset: off=4096, block=1, local_off=0
[Ext4Adapter] GDT read: block_bitmap=2, inode_bitmap=18, inode_table=34, free_blocks=1911, free_inodes=2037, bg_flags=4
[Ext4Adapter] HACK: Spoofing GDT Entry 1 to avoid System Zone collision
[Ext4Adapter] read_offset: off=139520, block=34, local_off=256
[Ext4Adapter] read_offset: off=4096, block=1, local_off=0
[Ext4Adapter] GDT read: block_bitmap=2, inode_bitmap=18, inode_table=34, free_blocks=1911, free_inodes=2037, bg_flags=4
[Ext4Adapter] HACK: Spoofing GDT Entry 1 to avoid System Zone collision
[Ext4Adapter] read_offset: off=139520, block=34, local_off=256
[Ext4Adapter] read_offset: off=12288, block=3, local_off=0
[Ext4Adapter] read_offset: off=4096, block=1, local_off=0
[Ext4Adapter] GDT read: block_bitmap=2, inode_bitmap=18, inode_table=34, free_blocks=1911, free_inodes=2037, bg_flags=4
[Ext4Adapter] HACK: Spoofing GDT Entry 1 to avoid System Zone collision
[Ext4Adapter] read_offset: off=139520, block=34, local_off=256
[Ext4Adapter] read_offset: off=4096, block=1, local_off=0
[Ext4Adapter] GDT read: block_bitmap=2, inode_bitmap=18, inode_table=34, free_blocks=1911, free_inodes=2037, bg_flags=4
[Ext4Adapter] HACK: Spoofing GDT Entry 1 to avoid System Zone collision
[Ext4Adapter] read_offset: off=73728, block=18, local_off=0
[Ext4Adapter] Reading Block 18 (Inode Bitmap): zeros=254, first_bytes=[ff, 07, 00, 00, 00, 00, 00, 00, 00, 00, 00, 00, 00, 00, 00, 00]
[Ext4Adapter] write_offset success: off=73728, block=18
[Ext4Adapter] read_offset: off=4096, block=1, local_off=0
[Ext4Adapter] GDT read: block_bitmap=2, inode_bitmap=18, inode_table=34, free_blocks=1911, free_inodes=2036, bg_flags=4
[Ext4Adapter] HACK: Spoofing GDT Entry 1 to avoid System Zone collision
[Ext4Adapter] read_offset: off=4096, block=1, local_off=0
[Ext4Adapter] GDT read: block_bitmap=2, inode_bitmap=18, inode_table=34, free_blocks=1911, free_inodes=2036, bg_flags=4
[Ext4Adapter] HACK: Spoofing GDT Entry 1 to avoid System Zone collision
[Ext4Adapter] read_offset: off=142080, block=34, local_off=2816
[Ext4Adapter] read_offset: off=12288, block=3, local_off=0
[Ext4Adapter] write_offset success: off=12288, block=3
[Ext4Adapter] write_offset success: off=12288, block=3
[Ext4Adapter] read_offset: off=4096, block=1, local_off=0
[Ext4Adapter] GDT read: block_bitmap=2, inode_bitmap=18, inode_table=34, free_blocks=1911, free_inodes=2036, bg_flags=4
[Ext4Adapter] HACK: Spoofing GDT Entry 1 to avoid System Zone collision
[Ext4Adapter] read_offset: off=4096, block=1, local_off=0
[Ext4Adapter] GDT read: block_bitmap=2, inode_bitmap=18, inode_table=34, free_blocks=1911, free_inodes=2036, bg_flags=4
[Ext4Adapter] HACK: Spoofing GDT Entry 1 to avoid System Zone collision
[Ext4Adapter] read_offset: off=4096, block=1, local_off=0
[Ext4Adapter] GDT read: block_bitmap=2, inode_bitmap=18, inode_table=34, free_blocks=1911, free_inodes=2036, bg_flags=4
[Ext4Adapter] HACK: Spoofing GDT Entry 1 to avoid System Zone collision
[Ext4Adapter] read_offset: off=4096, block=1, local_off=0
[Ext4Adapter] GDT read: block_bitmap=2, inode_bitmap=18, inode_table=34, free_blocks=1911, free_inodes=2036, bg_flags=4
[Ext4Adapter] HACK: Spoofing GDT Entry 1 to avoid System Zone collision
[Ext4Adapter] read_offset: off=142080, block=34, local_off=2816
[Ext4Adapter] read_offset: off=4096, block=1, local_off=0
[Ext4Adapter] GDT read: block_bitmap=2, inode_bitmap=18, inode_table=34, free_blocks=1911, free_inodes=2036, bg_flags=4
[Ext4Adapter] HACK: Spoofing GDT Entry 1 to avoid System Zone collision
[Ext4Adapter] read_offset: off=142080, block=34, local_off=2816
[32m[ok] Test passed[0m

[33m=======================================[0m
[33mRunning test: os::fs::tests::ext4::ext4_basic::test_ext4_lookup_nonexistent[0m
[Ext4Adapter] Created adapter with block_size: 4096
[Ext4Adapter] read_offset: off=1024, block=0, local_off=1024
[Ext4Adapter] SB read: blocks_count=2048, r_blocks_count=0, free_blocks=1911, first_data_block=0, log_block_size=2, blocks_per_group=32768, desc_size=64
[Ext4Adapter] SB read: inodes_count=2048, inodes_per_group=2048, reserved_gdt_blocks=0
[Ext4Adapter] SB features (orig): compat=8, incompat=2c2, ro_compat=6b
[Ext4Adapter] HACK: Spoofing s_blocks_count to 65536 to force 2 block groups
[Ext4Adapter] read_offset: off=4096, block=1, local_off=0
[Ext4Adapter] GDT read: block_bitmap=2, inode_bitmap=18, inode_table=34, free_blocks=1911, free_inodes=2037, bg_flags=4
[Ext4Adapter] HACK: Spoofing GDT Entry 1 to avoid System Zone collision
[Ext4Adapter] read_offset: off=4096, block=1, local_off=0
[Ext4Adapter] GDT read: block_bitmap=2, inode_bitmap=18, inode_table=34, free_blocks=1911, free_inodes=2037, bg_flags=4
[Ext4Adapter] HACK: Spoofing GDT Entry 1 to avoid System Zone collision
[Ext4Adapter] read_offset: off=4096, block=1, local_off=0
[Ext4Adapter] GDT read: block_bitmap=2, inode_bitmap=18, inode_table=34, free_blocks=1911, free_inodes=2037, bg_flags=4
[Ext4Adapter] HACK: Spoofing GDT Entry 1 to avoid System Zone collision
[Ext4Adapter] read_offset: off=139520, block=34, local_off=256
[Ext4Adapter] read_offset: off=4096, block=1, local_off=0
[Ext4Adapter] GDT read: block_bitmap=2, inode_bitmap=18, inode_table=34, free_blocks=1911, free_inodes=2037, bg_flags=4
[Ext4Adapter] HACK: Spoofing GDT Entry 1 to avoid System Zone collision
[Ext4Adapter] read_offset: off=139520, block=34, local_off=256
[Ext4Adapter] read_offset: off=12288, block=3, local_off=0
[32m[ok] Test passed[0m

[33m=======================================[0m
[33mRunning test: os::fs::tests::ext4::ext4_basic::test_ext4_multiple_files[0m
[Ext4Adapter] Created adapter with block_size: 4096
[Ext4Adapter] read_offset: off=1024, block=0, local_off=1024
[Ext4Adapter] SB read: blocks_count=2048, r_blocks_count=0, free_blocks=1911, first_data_block=0, log_block_size=2, blocks_per_group=32768, desc_size=64
[Ext4Adapter] SB read: inodes_count=2048, inodes_per_group=2048, reserved_gdt_blocks=0
[Ext4Adapter] SB features (orig): compat=8, incompat=2c2, ro_compat=6b
[Ext4Adapter] HACK: Spoofing s_blocks_count to 65536 to force 2 block groups
[Ext4Adapter] read_offset: off=4096, block=1, local_off=0
[Ext4Adapter] GDT read: block_bitmap=2, inode_bitmap=18, inode_table=34, free_blocks=1911, free_inodes=2037, bg_flags=4
[Ext4Adapter] HACK: Spoofing GDT Entry 1 to avoid System Zone collision
[Ext4Adapter] read_offset: off=4096, block=1, local_off=0
[Ext4Adapter] GDT read: block_bitmap=2, inode_bitmap=18, inode_table=34, free_blocks=1911, free_inodes=2037, bg_flags=4
[Ext4Adapter] HACK: Spoofing GDT Entry 1 to avoid System Zone collision
[Ext4Adapter] read_offset: off=4096, block=1, local_off=0
[Ext4Adapter] GDT read: block_bitmap=2, inode_bitmap=18, inode_table=34, free_blocks=1911, free_inodes=2037, bg_flags=4
[Ext4Adapter] HACK: Spoofing GDT Entry 1 to avoid System Zone collision
[Ext4Adapter] read_offset: off=139520, block=34, local_off=256
[Ext4Adapter] read_offset: off=4096, block=1, local_off=0
[Ext4Adapter] GDT read: block_bitmap=2, inode_bitmap=18, inode_table=34, free_blocks=1911, free_inodes=2037, bg_flags=4
[Ext4Adapter] HACK: Spoofing GDT Entry 1 to avoid System Zone collision
[Ext4Adapter] read_offset: off=139520, block=34, local_off=256
[Ext4Adapter] read_offset: off=4096, block=1, local_off=0
[Ext4Adapter] GDT read: block_bitmap=2, inode_bitmap=18, inode_table=34, free_blocks=1911, free_inodes=2037, bg_flags=4
[Ext4Adapter] HACK: Spoofing GDT Entry 1 to avoid System Zone collision
[Ext4Adapter] read_offset: off=139520, block=34, local_off=256
[Ext4Adapter] read_offset: off=12288, block=3, local_off=0
[Ext4Adapter] read_offset: off=4096, block=1, local_off=0
[Ext4Adapter] GDT read: block_bitmap=2, inode_bitmap=18, inode_table=34, free_blocks=1911, free_inodes=2037, bg_flags=4
[Ext4Adapter] HACK: Spoofing GDT Entry 1 to avoid System Zone collision
[Ext4Adapter] read_offset: off=139520, block=34, local_off=256
[Ext4Adapter] read_offset: off=4096, block=1, local_off=0
[Ext4Adapter] GDT read: block_bitmap=2, inode_bitmap=18, inode_table=34, free_blocks=1911, free_inodes=2037, bg_flags=4
[Ext4Adapter] HACK: Spoofing GDT Entry 1 to avoid System Zone collision
[Ext4Adapter] read_offset: off=73728, block=18, local_off=0
[Ext4Adapter] Reading Block 18 (Inode Bitmap): zeros=254, first_bytes=[ff, 07, 00, 00, 00, 00, 00, 00, 00, 00, 00, 00, 00, 00, 00, 00]
[Ext4Adapter] write_offset success: off=73728, block=18
[Ext4Adapter] read_offset: off=4096, block=1, local_off=0
[Ext4Adapter] GDT read: block_bitmap=2, inode_bitmap=18, inode_table=34, free_blocks=1911, free_inodes=2036, bg_flags=4
[Ext4Adapter] HACK: Spoofing GDT Entry 1 to avoid System Zone collision
[Ext4Adapter] read_offset: off=4096, block=1, local_off=0
[Ext4Adapter] GDT read: block_bitmap=2, inode_bitmap=18, inode_table=34, free_blocks=1911, free_inodes=2036, bg_flags=4
[Ext4Adapter] HACK: Spoofing GDT Entry 1 to avoid System Zone collision
[Ext4Adapter] read_offset: off=142080, block=34, local_off=2816
[Ext4Adapter] read_offset: off=12288, block=3, local_off=0
[Ext4Adapter] write_offset success: off=12288, block=3
[Ext4Adapter] write_offset success: off=12288, block=3
[Ext4Adapter] read_offset: off=4096, block=1, local_off=0
[Ext4Adapter] GDT read: block_bitmap=2, inode_bitmap=18, inode_table=34, free_blocks=1911, free_inodes=2036, bg_flags=4
[Ext4Adapter] HACK: Spoofing GDT Entry 1 to avoid System Zone collision
[Ext4Adapter] read_offset: off=4096, block=1, local_off=0
[Ext4Adapter] GDT read: block_bitmap=2, inode_bitmap=18, inode_table=34, free_blocks=1911, free_inodes=2036, bg_flags=4
[Ext4Adapter] HACK: Spoofing GDT Entry 1 to avoid System Zone collision
[Ext4Adapter] read_offset: off=4096, block=1, local_off=0
[Ext4Adapter] GDT read: block_bitmap=2, inode_bitmap=18, inode_table=34, free_blocks=1911, free_inodes=2036, bg_flags=4
[Ext4Adapter] HACK: Spoofing GDT Entry 1 to avoid System Zone collision
[Ext4Adapter] read_offset: off=4096, block=1, local_off=0
[Ext4Adapter] GDT read: block_bitmap=2, inode_bitmap=18, inode_table=34, free_blocks=1911, free_inodes=2036, bg_flags=4
[Ext4Adapter] HACK: Spoofing GDT Entry 1 to avoid System Zone collision
[Ext4Adapter] read_offset: off=139520, block=34, local_off=256
[Ext4Adapter] read_offset: off=4096, block=1, local_off=0
[Ext4Adapter] GDT read: block_bitmap=2, inode_bitmap=18, inode_table=34, free_blocks=1911, free_inodes=2036, bg_flags=4
[Ext4Adapter] HACK: Spoofing GDT Entry 1 to avoid System Zone collision
[Ext4Adapter] read_offset: off=139520, block=34, local_off=256
[Ext4Adapter] read_offset: off=4096, block=1, local_off=0
[Ext4Adapter] GDT read: block_bitmap=2, inode_bitmap=18, inode_table=34, free_blocks=1911, free_inodes=2036, bg_flags=4
[Ext4Adapter] HACK: Spoofing GDT Entry 1 to avoid System Zone collision
[Ext4Adapter] read_offset: off=139520, block=34, local_off=256
[Ext4Adapter] read_offset: off=12288, block=3, local_off=0
[Ext4Adapter] read_offset: off=4096, block=1, local_off=0
[Ext4Adapter] GDT read: block_bitmap=2, inode_bitmap=18, inode_table=34, free_blocks=1911, free_inodes=2036, bg_flags=4
[Ext4Adapter] HACK: Spoofing GDT Entry 1 to avoid System Zone collision
[Ext4Adapter] read_offset: off=139520, block=34, local_off=256
[Ext4Adapter] read_offset: off=4096, block=1, local_off=0
[Ext4Adapter] GDT read: block_bitmap=2, inode_bitmap=18, inode_table=34, free_blocks=1911, free_inodes=2036, bg_flags=4
[Ext4Adapter] HACK: Spoofing GDT Entry 1 to avoid System Zone collision
[Ext4Adapter] read_offset: off=73728, block=18, local_off=0
[Ext4Adapter] Reading Block 18 (Inode Bitmap): zeros=254, first_bytes=[ff, 0f, 00, 00, 00, 00, 00, 00, 00, 00, 00, 00, 00, 00, 00, 00]
[Ext4Adapter] write_offset success: off=73728, block=18
[Ext4Adapter] read_offset: off=4096, block=1, local_off=0
[Ext4Adapter] GDT read: block_bitmap=2, inode_bitmap=18, inode_table=34, free_blocks=1911, free_inodes=2035, bg_flags=4
[Ext4Adapter] HACK: Spoofing GDT Entry 1 to avoid System Zone collision
[Ext4Adapter] read_offset: off=4096, block=1, local_off=0
[Ext4Adapter] GDT read: block_bitmap=2, inode_bitmap=18, inode_table=34, free_blocks=1911, free_inodes=2035, bg_flags=4
[Ext4Adapter] HACK: Spoofing GDT Entry 1 to avoid System Zone collision
[Ext4Adapter] read_offset: off=142336, block=34, local_off=3072
[Ext4Adapter] read_offset: off=12288, block=3, local_off=0
[Ext4Adapter] write_offset success: off=12288, block=3
[Ext4Adapter] write_offset success: off=12288, block=3
[Ext4Adapter] read_offset: off=4096, block=1, local_off=0
[Ext4Adapter] GDT read: block_bitmap=2, inode_bitmap=18, inode_table=34, free_blocks=1911, free_inodes=2035, bg_flags=4
[Ext4Adapter] HACK: Spoofing GDT Entry 1 to avoid System Zone collision
[Ext4Adapter] read_offset: off=4096, block=1, local_off=0
[Ext4Adapter] GDT read: block_bitmap=2, inode_bitmap=18, inode_table=34, free_blocks=1911, free_inodes=2035, bg_flags=4
[Ext4Adapter] HACK: Spoofing GDT Entry 1 to avoid System Zone collision
[Ext4Adapter] read_offset: off=4096, block=1, local_off=0
[Ext4Adapter] GDT read: block_bitmap=2, inode_bitmap=18, inode_table=34, free_blocks=1911, free_inodes=2035, bg_flags=4
[Ext4Adapter] HACK: Spoofing GDT Entry 1 to avoid System Zone collision
[Ext4Adapter] read_offset: off=4096, block=1, local_off=0
[Ext4Adapter] GDT read: block_bitmap=2, inode_bitmap=18, inode_table=34, free_blocks=1911, free_inodes=2035, bg_flags=4
[Ext4Adapter] HACK: Spoofing GDT Entry 1 to avoid System Zone collision
[Ext4Adapter] read_offset: off=139520, block=34, local_off=256
[Ext4Adapter] read_offset: off=4096, block=1, local_off=0
[Ext4Adapter] GDT read: block_bitmap=2, inode_bitmap=18, inode_table=34, free_blocks=1911, free_inodes=2035, bg_flags=4
[Ext4Adapter] HACK: Spoofing GDT Entry 1 to avoid System Zone collision
[Ext4Adapter] read_offset: off=139520, block=34, local_off=256
[Ext4Adapter] read_offset: off=4096, block=1, local_off=0
[Ext4Adapter] GDT read: block_bitmap=2, inode_bitmap=18, inode_table=34, free_blocks=1911, free_inodes=2035, bg_flags=4
[Ext4Adapter] HACK: Spoofing GDT Entry 1 to avoid System Zone collision
[Ext4Adapter] read_offset: off=139520, block=34, local_off=256
[Ext4Adapter] read_offset: off=12288, block=3, local_off=0
[Ext4Adapter] read_offset: off=4096, block=1, local_off=0
[Ext4Adapter] GDT read: block_bitmap=2, inode_bitmap=18, inode_table=34, free_blocks=1911, free_inodes=2035, bg_flags=4
[Ext4Adapter] HACK: Spoofing GDT Entry 1 to avoid System Zone collision
[Ext4Adapter] read_offset: off=139520, block=34, local_off=256
[Ext4Adapter] read_offset: off=4096, block=1, local_off=0
[Ext4Adapter] GDT read: block_bitmap=2, inode_bitmap=18, inode_table=34, free_blocks=1911, free_inodes=2035, bg_flags=4
[Ext4Adapter] HACK: Spoofing GDT Entry 1 to avoid System Zone collision
[Ext4Adapter] read_offset: off=73728, block=18, local_off=0
[Ext4Adapter] Reading Block 18 (Inode Bitmap): zeros=254, first_bytes=[ff, 1f, 00, 00, 00, 00, 00, 00, 00, 00, 00, 00, 00, 00, 00, 00]
[Ext4Adapter] write_offset success: off=73728, block=18
[Ext4Adapter] read_offset: off=4096, block=1, local_off=0
[Ext4Adapter] GDT read: block_bitmap=2, inode_bitmap=18, inode_table=34, free_blocks=1911, free_inodes=2034, bg_flags=4
[Ext4Adapter] HACK: Spoofing GDT Entry 1 to avoid System Zone collision
[Ext4Adapter] read_offset: off=4096, block=1, local_off=0
[Ext4Adapter] GDT read: block_bitmap=2, inode_bitmap=18, inode_table=34, free_blocks=1911, free_inodes=2034, bg_flags=4
[Ext4Adapter] HACK: Spoofing GDT Entry 1 to avoid System Zone collision
[Ext4Adapter] read_offset: off=142592, block=34, local_off=3328
[Ext4Adapter] read_offset: off=12288, block=3, local_off=0
[Ext4Adapter] write_offset success: off=12288, block=3
[Ext4Adapter] write_offset success: off=12288, block=3
[Ext4Adapter] read_offset: off=4096, block=1, local_off=0
[Ext4Adapter] GDT read: block_bitmap=2, inode_bitmap=18, inode_table=34, free_blocks=1911, free_inodes=2034, bg_flags=4
[Ext4Adapter] HACK: Spoofing GDT Entry 1 to avoid System Zone collision
[Ext4Adapter] read_offset: off=4096, block=1, local_off=0
[Ext4Adapter] GDT read: block_bitmap=2, inode_bitmap=18, inode_table=34, free_blocks=1911, free_inodes=2034, bg_flags=4
[Ext4Adapter] HACK: Spoofing GDT Entry 1 to avoid System Zone collision
[Ext4Adapter] read_offset: off=4096, block=1, local_off=0
[Ext4Adapter] GDT read: block_bitmap=2, inode_bitmap=18, inode_table=34, free_blocks=1911, free_inodes=2034, bg_flags=4
[Ext4Adapter] HACK: Spoofing GDT Entry 1 to avoid System Zone collision
[Ext4Adapter] read_offset: off=4096, block=1, local_off=0
[Ext4Adapter] GDT read: block_bitmap=2, inode_bitmap=18, inode_table=34, free_blocks=1911, free_inodes=2034, bg_flags=4
[Ext4Adapter] HACK: Spoofing GDT Entry 1 to avoid System Zone collision
[Ext4Adapter] read_offset: off=139520, block=34, local_off=256
[Ext4Adapter] read_offset: off=4096, block=1, local_off=0
[Ext4Adapter] GDT read: block_bitmap=2, inode_bitmap=18, inode_table=34, free_blocks=1911, free_inodes=2034, bg_flags=4
[Ext4Adapter] HACK: Spoofing GDT Entry 1 to avoid System Zone collision
[Ext4Adapter] read_offset: off=139520, block=34, local_off=256
[Ext4Adapter] read_offset: off=4096, block=1, local_off=0
[Ext4Adapter] GDT read: block_bitmap=2, inode_bitmap=18, inode_table=34, free_blocks=1911, free_inodes=2034, bg_flags=4
[Ext4Adapter] HACK: Spoofing GDT Entry 1 to avoid System Zone collision
[Ext4Adapter] read_offset: off=139520, block=34, local_off=256
[Ext4Adapter] read_offset: off=12288, block=3, local_off=0
[Ext4Adapter] read_offset: off=4096, block=1, local_off=0
[Ext4Adapter] GDT read: block_bitmap=2, inode_bitmap=18, inode_table=34, free_blocks=1911, free_inodes=2034, bg_flags=4
[Ext4Adapter] HACK: Spoofing GDT Entry 1 to avoid System Zone collision
[Ext4Adapter] read_offset: off=139520, block=34, local_off=256
[Ext4Adapter] read_offset: off=4096, block=1, local_off=0
[Ext4Adapter] GDT read: block_bitmap=2, inode_bitmap=18, inode_table=34, free_blocks=1911, free_inodes=2034, bg_flags=4
[Ext4Adapter] HACK: Spoofing GDT Entry 1 to avoid System Zone collision
[Ext4Adapter] read_offset: off=73728, block=18, local_off=0
[Ext4Adapter] Reading Block 18 (Inode Bitmap): zeros=254, first_bytes=[ff, 3f, 00, 00, 00, 00, 00, 00, 00, 00, 00, 00, 00, 00, 00, 00]
[Ext4Adapter] write_offset success: off=73728, block=18
[Ext4Adapter] read_offset: off=4096, block=1, local_off=0
[Ext4Adapter] GDT read: block_bitmap=2, inode_bitmap=18, inode_table=34, free_blocks=1911, free_inodes=2033, bg_flags=4
[Ext4Adapter] HACK: Spoofing GDT Entry 1 to avoid System Zone collision
[Ext4Adapter] read_offset: off=4096, block=1, local_off=0
[Ext4Adapter] GDT read: block_bitmap=2, inode_bitmap=18, inode_table=34, free_blocks=1911, free_inodes=2033, bg_flags=4
[Ext4Adapter] HACK: Spoofing GDT Entry 1 to avoid System Zone collision
[Ext4Adapter] read_offset: off=142848, block=34, local_off=3584
[Ext4Adapter] read_offset: off=12288, block=3, local_off=0
[Ext4Adapter] write_offset success: off=12288, block=3
[Ext4Adapter] write_offset success: off=12288, block=3
[Ext4Adapter] read_offset: off=4096, block=1, local_off=0
[Ext4Adapter] GDT read: block_bitmap=2, inode_bitmap=18, inode_table=34, free_blocks=1911, free_inodes=2033, bg_flags=4
[Ext4Adapter] HACK: Spoofing GDT Entry 1 to avoid System Zone collision
[Ext4Adapter] read_offset: off=4096, block=1, local_off=0
[Ext4Adapter] GDT read: block_bitmap=2, inode_bitmap=18, inode_table=34, free_blocks=1911, free_inodes=2033, bg_flags=4
[Ext4Adapter] HACK: Spoofing GDT Entry 1 to avoid System Zone collision
[Ext4Adapter] read_offset: off=4096, block=1, local_off=0
[Ext4Adapter] GDT read: block_bitmap=2, inode_bitmap=18, inode_table=34, free_blocks=1911, free_inodes=2033, bg_flags=4
[Ext4Adapter] HACK: Spoofing GDT Entry 1 to avoid System Zone collision
[Ext4Adapter] read_offset: off=4096, block=1, local_off=0
[Ext4Adapter] GDT read: block_bitmap=2, inode_bitmap=18, inode_table=34, free_blocks=1911, free_inodes=2033, bg_flags=4
[Ext4Adapter] HACK: Spoofing GDT Entry 1 to avoid System Zone collision
[Ext4Adapter] read_offset: off=139520, block=34, local_off=256
[Ext4Adapter] read_offset: off=4096, block=1, local_off=0
[Ext4Adapter] GDT read: block_bitmap=2, inode_bitmap=18, inode_table=34, free_blocks=1911, free_inodes=2033, bg_flags=4
[Ext4Adapter] HACK: Spoofing GDT Entry 1 to avoid System Zone collision
[Ext4Adapter] read_offset: off=139520, block=34, local_off=256
[Ext4Adapter] read_offset: off=4096, block=1, local_off=0
[Ext4Adapter] GDT read: block_bitmap=2, inode_bitmap=18, inode_table=34, free_blocks=1911, free_inodes=2033, bg_flags=4
[Ext4Adapter] HACK: Spoofing GDT Entry 1 to avoid System Zone collision
[Ext4Adapter] read_offset: off=139520, block=34, local_off=256
[Ext4Adapter] read_offset: off=12288, block=3, local_off=0
[Ext4Adapter] read_offset: off=4096, block=1, local_off=0
[Ext4Adapter] GDT read: block_bitmap=2, inode_bitmap=18, inode_table=34, free_blocks=1911, free_inodes=2033, bg_flags=4
[Ext4Adapter] HACK: Spoofing GDT Entry 1 to avoid System Zone collision
[Ext4Adapter] read_offset: off=139520, block=34, local_off=256
[Ext4Adapter] read_offset: off=4096, block=1, local_off=0
[Ext4Adapter] GDT read: block_bitmap=2, inode_bitmap=18, inode_table=34, free_blocks=1911, free_inodes=2033, bg_flags=4
[Ext4Adapter] HACK: Spoofing GDT Entry 1 to avoid System Zone collision
[Ext4Adapter] read_offset: off=73728, block=18, local_off=0
[Ext4Adapter] Reading Block 18 (Inode Bitmap): zeros=254, first_bytes=[ff, 7f, 00, 00, 00, 00, 00, 00, 00, 00, 00, 00, 00, 00, 00, 00]
[Ext4Adapter] write_offset success: off=73728, block=18
[Ext4Adapter] read_offset: off=4096, block=1, local_off=0
[Ext4Adapter] GDT read: block_bitmap=2, inode_bitmap=18, inode_table=34, free_blocks=1911, free_inodes=2032, bg_flags=4
[Ext4Adapter] HACK: Spoofing GDT Entry 1 to avoid System Zone collision
[Ext4Adapter] read_offset: off=4096, block=1, local_off=0
[Ext4Adapter] GDT read: block_bitmap=2, inode_bitmap=18, inode_table=34, free_blocks=1911, free_inodes=2032, bg_flags=4
[Ext4Adapter] HACK: Spoofing GDT Entry 1 to avoid System Zone collision
[Ext4Adapter] read_offset: off=143104, block=34, local_off=3840
[Ext4Adapter] read_offset: off=12288, block=3, local_off=0
[Ext4Adapter] write_offset success: off=12288, block=3
[Ext4Adapter] write_offset success: off=12288, block=3
[Ext4Adapter] read_offset: off=4096, block=1, local_off=0
[Ext4Adapter] GDT read: block_bitmap=2, inode_bitmap=18, inode_table=34, free_blocks=1911, free_inodes=2032, bg_flags=4
[Ext4Adapter] HACK: Spoofing GDT Entry 1 to avoid System Zone collision
[Ext4Adapter] read_offset: off=4096, block=1, local_off=0
[Ext4Adapter] GDT read: block_bitmap=2, inode_bitmap=18, inode_table=34, free_blocks=1911, free_inodes=2032, bg_flags=4
[Ext4Adapter] HACK: Spoofing GDT Entry 1 to avoid System Zone collision
[Ext4Adapter] read_offset: off=4096, block=1, local_off=0
[Ext4Adapter] GDT read: block_bitmap=2, inode_bitmap=18, inode_table=34, free_blocks=1911, free_inodes=2032, bg_flags=4
[Ext4Adapter] HACK: Spoofing GDT Entry 1 to avoid System Zone collision
[Ext4Adapter] read_offset: off=4096, block=1, local_off=0
[Ext4Adapter] GDT read: block_bitmap=2, inode_bitmap=18, inode_table=34, free_blocks=1911, free_inodes=2032, bg_flags=4
[Ext4Adapter] HACK: Spoofing GDT Entry 1 to avoid System Zone collision
[Ext4Adapter] read_offset: off=139520, block=34, local_off=256
[Ext4Adapter] read_offset: off=4096, block=1, local_off=0
[Ext4Adapter] GDT read: block_bitmap=2, inode_bitmap=18, inode_table=34, free_blocks=1911, free_inodes=2032, bg_flags=4
[Ext4Adapter] HACK: Spoofing GDT Entry 1 to avoid System Zone collision
[Ext4Adapter] read_offset: off=139520, block=34, local_off=256
[Ext4Adapter] read_offset: off=12288, block=3, local_off=0
[Ext4Adapter] read_offset: off=4096, block=1, local_off=0
[Ext4Adapter] GDT read: block_bitmap=2, inode_bitmap=18, inode_table=34, free_blocks=1911, free_inodes=2032, bg_flags=4
[Ext4Adapter] HACK: Spoofing GDT Entry 1 to avoid System Zone collision
[Ext4Adapter] read_offset: off=139520, block=34, local_off=256
[Ext4Adapter] read_offset: off=4096, block=1, local_off=0
[Ext4Adapter] GDT read: block_bitmap=2, inode_bitmap=18, inode_table=34, free_blocks=1911, free_inodes=2032, bg_flags=4
[Ext4Adapter] HACK: Spoofing GDT Entry 1 to avoid System Zone collision
[Ext4Adapter] read_offset: off=139520, block=34, local_off=256
[Ext4Adapter] read_offset: off=12288, block=3, local_off=0
[Ext4Adapter] read_offset: off=4096, block=1, local_off=0
[Ext4Adapter] GDT read: block_bitmap=2, inode_bitmap=18, inode_table=34, free_blocks=1911, free_inodes=2032, bg_flags=4
[Ext4Adapter] HACK: Spoofing GDT Entry 1 to avoid System Zone collision
[Ext4Adapter] read_offset: off=139520, block=34, local_off=256
[Ext4Adapter] read_offset: off=4096, block=1, local_off=0
[Ext4Adapter] GDT read: block_bitmap=2, inode_bitmap=18, inode_table=34, free_blocks=1911, free_inodes=2032, bg_flags=4
[Ext4Adapter] HACK: Spoofing GDT Entry 1 to avoid System Zone collision
[Ext4Adapter] read_offset: off=139520, block=34, local_off=256
[Ext4Adapter] read_offset: off=12288, block=3, local_off=0
[Ext4Adapter] read_offset: off=4096, block=1, local_off=0
[Ext4Adapter] GDT read: block_bitmap=2, inode_bitmap=18, inode_table=34, free_blocks=1911, free_inodes=2032, bg_flags=4
[Ext4Adapter] HACK: Spoofing GDT Entry 1 to avoid System Zone collision
[Ext4Adapter] read_offset: off=139520, block=34, local_off=256
[Ext4Adapter] read_offset: off=4096, block=1, local_off=0
[Ext4Adapter] GDT read: block_bitmap=2, inode_bitmap=18, inode_table=34, free_blocks=1911, free_inodes=2032, bg_flags=4
[Ext4Adapter] HACK: Spoofing GDT Entry 1 to avoid System Zone collision
[Ext4Adapter] read_offset: off=139520, block=34, local_off=256
[Ext4Adapter] read_offset: off=12288, block=3, local_off=0
[Ext4Adapter] read_offset: off=4096, block=1, local_off=0
[Ext4Adapter] GDT read: block_bitmap=2, inode_bitmap=18, inode_table=34, free_blocks=1911, free_inodes=2032, bg_flags=4
[Ext4Adapter] HACK: Spoofing GDT Entry 1 to avoid System Zone collision
[Ext4Adapter] read_offset: off=139520, block=34, local_off=256
[Ext4Adapter] read_offset: off=4096, block=1, local_off=0
[Ext4Adapter] GDT read: block_bitmap=2, inode_bitmap=18, inode_table=34, free_blocks=1911, free_inodes=2032, bg_flags=4
[Ext4Adapter] HACK: Spoofing GDT Entry 1 to avoid System Zone collision
[Ext4Adapter] read_offset: off=139520, block=34, local_off=256
[Ext4Adapter] read_offset: off=12288, block=3, local_off=0
[32m[ok] Test passed[0m

[33m=======================================[0m
[33mRunning test: os::fs::tests::ext4::ext4_basic::test_ext4_read_at_offset[0m
[Ext4Adapter] Created adapter with block_size: 4096
[Ext4Adapter] read_offset: off=1024, block=0, local_off=1024
[Ext4Adapter] SB read: blocks_count=2048, r_blocks_count=0, free_blocks=1911, first_data_block=0, log_block_size=2, blocks_per_group=32768, desc_size=64
[Ext4Adapter] SB read: inodes_count=2048, inodes_per_group=2048, reserved_gdt_blocks=0
[Ext4Adapter] SB features (orig): compat=8, incompat=2c2, ro_compat=6b
[Ext4Adapter] HACK: Spoofing s_blocks_count to 65536 to force 2 block groups
[Ext4Adapter] read_offset: off=4096, block=1, local_off=0
[Ext4Adapter] GDT read: block_bitmap=2, inode_bitmap=18, inode_table=34, free_blocks=1911, free_inodes=2037, bg_flags=4
[Ext4Adapter] HACK: Spoofing GDT Entry 1 to avoid System Zone collision
[Ext4Adapter] read_offset: off=4096, block=1, local_off=0
[Ext4Adapter] GDT read: block_bitmap=2, inode_bitmap=18, inode_table=34, free_blocks=1911, free_inodes=2037, bg_flags=4
[Ext4Adapter] HACK: Spoofing GDT Entry 1 to avoid System Zone collision
[Ext4Adapter] read_offset: off=4096, block=1, local_off=0
[Ext4Adapter] GDT read: block_bitmap=2, inode_bitmap=18, inode_table=34, free_blocks=1911, free_inodes=2037, bg_flags=4
[Ext4Adapter] HACK: Spoofing GDT Entry 1 to avoid System Zone collision
[Ext4Adapter] read_offset: off=139520, block=34, local_off=256
[Ext4Adapter] read_offset: off=4096, block=1, local_off=0
[Ext4Adapter] GDT read: block_bitmap=2, inode_bitmap=18, inode_table=34, free_blocks=1911, free_inodes=2037, bg_flags=4
[Ext4Adapter] HACK: Spoofing GDT Entry 1 to avoid System Zone collision
[Ext4Adapter] read_offset: off=139520, block=34, local_off=256
[Ext4Adapter] read_offset: off=4096, block=1, local_off=0
[Ext4Adapter] GDT read: block_bitmap=2, inode_bitmap=18, inode_table=34, free_blocks=1911, free_inodes=2037, bg_flags=4
[Ext4Adapter] HACK: Spoofing GDT Entry 1 to avoid System Zone collision
[Ext4Adapter] read_offset: off=139520, block=34, local_off=256
[Ext4Adapter] read_offset: off=12288, block=3, local_off=0
[Ext4Adapter] read_offset: off=4096, block=1, local_off=0
[Ext4Adapter] GDT read: block_bitmap=2, inode_bitmap=18, inode_table=34, free_blocks=1911, free_inodes=2037, bg_flags=4
[Ext4Adapter] HACK: Spoofing GDT Entry 1 to avoid System Zone collision
[Ext4Adapter] read_offset: off=139520, block=34, local_off=256
[Ext4Adapter] read_offset: off=4096, block=1, local_off=0
[Ext4Adapter] GDT read: block_bitmap=2, inode_bitmap=18, inode_table=34, free_blocks=1911, free_inodes=2037, bg_flags=4
[Ext4Adapter] HACK: Spoofing GDT Entry 1 to avoid System Zone collision
[Ext4Adapter] read_offset: off=73728, block=18, local_off=0
[Ext4Adapter] Reading Block 18 (Inode Bitmap): zeros=254, first_bytes=[ff, 07, 00, 00, 00, 00, 00, 00, 00, 00, 00, 00, 00, 00, 00, 00]
[Ext4Adapter] write_offset success: off=73728, block=18
[Ext4Adapter] read_offset: off=4096, block=1, local_off=0
[Ext4Adapter] GDT read: block_bitmap=2, inode_bitmap=18, inode_table=34, free_blocks=1911, free_inodes=2036, bg_flags=4
[Ext4Adapter] HACK: Spoofing GDT Entry 1 to avoid System Zone collision
[Ext4Adapter] read_offset: off=4096, block=1, local_off=0
[Ext4Adapter] GDT read: block_bitmap=2, inode_bitmap=18, inode_table=34, free_blocks=1911, free_inodes=2036, bg_flags=4
[Ext4Adapter] HACK: Spoofing GDT Entry 1 to avoid System Zone collision
[Ext4Adapter] read_offset: off=142080, block=34, local_off=2816
[Ext4Adapter] read_offset: off=12288, block=3, local_off=0
[Ext4Adapter] write_offset success: off=12288, block=3
[Ext4Adapter] write_offset success: off=12288, block=3
[Ext4Adapter] read_offset: off=4096, block=1, local_off=0
[Ext4Adapter] GDT read: block_bitmap=2, inode_bitmap=18, inode_table=34, free_blocks=1911, free_inodes=2036, bg_flags=4
[Ext4Adapter] HACK: Spoofing GDT Entry 1 to avoid System Zone collision
[Ext4Adapter] read_offset: off=4096, block=1, local_off=0
[Ext4Adapter] GDT read: block_bitmap=2, inode_bitmap=18, inode_table=34, free_blocks=1911, free_inodes=2036, bg_flags=4
[Ext4Adapter] HACK: Spoofing GDT Entry 1 to avoid System Zone collision
[Ext4Adapter] read_offset: off=4096, block=1, local_off=0
[Ext4Adapter] GDT read: block_bitmap=2, inode_bitmap=18, inode_table=34, free_blocks=1911, free_inodes=2036, bg_flags=4
[Ext4Adapter] HACK: Spoofing GDT Entry 1 to avoid System Zone collision
[Ext4Adapter] read_offset: off=4096, block=1, local_off=0
[Ext4Adapter] GDT read: block_bitmap=2, inode_bitmap=18, inode_table=34, free_blocks=1911, free_inodes=2036, bg_flags=4
[Ext4Adapter] HACK: Spoofing GDT Entry 1 to avoid System Zone collision
[Ext4Adapter] read_offset: off=142080, block=34, local_off=2816
[Ext4Adapter] read_offset: off=4096, block=1, local_off=0
[Ext4Adapter] GDT read: block_bitmap=2, inode_bitmap=18, inode_table=34, free_blocks=1911, free_inodes=2036, bg_flags=4
[Ext4Adapter] HACK: Spoofing GDT Entry 1 to avoid System Zone collision
[Ext4Adapter] read_offset: off=4096, block=1, local_off=0
[Ext4Adapter] GDT read: block_bitmap=2, inode_bitmap=18, inode_table=34, free_blocks=1911, free_inodes=2036, bg_flags=4
[Ext4Adapter] HACK: Spoofing GDT Entry 1 to avoid System Zone collision
[Ext4Adapter] read_offset: off=8192, block=2, local_off=0
[Ext4Adapter] Reading Block 2 (Bitmap): zeros=237, first_bytes=[ff, 00, 04, 00, fc, ff, ff, ff, ff, ff, ff, ff, ff, ff, ff, ff]
[Ext4Adapter] write_offset success: off=8192, block=2
[Ext4Adapter] read_offset: off=4096, block=1, local_off=0
[Ext4Adapter] GDT read: block_bitmap=2, inode_bitmap=18, inode_table=34, free_blocks=1910, free_inodes=2036, bg_flags=4
[Ext4Adapter] HACK: Spoofing GDT Entry 1 to avoid System Zone collision
[Ext4Adapter] read_offset: off=4096, block=1, local_off=0
[Ext4Adapter] GDT read: block_bitmap=2, inode_bitmap=18, inode_table=34, free_blocks=1910, free_inodes=2036, bg_flags=4
[Ext4Adapter] HACK: Spoofing GDT Entry 1 to avoid System Zone collision
[Ext4Adapter] read_offset: off=4096, block=1, local_off=0
[Ext4Adapter] GDT read: block_bitmap=2, inode_bitmap=18, inode_table=34, free_blocks=1910, free_inodes=2036, bg_flags=4
[Ext4Adapter] HACK: Spoofing GDT Entry 1 to avoid System Zone collision
[Ext4Adapter] read_offset: off=32768, block=8, local_off=0
[Ext4Adapter] read_offset: off=32768, block=8, local_off=0
[Ext4Adapter] write_offset success: off=32768, block=8
[Ext4Adapter] read_offset: off=32768, block=8, local_off=0
[Ext4Adapter] read_offset: off=4096, block=1, local_off=0
[Ext4Adapter] GDT read: block_bitmap=2, inode_bitmap=18, inode_table=34, free_blocks=1910, free_inodes=2036, bg_flags=4
[Ext4Adapter] HACK: Spoofing GDT Entry 1 to avoid System Zone collision
[Ext4Adapter] read_offset: off=4096, block=1, local_off=0
[Ext4Adapter] GDT read: block_bitmap=2, inode_bitmap=18, inode_table=34, free_blocks=1910, free_inodes=2036, bg_flags=4
[Ext4Adapter] HACK: Spoofing GDT Entry 1 to avoid System Zone collision
[Ext4Adapter] read_offset: off=142080, block=34, local_off=2816
[Ext4Adapter] read_offset: off=4096, block=1, local_off=0
[Ext4Adapter] GDT read: block_bitmap=2, inode_bitmap=18, inode_table=34, free_blocks=1910, free_inodes=2036, bg_flags=4
[Ext4Adapter] HACK: Spoofing GDT Entry 1 to avoid System Zone collision
[Ext4Adapter] read_offset: off=142080, block=34, local_off=2816
[Ext4Adapter] read_offset: off=32768, block=8, local_off=0
[32m[ok] Test passed[0m

[33m=======================================[0m
[33mRunning test: os::fs::tests::ext4::ext4_basic::test_ext4_read_beyond_eof[0m
[Ext4Adapter] Created adapter with block_size: 4096
[Ext4Adapter] read_offset: off=1024, block=0, local_off=1024
[Ext4Adapter] SB read: blocks_count=2048, r_blocks_count=0, free_blocks=1911, first_data_block=0, log_block_size=2, blocks_per_group=32768, desc_size=64
[Ext4Adapter] SB read: inodes_count=2048, inodes_per_group=2048, reserved_gdt_blocks=0
[Ext4Adapter] SB features (orig): compat=8, incompat=2c2, ro_compat=6b
[Ext4Adapter] HACK: Spoofing s_blocks_count to 65536 to force 2 block groups
[Ext4Adapter] read_offset: off=4096, block=1, local_off=0
[Ext4Adapter] GDT read: block_bitmap=2, inode_bitmap=18, inode_table=34, free_blocks=1911, free_inodes=2037, bg_flags=4
[Ext4Adapter] HACK: Spoofing GDT Entry 1 to avoid System Zone collision
[Ext4Adapter] read_offset: off=4096, block=1, local_off=0
[Ext4Adapter] GDT read: block_bitmap=2, inode_bitmap=18, inode_table=34, free_blocks=1911, free_inodes=2037, bg_flags=4
[Ext4Adapter] HACK: Spoofing GDT Entry 1 to avoid System Zone collision
[Ext4Adapter] read_offset: off=4096, block=1, local_off=0
[Ext4Adapter] GDT read: block_bitmap=2, inode_bitmap=18, inode_table=34, free_blocks=1911, free_inodes=2037, bg_flags=4
[Ext4Adapter] HACK: Spoofing GDT Entry 1 to avoid System Zone collision
[Ext4Adapter] read_offset: off=139520, block=34, local_off=256
[Ext4Adapter] read_offset: off=4096, block=1, local_off=0
[Ext4Adapter] GDT read: block_bitmap=2, inode_bitmap=18, inode_table=34, free_blocks=1911, free_inodes=2037, bg_flags=4
[Ext4Adapter] HACK: Spoofing GDT Entry 1 to avoid System Zone collision
[Ext4Adapter] read_offset: off=139520, block=34, local_off=256
[Ext4Adapter] read_offset: off=4096, block=1, local_off=0
[Ext4Adapter] GDT read: block_bitmap=2, inode_bitmap=18, inode_table=34, free_blocks=1911, free_inodes=2037, bg_flags=4
[Ext4Adapter] HACK: Spoofing GDT Entry 1 to avoid System Zone collision
[Ext4Adapter] read_offset: off=139520, block=34, local_off=256
[Ext4Adapter] read_offset: off=12288, block=3, local_off=0
[Ext4Adapter] read_offset: off=4096, block=1, local_off=0
[Ext4Adapter] GDT read: block_bitmap=2, inode_bitmap=18, inode_table=34, free_blocks=1911, free_inodes=2037, bg_flags=4
[Ext4Adapter] HACK: Spoofing GDT Entry 1 to avoid System Zone collision
[Ext4Adapter] read_offset: off=139520, block=34, local_off=256
[Ext4Adapter] read_offset: off=4096, block=1, local_off=0
[Ext4Adapter] GDT read: block_bitmap=2, inode_bitmap=18, inode_table=34, free_blocks=1911, free_inodes=2037, bg_flags=4
[Ext4Adapter] HACK: Spoofing GDT Entry 1 to avoid System Zone collision
[Ext4Adapter] read_offset: off=73728, block=18, local_off=0
[Ext4Adapter] Reading Block 18 (Inode Bitmap): zeros=254, first_bytes=[ff, 07, 00, 00, 00, 00, 00, 00, 00, 00, 00, 00, 00, 00, 00, 00]
[Ext4Adapter] write_offset success: off=73728, block=18
[Ext4Adapter] read_offset: off=4096, block=1, local_off=0
[Ext4Adapter] GDT read: block_bitmap=2, inode_bitmap=18, inode_table=34, free_blocks=1911, free_inodes=2036, bg_flags=4
[Ext4Adapter] HACK: Spoofing GDT Entry 1 to avoid System Zone collision
[Ext4Adapter] read_offset: off=4096, block=1, local_off=0
[Ext4Adapter] GDT read: block_bitmap=2, inode_bitmap=18, inode_table=34, free_blocks=1911, free_inodes=2036, bg_flags=4
[Ext4Adapter] HACK: Spoofing GDT Entry 1 to avoid System Zone collision
[Ext4Adapter] read_offset: off=142080, block=34, local_off=2816
[Ext4Adapter] read_offset: off=12288, block=3, local_off=0
[Ext4Adapter] write_offset success: off=12288, block=3
[Ext4Adapter] write_offset success: off=12288, block=3
[Ext4Adapter] read_offset: off=4096, block=1, local_off=0
[Ext4Adapter] GDT read: block_bitmap=2, inode_bitmap=18, inode_table=34, free_blocks=1911, free_inodes=2036, bg_flags=4
[Ext4Adapter] HACK: Spoofing GDT Entry 1 to avoid System Zone collision
[Ext4Adapter] read_offset: off=4096, block=1, local_off=0
[Ext4Adapter] GDT read: block_bitmap=2, inode_bitmap=18, inode_table=34, free_blocks=1911, free_inodes=2036, bg_flags=4
[Ext4Adapter] HACK: Spoofing GDT Entry 1 to avoid System Zone collision
[Ext4Adapter] read_offset: off=4096, block=1, local_off=0
[Ext4Adapter] GDT read: block_bitmap=2, inode_bitmap=18, inode_table=34, free_blocks=1911, free_inodes=2036, bg_flags=4
[Ext4Adapter] HACK: Spoofing GDT Entry 1 to avoid System Zone collision
[Ext4Adapter] read_offset: off=4096, block=1, local_off=0
[Ext4Adapter] GDT read: block_bitmap=2, inode_bitmap=18, inode_table=34, free_blocks=1911, free_inodes=2036, bg_flags=4
[Ext4Adapter] HACK: Spoofing GDT Entry 1 to avoid System Zone collision
[Ext4Adapter] read_offset: off=142080, block=34, local_off=2816
[Ext4Adapter] read_offset: off=4096, block=1, local_off=0
[Ext4Adapter] GDT read: block_bitmap=2, inode_bitmap=18, inode_table=34, free_blocks=1911, free_inodes=2036, bg_flags=4
[Ext4Adapter] HACK: Spoofing GDT Entry 1 to avoid System Zone collision
[Ext4Adapter] read_offset: off=4096, block=1, local_off=0
[Ext4Adapter] GDT read: block_bitmap=2, inode_bitmap=18, inode_table=34, free_blocks=1911, free_inodes=2036, bg_flags=4
[Ext4Adapter] HACK: Spoofing GDT Entry 1 to avoid System Zone collision
[Ext4Adapter] read_offset: off=8192, block=2, local_off=0
[Ext4Adapter] Reading Block 2 (Bitmap): zeros=237, first_bytes=[ff, 00, 04, 00, fc, ff, ff, ff, ff, ff, ff, ff, ff, ff, ff, ff]
[Ext4Adapter] write_offset success: off=8192, block=2
[Ext4Adapter] read_offset: off=4096, block=1, local_off=0
[Ext4Adapter] GDT read: block_bitmap=2, inode_bitmap=18, inode_table=34, free_blocks=1910, free_inodes=2036, bg_flags=4
[Ext4Adapter] HACK: Spoofing GDT Entry 1 to avoid System Zone collision
[Ext4Adapter] read_offset: off=4096, block=1, local_off=0
[Ext4Adapter] GDT read: block_bitmap=2, inode_bitmap=18, inode_table=34, free_blocks=1910, free_inodes=2036, bg_flags=4
[Ext4Adapter] HACK: Spoofing GDT Entry 1 to avoid System Zone collision
[Ext4Adapter] read_offset: off=4096, block=1, local_off=0
[Ext4Adapter] GDT read: block_bitmap=2, inode_bitmap=18, inode_table=34, free_blocks=1910, free_inodes=2036, bg_flags=4
[Ext4Adapter] HACK: Spoofing GDT Entry 1 to avoid System Zone collision
[Ext4Adapter] read_offset: off=32768, block=8, local_off=0
[Ext4Adapter] read_offset: off=32768, block=8, local_off=0
[Ext4Adapter] write_offset success: off=32768, block=8
[Ext4Adapter] read_offset: off=32768, block=8, local_off=0
[Ext4Adapter] read_offset: off=4096, block=1, local_off=0
[Ext4Adapter] GDT read: block_bitmap=2, inode_bitmap=18, inode_table=34, free_blocks=1910, free_inodes=2036, bg_flags=4
[Ext4Adapter] HACK: Spoofing GDT Entry 1 to avoid System Zone collision
[Ext4Adapter] read_offset: off=4096, block=1, local_off=0
[Ext4Adapter] GDT read: block_bitmap=2, inode_bitmap=18, inode_table=34, free_blocks=1910, free_inodes=2036, bg_flags=4
[Ext4Adapter] HACK: Spoofing GDT Entry 1 to avoid System Zone collision
[Ext4Adapter] read_offset: off=142080, block=34, local_off=2816
[Ext4Adapter] read_offset: off=4096, block=1, local_off=0
[Ext4Adapter] GDT read: block_bitmap=2, inode_bitmap=18, inode_table=34, free_blocks=1910, free_inodes=2036, bg_flags=4
[Ext4Adapter] HACK: Spoofing GDT Entry 1 to avoid System Zone collision
[Ext4Adapter] read_offset: off=142080, block=34, local_off=2816
[Ext4Adapter] read_offset: off=32768, block=8, local_off=0
[32m[ok] Test passed[0m

[33m=======================================[0m
[33mRunning test: os::fs::tests::ext4::ext4_basic::test_ext4_truncate[0m
[Ext4Adapter] Created adapter with block_size: 4096
[Ext4Adapter] read_offset: off=1024, block=0, local_off=1024
[Ext4Adapter] SB read: blocks_count=2048, r_blocks_count=0, free_blocks=1911, first_data_block=0, log_block_size=2, blocks_per_group=32768, desc_size=64
[Ext4Adapter] SB read: inodes_count=2048, inodes_per_group=2048, reserved_gdt_blocks=0
[Ext4Adapter] SB features (orig): compat=8, incompat=2c2, ro_compat=6b
[Ext4Adapter] HACK: Spoofing s_blocks_count to 65536 to force 2 block groups
[Ext4Adapter] read_offset: off=4096, block=1, local_off=0
[Ext4Adapter] GDT read: block_bitmap=2, inode_bitmap=18, inode_table=34, free_blocks=1911, free_inodes=2037, bg_flags=4
[Ext4Adapter] HACK: Spoofing GDT Entry 1 to avoid System Zone collision
[Ext4Adapter] read_offset: off=4096, block=1, local_off=0
[Ext4Adapter] GDT read: block_bitmap=2, inode_bitmap=18, inode_table=34, free_blocks=1911, free_inodes=2037, bg_flags=4
[Ext4Adapter] HACK: Spoofing GDT Entry 1 to avoid System Zone collision
[Ext4Adapter] read_offset: off=4096, block=1, local_off=0
[Ext4Adapter] GDT read: block_bitmap=2, inode_bitmap=18, inode_table=34, free_blocks=1911, free_inodes=2037, bg_flags=4
[Ext4Adapter] HACK: Spoofing GDT Entry 1 to avoid System Zone collision
[Ext4Adapter] read_offset: off=139520, block=34, local_off=256
[Ext4Adapter] read_offset: off=4096, block=1, local_off=0
[Ext4Adapter] GDT read: block_bitmap=2, inode_bitmap=18, inode_table=34, free_blocks=1911, free_inodes=2037, bg_flags=4
[Ext4Adapter] HACK: Spoofing GDT Entry 1 to avoid System Zone collision
[Ext4Adapter] read_offset: off=139520, block=34, local_off=256
[Ext4Adapter] read_offset: off=4096, block=1, local_off=0
[Ext4Adapter] GDT read: block_bitmap=2, inode_bitmap=18, inode_table=34, free_blocks=1911, free_inodes=2037, bg_flags=4
[Ext4Adapter] HACK: Spoofing GDT Entry 1 to avoid System Zone collision
[Ext4Adapter] read_offset: off=139520, block=34, local_off=256
[Ext4Adapter] read_offset: off=12288, block=3, local_off=0
[Ext4Adapter] read_offset: off=4096, block=1, local_off=0
[Ext4Adapter] GDT read: block_bitmap=2, inode_bitmap=18, inode_table=34, free_blocks=1911, free_inodes=2037, bg_flags=4
[Ext4Adapter] HACK: Spoofing GDT Entry 1 to avoid System Zone collision
[Ext4Adapter] read_offset: off=139520, block=34, local_off=256
[Ext4Adapter] read_offset: off=4096, block=1, local_off=0
[Ext4Adapter] GDT read: block_bitmap=2, inode_bitmap=18, inode_table=34, free_blocks=1911, free_inodes=2037, bg_flags=4
[Ext4Adapter] HACK: Spoofing GDT Entry 1 to avoid System Zone collision
[Ext4Adapter] read_offset: off=73728, block=18, local_off=0
[Ext4Adapter] Reading Block 18 (Inode Bitmap): zeros=254, first_bytes=[ff, 07, 00, 00, 00, 00, 00, 00, 00, 00, 00, 00, 00, 00, 00, 00]
[Ext4Adapter] write_offset success: off=73728, block=18
[Ext4Adapter] read_offset: off=4096, block=1, local_off=0
[Ext4Adapter] GDT read: block_bitmap=2, inode_bitmap=18, inode_table=34, free_blocks=1911, free_inodes=2036, bg_flags=4
[Ext4Adapter] HACK: Spoofing GDT Entry 1 to avoid System Zone collision
[Ext4Adapter] read_offset: off=4096, block=1, local_off=0
[Ext4Adapter] GDT read: block_bitmap=2, inode_bitmap=18, inode_table=34, free_blocks=1911, free_inodes=2036, bg_flags=4
[Ext4Adapter] HACK: Spoofing GDT Entry 1 to avoid System Zone collision
[Ext4Adapter] read_offset: off=142080, block=34, local_off=2816
[Ext4Adapter] read_offset: off=12288, block=3, local_off=0
[Ext4Adapter] write_offset success: off=12288, block=3
[Ext4Adapter] write_offset success: off=12288, block=3
[Ext4Adapter] read_offset: off=4096, block=1, local_off=0
[Ext4Adapter] GDT read: block_bitmap=2, inode_bitmap=18, inode_table=34, free_blocks=1911, free_inodes=2036, bg_flags=4
[Ext4Adapter] HACK: Spoofing GDT Entry 1 to avoid System Zone collision
[Ext4Adapter] read_offset: off=4096, block=1, local_off=0
[Ext4Adapter] GDT read: block_bitmap=2, inode_bitmap=18, inode_table=34, free_blocks=1911, free_inodes=2036, bg_flags=4
[Ext4Adapter] HACK: Spoofing GDT Entry 1 to avoid System Zone collision
[Ext4Adapter] read_offset: off=4096, block=1, local_off=0
[Ext4Adapter] GDT read: block_bitmap=2, inode_bitmap=18, inode_table=34, free_blocks=1911, free_inodes=2036, bg_flags=4
[Ext4Adapter] HACK: Spoofing GDT Entry 1 to avoid System Zone collision
[Ext4Adapter] read_offset: off=4096, block=1, local_off=0
[Ext4Adapter] GDT read: block_bitmap=2, inode_bitmap=18, inode_table=34, free_blocks=1911, free_inodes=2036, bg_flags=4
[Ext4Adapter] HACK: Spoofing GDT Entry 1 to avoid System Zone collision
[Ext4Adapter] read_offset: off=142080, block=34, local_off=2816
[Ext4Adapter] read_offset: off=4096, block=1, local_off=0
[Ext4Adapter] GDT read: block_bitmap=2, inode_bitmap=18, inode_table=34, free_blocks=1911, free_inodes=2036, bg_flags=4
[Ext4Adapter] HACK: Spoofing GDT Entry 1 to avoid System Zone collision
[Ext4Adapter] read_offset: off=4096, block=1, local_off=0
[Ext4Adapter] GDT read: block_bitmap=2, inode_bitmap=18, inode_table=34, free_blocks=1911, free_inodes=2036, bg_flags=4
[Ext4Adapter] HACK: Spoofing GDT Entry 1 to avoid System Zone collision
[Ext4Adapter] read_offset: off=8192, block=2, local_off=0
[Ext4Adapter] Reading Block 2 (Bitmap): zeros=237, first_bytes=[ff, 00, 04, 00, fc, ff, ff, ff, ff, ff, ff, ff, ff, ff, ff, ff]
[Ext4Adapter] write_offset success: off=8192, block=2
[Ext4Adapter] read_offset: off=4096, block=1, local_off=0
[Ext4Adapter] GDT read: block_bitmap=2, inode_bitmap=18, inode_table=34, free_blocks=1910, free_inodes=2036, bg_flags=4
[Ext4Adapter] HACK: Spoofing GDT Entry 1 to avoid System Zone collision
[Ext4Adapter] read_offset: off=4096, block=1, local_off=0
[Ext4Adapter] GDT read: block_bitmap=2, inode_bitmap=18, inode_table=34, free_blocks=1910, free_inodes=2036, bg_flags=4
[Ext4Adapter] HACK: Spoofing GDT Entry 1 to avoid System Zone collision
[Ext4Adapter] read_offset: off=4096, block=1, local_off=0
[Ext4Adapter] GDT read: block_bitmap=2, inode_bitmap=18, inode_table=34, free_blocks=1910, free_inodes=2036, bg_flags=4
[Ext4Adapter] HACK: Spoofing GDT Entry 1 to avoid System Zone collision
[Ext4Adapter] read_offset: off=32768, block=8, local_off=0
[Ext4Adapter] read_offset: off=32768, block=8, local_off=0
[Ext4Adapter] write_offset success: off=32768, block=8
[Ext4Adapter] read_offset: off=32768, block=8, local_off=0
[Ext4Adapter] read_offset: off=4096, block=1, local_off=0
[Ext4Adapter] GDT read: block_bitmap=2, inode_bitmap=18, inode_table=34, free_blocks=1910, free_inodes=2036, bg_flags=4
[Ext4Adapter] HACK: Spoofing GDT Entry 1 to avoid System Zone collision
[Ext4Adapter] read_offset: off=4096, block=1, local_off=0
[Ext4Adapter] GDT read: block_bitmap=2, inode_bitmap=18, inode_table=34, free_blocks=1910, free_inodes=2036, bg_flags=4
[Ext4Adapter] HACK: Spoofing GDT Entry 1 to avoid System Zone collision
[Ext4Adapter] read_offset: off=142080, block=34, local_off=2816
[Ext4Adapter] read_offset: off=4096, block=1, local_off=0
[Ext4Adapter] GDT read: block_bitmap=2, inode_bitmap=18, inode_table=34, free_blocks=1910, free_inodes=2036, bg_flags=4
[Ext4Adapter] HACK: Spoofing GDT Entry 1 to avoid System Zone collision
[Ext4Adapter] read_offset: off=142080, block=34, local_off=2816
[Ext4Adapter] read_offset: off=4096, block=1, local_off=0
[Ext4Adapter] GDT read: block_bitmap=2, inode_bitmap=18, inode_table=34, free_blocks=1910, free_inodes=2036, bg_flags=4
[Ext4Adapter] HACK: Spoofing GDT Entry 1 to avoid System Zone collision
[Ext4Adapter] read_offset: off=4096, block=1, local_off=0
[Ext4Adapter] GDT read: block_bitmap=2, inode_bitmap=18, inode_table=34, free_blocks=1910, free_inodes=2036, bg_flags=4
[Ext4Adapter] HACK: Spoofing GDT Entry 1 to avoid System Zone collision
[Ext4Adapter] read_offset: off=142080, block=34, local_off=2816
[Ext4Adapter] read_offset: off=4096, block=1, local_off=0
[Ext4Adapter] GDT read: block_bitmap=2, inode_bitmap=18, inode_table=34, free_blocks=1910, free_inodes=2036, bg_flags=4
[Ext4Adapter] HACK: Spoofing GDT Entry 1 to avoid System Zone collision
[Ext4Adapter] read_offset: off=142080, block=34, local_off=2816
[Ext4Adapter] read_offset: off=32768, block=8, local_off=0
[32m[ok] Test passed[0m

[33m=======================================[0m
[33mRunning test: os::fs::tests::ext4::ext4_basic::test_ext4_unlink_nonexistent[0m
[Ext4Adapter] Created adapter with block_size: 4096
[Ext4Adapter] read_offset: off=1024, block=0, local_off=1024
[Ext4Adapter] SB read: blocks_count=2048, r_blocks_count=0, free_blocks=1911, first_data_block=0, log_block_size=2, blocks_per_group=32768, desc_size=64
[Ext4Adapter] SB read: inodes_count=2048, inodes_per_group=2048, reserved_gdt_blocks=0
[Ext4Adapter] SB features (orig): compat=8, incompat=2c2, ro_compat=6b
[Ext4Adapter] HACK: Spoofing s_blocks_count to 65536 to force 2 block groups
[Ext4Adapter] read_offset: off=4096, block=1, local_off=0
[Ext4Adapter] GDT read: block_bitmap=2, inode_bitmap=18, inode_table=34, free_blocks=1911, free_inodes=2037, bg_flags=4
[Ext4Adapter] HACK: Spoofing GDT Entry 1 to avoid System Zone collision
[Ext4Adapter] read_offset: off=4096, block=1, local_off=0
[Ext4Adapter] GDT read: block_bitmap=2, inode_bitmap=18, inode_table=34, free_blocks=1911, free_inodes=2037, bg_flags=4
[Ext4Adapter] HACK: Spoofing GDT Entry 1 to avoid System Zone collision
[Ext4Adapter] read_offset: off=4096, block=1, local_off=0
[Ext4Adapter] GDT read: block_bitmap=2, inode_bitmap=18, inode_table=34, free_blocks=1911, free_inodes=2037, bg_flags=4
[Ext4Adapter] HACK: Spoofing GDT Entry 1 to avoid System Zone collision
[Ext4Adapter] read_offset: off=139520, block=34, local_off=256
[Ext4Adapter] read_offset: off=4096, block=1, local_off=0
[Ext4Adapter] GDT read: block_bitmap=2, inode_bitmap=18, inode_table=34, free_blocks=1911, free_inodes=2037, bg_flags=4
[Ext4Adapter] HACK: Spoofing GDT Entry 1 to avoid System Zone collision
[Ext4Adapter] read_offset: off=139520, block=34, local_off=256
[Ext4Adapter] read_offset: off=4096, block=1, local_off=0
[Ext4Adapter] GDT read: block_bitmap=2, inode_bitmap=18, inode_table=34, free_blocks=1911, free_inodes=2037, bg_flags=4
[Ext4Adapter] HACK: Spoofing GDT Entry 1 to avoid System Zone collision
[Ext4Adapter] read_offset: off=139520, block=34, local_off=256
[Ext4Adapter] read_offset: off=12288, block=3, local_off=0
[32m[ok] Test passed[0m

[33m=======================================[0m
[33mRunning test: os::fs::tests::ext4::ext4_basic::test_ext4_write_and_read[0m
[Ext4Adapter] Created adapter with block_size: 4096
[Ext4Adapter] read_offset: off=1024, block=0, local_off=1024
[Ext4Adapter] SB read: blocks_count=2048, r_blocks_count=0, free_blocks=1911, first_data_block=0, log_block_size=2, blocks_per_group=32768, desc_size=64
[Ext4Adapter] SB read: inodes_count=2048, inodes_per_group=2048, reserved_gdt_blocks=0
[Ext4Adapter] SB features (orig): compat=8, incompat=2c2, ro_compat=6b
[Ext4Adapter] HACK: Spoofing s_blocks_count to 65536 to force 2 block groups
[Ext4Adapter] read_offset: off=4096, block=1, local_off=0
[Ext4Adapter] GDT read: block_bitmap=2, inode_bitmap=18, inode_table=34, free_blocks=1911, free_inodes=2037, bg_flags=4
[Ext4Adapter] HACK: Spoofing GDT Entry 1 to avoid System Zone collision
[Ext4Adapter] read_offset: off=4096, block=1, local_off=0
[Ext4Adapter] GDT read: block_bitmap=2, inode_bitmap=18, inode_table=34, free_blocks=1911, free_inodes=2037, bg_flags=4
[Ext4Adapter] HACK: Spoofing GDT Entry 1 to avoid System Zone collision
[Ext4Adapter] read_offset: off=4096, block=1, local_off=0
[Ext4Adapter] GDT read: block_bitmap=2, inode_bitmap=18, inode_table=34, free_blocks=1911, free_inodes=2037, bg_flags=4
[Ext4Adapter] HACK: Spoofing GDT Entry 1 to avoid System Zone collision
[Ext4Adapter] read_offset: off=139520, block=34, local_off=256
[Ext4Adapter] read_offset: off=4096, block=1, local_off=0
[Ext4Adapter] GDT read: block_bitmap=2, inode_bitmap=18, inode_table=34, free_blocks=1911, free_inodes=2037, bg_flags=4
[Ext4Adapter] HACK: Spoofing GDT Entry 1 to avoid System Zone collision
[Ext4Adapter] read_offset: off=139520, block=34, local_off=256
[Ext4Adapter] read_offset: off=4096, block=1, local_off=0
[Ext4Adapter] GDT read: block_bitmap=2, inode_bitmap=18, inode_table=34, free_blocks=1911, free_inodes=2037, bg_flags=4
[Ext4Adapter] HACK: Spoofing GDT Entry 1 to avoid System Zone collision
[Ext4Adapter] read_offset: off=139520, block=34, local_off=256
[Ext4Adapter] read_offset: off=12288, block=3, local_off=0
[Ext4Adapter] read_offset: off=4096, block=1, local_off=0
[Ext4Adapter] GDT read: block_bitmap=2, inode_bitmap=18, inode_table=34, free_blocks=1911, free_inodes=2037, bg_flags=4
[Ext4Adapter] HACK: Spoofing GDT Entry 1 to avoid System Zone collision
[Ext4Adapter] read_offset: off=139520, block=34, local_off=256
[Ext4Adapter] read_offset: off=4096, block=1, local_off=0
[Ext4Adapter] GDT read: block_bitmap=2, inode_bitmap=18, inode_table=34, free_blocks=1911, free_inodes=2037, bg_flags=4
[Ext4Adapter] HACK: Spoofing GDT Entry 1 to avoid System Zone collision
[Ext4Adapter] read_offset: off=73728, block=18, local_off=0
[Ext4Adapter] Reading Block 18 (Inode Bitmap): zeros=254, first_bytes=[ff, 07, 00, 00, 00, 00, 00, 00, 00, 00, 00, 00, 00, 00, 00, 00]
[Ext4Adapter] write_offset success: off=73728, block=18
[Ext4Adapter] read_offset: off=4096, block=1, local_off=0
[Ext4Adapter] GDT read: block_bitmap=2, inode_bitmap=18, inode_table=34, free_blocks=1911, free_inodes=2036, bg_flags=4
[Ext4Adapter] HACK: Spoofing GDT Entry 1 to avoid System Zone collision
[Ext4Adapter] read_offset: off=4096, block=1, local_off=0
[Ext4Adapter] GDT read: block_bitmap=2, inode_bitmap=18, inode_table=34, free_blocks=1911, free_inodes=2036, bg_flags=4
[Ext4Adapter] HACK: Spoofing GDT Entry 1 to avoid System Zone collision
[Ext4Adapter] read_offset: off=142080, block=34, local_off=2816
[Ext4Adapter] read_offset: off=12288, block=3, local_off=0
[Ext4Adapter] write_offset success: off=12288, block=3
[Ext4Adapter] write_offset success: off=12288, block=3
[Ext4Adapter] read_offset: off=4096, block=1, local_off=0
[Ext4Adapter] GDT read: block_bitmap=2, inode_bitmap=18, inode_table=34, free_blocks=1911, free_inodes=2036, bg_flags=4
[Ext4Adapter] HACK: Spoofing GDT Entry 1 to avoid System Zone collision
[Ext4Adapter] read_offset: off=4096, block=1, local_off=0
[Ext4Adapter] GDT read: block_bitmap=2, inode_bitmap=18, inode_table=34, free_blocks=1911, free_inodes=2036, bg_flags=4
[Ext4Adapter] HACK: Spoofing GDT Entry 1 to avoid System Zone collision
[Ext4Adapter] read_offset: off=4096, block=1, local_off=0
[Ext4Adapter] GDT read: block_bitmap=2, inode_bitmap=18, inode_table=34, free_blocks=1911, free_inodes=2036, bg_flags=4
[Ext4Adapter] HACK: Spoofing GDT Entry 1 to avoid System Zone collision
[Ext4Adapter] read_offset: off=4096, block=1, local_off=0
[Ext4Adapter] GDT read: block_bitmap=2, inode_bitmap=18, inode_table=34, free_blocks=1911, free_inodes=2036, bg_flags=4
[Ext4Adapter] HACK: Spoofing GDT Entry 1 to avoid System Zone collision
[Ext4Adapter] read_offset: off=142080, block=34, local_off=2816
[Ext4Adapter] read_offset: off=4096, block=1, local_off=0
[Ext4Adapter] GDT read: block_bitmap=2, inode_bitmap=18, inode_table=34, free_blocks=1911, free_inodes=2036, bg_flags=4
[Ext4Adapter] HACK: Spoofing GDT Entry 1 to avoid System Zone collision
[Ext4Adapter] read_offset: off=4096, block=1, local_off=0
[Ext4Adapter] GDT read: block_bitmap=2, inode_bitmap=18, inode_table=34, free_blocks=1911, free_inodes=2036, bg_flags=4
[Ext4Adapter] HACK: Spoofing GDT Entry 1 to avoid System Zone collision
[Ext4Adapter] read_offset: off=8192, block=2, local_off=0
[Ext4Adapter] Reading Block 2 (Bitmap): zeros=237, first_bytes=[ff, 00, 04, 00, fc, ff, ff, ff, ff, ff, ff, ff, ff, ff, ff, ff]
[Ext4Adapter] write_offset success: off=8192, block=2
[Ext4Adapter] read_offset: off=4096, block=1, local_off=0
[Ext4Adapter] GDT read: block_bitmap=2, inode_bitmap=18, inode_table=34, free_blocks=1910, free_inodes=2036, bg_flags=4
[Ext4Adapter] HACK: Spoofing GDT Entry 1 to avoid System Zone collision
[Ext4Adapter] read_offset: off=4096, block=1, local_off=0
[Ext4Adapter] GDT read: block_bitmap=2, inode_bitmap=18, inode_table=34, free_blocks=1910, free_inodes=2036, bg_flags=4
[Ext4Adapter] HACK: Spoofing GDT Entry 1 to avoid System Zone collision
[Ext4Adapter] read_offset: off=4096, block=1, local_off=0
[Ext4Adapter] GDT read: block_bitmap=2, inode_bitmap=18, inode_table=34, free_blocks=1910, free_inodes=2036, bg_flags=4
[Ext4Adapter] HACK: Spoofing GDT Entry 1 to avoid System Zone collision
[Ext4Adapter] read_offset: off=32768, block=8, local_off=0
[Ext4Adapter] read_offset: off=32768, block=8, local_off=0
[Ext4Adapter] write_offset success: off=32768, block=8
[Ext4Adapter] read_offset: off=32768, block=8, local_off=0
[Ext4Adapter] read_offset: off=4096, block=1, local_off=0
[Ext4Adapter] GDT read: block_bitmap=2, inode_bitmap=18, inode_table=34, free_blocks=1910, free_inodes=2036, bg_flags=4
[Ext4Adapter] HACK: Spoofing GDT Entry 1 to avoid System Zone collision
[Ext4Adapter] read_offset: off=4096, block=1, local_off=0
[Ext4Adapter] GDT read: block_bitmap=2, inode_bitmap=18, inode_table=34, free_blocks=1910, free_inodes=2036, bg_flags=4
[Ext4Adapter] HACK: Spoofing GDT Entry 1 to avoid System Zone collision
[Ext4Adapter] read_offset: off=142080, block=34, local_off=2816
[Ext4Adapter] read_offset: off=4096, block=1, local_off=0
[Ext4Adapter] GDT read: block_bitmap=2, inode_bitmap=18, inode_table=34, free_blocks=1910, free_inodes=2036, bg_flags=4
[Ext4Adapter] HACK: Spoofing GDT Entry 1 to avoid System Zone collision
[Ext4Adapter] read_offset: off=142080, block=34, local_off=2816
[Ext4Adapter] read_offset: off=32768, block=8, local_off=0
[32m[ok] Test passed[0m

[33m=======================================[0m
[33mRunning test: os::fs::tests::ext4::ext4_basic::test_ext4_write_at_offset[0m
[Ext4Adapter] Created adapter with block_size: 4096
[Ext4Adapter] read_offset: off=1024, block=0, local_off=1024
[Ext4Adapter] SB read: blocks_count=2048, r_blocks_count=0, free_blocks=1911, first_data_block=0, log_block_size=2, blocks_per_group=32768, desc_size=64
[Ext4Adapter] SB read: inodes_count=2048, inodes_per_group=2048, reserved_gdt_blocks=0
[Ext4Adapter] SB features (orig): compat=8, incompat=2c2, ro_compat=6b
[Ext4Adapter] HACK: Spoofing s_blocks_count to 65536 to force 2 block groups
[Ext4Adapter] read_offset: off=4096, block=1, local_off=0
[Ext4Adapter] GDT read: block_bitmap=2, inode_bitmap=18, inode_table=34, free_blocks=1911, free_inodes=2037, bg_flags=4
[Ext4Adapter] HACK: Spoofing GDT Entry 1 to avoid System Zone collision
[Ext4Adapter] read_offset: off=4096, block=1, local_off=0
[Ext4Adapter] GDT read: block_bitmap=2, inode_bitmap=18, inode_table=34, free_blocks=1911, free_inodes=2037, bg_flags=4
[Ext4Adapter] HACK: Spoofing GDT Entry 1 to avoid System Zone collision
[Ext4Adapter] read_offset: off=4096, block=1, local_off=0
[Ext4Adapter] GDT read: block_bitmap=2, inode_bitmap=18, inode_table=34, free_blocks=1911, free_inodes=2037, bg_flags=4
[Ext4Adapter] HACK: Spoofing GDT Entry 1 to avoid System Zone collision
[Ext4Adapter] read_offset: off=139520, block=34, local_off=256
[Ext4Adapter] read_offset: off=4096, block=1, local_off=0
[Ext4Adapter] GDT read: block_bitmap=2, inode_bitmap=18, inode_table=34, free_blocks=1911, free_inodes=2037, bg_flags=4
[Ext4Adapter] HACK: Spoofing GDT Entry 1 to avoid System Zone collision
[Ext4Adapter] read_offset: off=139520, block=34, local_off=256
[Ext4Adapter] read_offset: off=4096, block=1, local_off=0
[Ext4Adapter] GDT read: block_bitmap=2, inode_bitmap=18, inode_table=34, free_blocks=1911, free_inodes=2037, bg_flags=4
[Ext4Adapter] HACK: Spoofing GDT Entry 1 to avoid System Zone collision
[Ext4Adapter] read_offset: off=139520, block=34, local_off=256
[Ext4Adapter] read_offset: off=12288, block=3, local_off=0
[Ext4Adapter] read_offset: off=4096, block=1, local_off=0
[Ext4Adapter] GDT read: block_bitmap=2, inode_bitmap=18, inode_table=34, free_blocks=1911, free_inodes=2037, bg_flags=4
[Ext4Adapter] HACK: Spoofing GDT Entry 1 to avoid System Zone collision
[Ext4Adapter] read_offset: off=139520, block=34, local_off=256
[Ext4Adapter] read_offset: off=4096, block=1, local_off=0
[Ext4Adapter] GDT read: block_bitmap=2, inode_bitmap=18, inode_table=34, free_blocks=1911, free_inodes=2037, bg_flags=4
[Ext4Adapter] HACK: Spoofing GDT Entry 1 to avoid System Zone collision
[Ext4Adapter] read_offset: off=73728, block=18, local_off=0
[Ext4Adapter] Reading Block 18 (Inode Bitmap): zeros=254, first_bytes=[ff, 07, 00, 00, 00, 00, 00, 00, 00, 00, 00, 00, 00, 00, 00, 00]
[Ext4Adapter] write_offset success: off=73728, block=18
[Ext4Adapter] read_offset: off=4096, block=1, local_off=0
[Ext4Adapter] GDT read: block_bitmap=2, inode_bitmap=18, inode_table=34, free_blocks=1911, free_inodes=2036, bg_flags=4
[Ext4Adapter] HACK: Spoofing GDT Entry 1 to avoid System Zone collision
[Ext4Adapter] read_offset: off=4096, block=1, local_off=0
[Ext4Adapter] GDT read: block_bitmap=2, inode_bitmap=18, inode_table=34, free_blocks=1911, free_inodes=2036, bg_flags=4
[Ext4Adapter] HACK: Spoofing GDT Entry 1 to avoid System Zone collision
[Ext4Adapter] read_offset: off=142080, block=34, local_off=2816
[Ext4Adapter] read_offset: off=12288, block=3, local_off=0
[Ext4Adapter] write_offset success: off=12288, block=3
[Ext4Adapter] write_offset success: off=12288, block=3
[Ext4Adapter] read_offset: off=4096, block=1, local_off=0
[Ext4Adapter] GDT read: block_bitmap=2, inode_bitmap=18, inode_table=34, free_blocks=1911, free_inodes=2036, bg_flags=4
[Ext4Adapter] HACK: Spoofing GDT Entry 1 to avoid System Zone collision
[Ext4Adapter] read_offset: off=4096, block=1, local_off=0
[Ext4Adapter] GDT read: block_bitmap=2, inode_bitmap=18, inode_table=34, free_blocks=1911, free_inodes=2036, bg_flags=4
[Ext4Adapter] HACK: Spoofing GDT Entry 1 to avoid System Zone collision
[Ext4Adapter] read_offset: off=4096, block=1, local_off=0
[Ext4Adapter] GDT read: block_bitmap=2, inode_bitmap=18, inode_table=34, free_blocks=1911, free_inodes=2036, bg_flags=4
[Ext4Adapter] HACK: Spoofing GDT Entry 1 to avoid System Zone collision
[Ext4Adapter] read_offset: off=4096, block=1, local_off=0
[Ext4Adapter] GDT read: block_bitmap=2, inode_bitmap=18, inode_table=34, free_blocks=1911, free_inodes=2036, bg_flags=4
[Ext4Adapter] HACK: Spoofing GDT Entry 1 to avoid System Zone collision
[Ext4Adapter] read_offset: off=142080, block=34, local_off=2816
[Ext4Adapter] read_offset: off=4096, block=1, local_off=0
[Ext4Adapter] GDT read: block_bitmap=2, inode_bitmap=18, inode_table=34, free_blocks=1911, free_inodes=2036, bg_flags=4
[Ext4Adapter] HACK: Spoofing GDT Entry 1 to avoid System Zone collision
[Ext4Adapter] read_offset: off=4096, block=1, local_off=0
[Ext4Adapter] GDT read: block_bitmap=2, inode_bitmap=18, inode_table=34, free_blocks=1911, free_inodes=2036, bg_flags=4
[Ext4Adapter] HACK: Spoofing GDT Entry 1 to avoid System Zone collision
[Ext4Adapter] read_offset: off=8192, block=2, local_off=0
[Ext4Adapter] Reading Block 2 (Bitmap): zeros=237, first_bytes=[ff, 00, 04, 00, fc, ff, ff, ff, ff, ff, ff, ff, ff, ff, ff, ff]
[Ext4Adapter] write_offset success: off=8192, block=2
[Ext4Adapter] read_offset: off=4096, block=1, local_off=0
[Ext4Adapter] GDT read: block_bitmap=2, inode_bitmap=18, inode_table=34, free_blocks=1910, free_inodes=2036, bg_flags=4
[Ext4Adapter] HACK: Spoofing GDT Entry 1 to avoid System Zone collision
[Ext4Adapter] read_offset: off=4096, block=1, local_off=0
[Ext4Adapter] GDT read: block_bitmap=2, inode_bitmap=18, inode_table=34, free_blocks=1910, free_inodes=2036, bg_flags=4
[Ext4Adapter] HACK: Spoofing GDT Entry 1 to avoid System Zone collision
[Ext4Adapter] read_offset: off=4096, block=1, local_off=0
[Ext4Adapter] GDT read: block_bitmap=2, inode_bitmap=18, inode_table=34, free_blocks=1910, free_inodes=2036, bg_flags=4
[Ext4Adapter] HACK: Spoofing GDT Entry 1 to avoid System Zone collision
[Ext4Adapter] read_offset: off=32768, block=8, local_off=0
[Ext4Adapter] read_offset: off=32768, block=8, local_off=0
[Ext4Adapter] write_offset success: off=32768, block=8
[Ext4Adapter] read_offset: off=32768, block=8, local_off=0
[Ext4Adapter] read_offset: off=4096, block=1, local_off=0
[Ext4Adapter] GDT read: block_bitmap=2, inode_bitmap=18, inode_table=34, free_blocks=1910, free_inodes=2036, bg_flags=4
[Ext4Adapter] HACK: Spoofing GDT Entry 1 to avoid System Zone collision
[Ext4Adapter] read_offset: off=4096, block=1, local_off=0
[Ext4Adapter] GDT read: block_bitmap=2, inode_bitmap=18, inode_table=34, free_blocks=1910, free_inodes=2036, bg_flags=4
[Ext4Adapter] HACK: Spoofing GDT Entry 1 to avoid System Zone collision
[Ext4Adapter] read_offset: off=142080, block=34, local_off=2816
[Ext4Adapter] read_offset: off=4096, block=1, local_off=0
[Ext4Adapter] GDT read: block_bitmap=2, inode_bitmap=18, inode_table=34, free_blocks=1910, free_inodes=2036, bg_flags=4
[Ext4Adapter] HACK: Spoofing GDT Entry 1 to avoid System Zone collision
[Ext4Adapter] read_offset: off=142080, block=34, local_off=2816
[Ext4Adapter] read_offset: off=32768, block=8, local_off=0
[Ext4Adapter] read_offset: off=32768, block=8, local_off=0
[Ext4Adapter] write_offset success: off=32768, block=8
[Ext4Adapter] read_offset: off=32768, block=8, local_off=0
[Ext4Adapter] read_offset: off=4096, block=1, local_off=0
[Ext4Adapter] GDT read: block_bitmap=2, inode_bitmap=18, inode_table=34, free_blocks=1910, free_inodes=2036, bg_flags=4
[Ext4Adapter] HACK: Spoofing GDT Entry 1 to avoid System Zone collision
[Ext4Adapter] read_offset: off=142080, block=34, local_off=2816
[Ext4Adapter] read_offset: off=32768, block=8, local_off=0
[32m[ok] Test passed[0m

[33m=======================================[0m
[33mRunning test: os::fs::tests::ext4::ext4_directory::test_ext4_create_directory[0m
[Ext4Adapter] Created adapter with block_size: 4096
[Ext4Adapter] read_offset: off=1024, block=0, local_off=1024
[Ext4Adapter] SB read: blocks_count=2048, r_blocks_count=0, free_blocks=1911, first_data_block=0, log_block_size=2, blocks_per_group=32768, desc_size=64
[Ext4Adapter] SB read: inodes_count=2048, inodes_per_group=2048, reserved_gdt_blocks=0
[Ext4Adapter] SB features (orig): compat=8, incompat=2c2, ro_compat=6b
[Ext4Adapter] HACK: Spoofing s_blocks_count to 65536 to force 2 block groups
[Ext4Adapter] read_offset: off=4096, block=1, local_off=0
[Ext4Adapter] GDT read: block_bitmap=2, inode_bitmap=18, inode_table=34, free_blocks=1911, free_inodes=2037, bg_flags=4
[Ext4Adapter] HACK: Spoofing GDT Entry 1 to avoid System Zone collision
[Ext4Adapter] read_offset: off=4096, block=1, local_off=0
[Ext4Adapter] GDT read: block_bitmap=2, inode_bitmap=18, inode_table=34, free_blocks=1911, free_inodes=2037, bg_flags=4
[Ext4Adapter] HACK: Spoofing GDT Entry 1 to avoid System Zone collision
Free blocks: 1911/2048
Free inodes: 2037/2048
[Ext4Adapter] read_offset: off=4096, block=1, local_off=0
[Ext4Adapter] GDT read: block_bitmap=2, inode_bitmap=18, inode_table=34, free_blocks=1911, free_inodes=2037, bg_flags=4
[Ext4Adapter] HACK: Spoofing GDT Entry 1 to avoid System Zone collision
[Ext4Adapter] read_offset: off=139520, block=34, local_off=256
[Ext4Adapter] read_offset: off=4096, block=1, local_off=0
[Ext4Adapter] GDT read: block_bitmap=2, inode_bitmap=18, inode_table=34, free_blocks=1911, free_inodes=2037, bg_flags=4
[Ext4Adapter] HACK: Spoofing GDT Entry 1 to avoid System Zone collision
[Ext4Adapter] read_offset: off=139520, block=34, local_off=256
[Ext4Adapter] read_offset: off=4096, block=1, local_off=0
[Ext4Adapter] GDT read: block_bitmap=2, inode_bitmap=18, inode_table=34, free_blocks=1911, free_inodes=2037, bg_flags=4
[Ext4Adapter] HACK: Spoofing GDT Entry 1 to avoid System Zone collision
[Ext4Adapter] read_offset: off=139520, block=34, local_off=256
[Ext4Adapter] read_offset: off=12288, block=3, local_off=0
[Ext4Adapter] read_offset: off=4096, block=1, local_off=0
[Ext4Adapter] GDT read: block_bitmap=2, inode_bitmap=18, inode_table=34, free_blocks=1911, free_inodes=2037, bg_flags=4
[Ext4Adapter] HACK: Spoofing GDT Entry 1 to avoid System Zone collision
[Ext4Adapter] read_offset: off=139520, block=34, local_off=256
[Ext4Adapter] read_offset: off=12288, block=3, local_off=0
[Ext4Adapter] read_offset: off=4096, block=1, local_off=0
[Ext4Adapter] GDT read: block_bitmap=2, inode_bitmap=18, inode_table=34, free_blocks=1911, free_inodes=2037, bg_flags=4
[Ext4Adapter] HACK: Spoofing GDT Entry 1 to avoid System Zone collision
[Ext4Adapter] read_offset: off=139520, block=34, local_off=256
[Ext4Adapter] read_offset: off=4096, block=1, local_off=0
[Ext4Adapter] GDT read: block_bitmap=2, inode_bitmap=18, inode_table=34, free_blocks=1911, free_inodes=2037, bg_flags=4
[Ext4Adapter] HACK: Spoofing GDT Entry 1 to avoid System Zone collision
[Ext4Adapter] read_offset: off=73728, block=18, local_off=0
[Ext4Adapter] Reading Block 18 (Inode Bitmap): zeros=254, first_bytes=[ff, 07, 00, 00, 00, 00, 00, 00, 00, 00, 00, 00, 00, 00, 00, 00]
[Ext4Adapter] write_offset success: off=73728, block=18
[Ext4Adapter] read_offset: off=4096, block=1, local_off=0
[Ext4Adapter] GDT read: block_bitmap=2, inode_bitmap=18, inode_table=34, free_blocks=1911, free_inodes=2036, bg_flags=4
[Ext4Adapter] HACK: Spoofing GDT Entry 1 to avoid System Zone collision
[Ext4Adapter] read_offset: off=4096, block=1, local_off=0
[Ext4Adapter] GDT read: block_bitmap=2, inode_bitmap=18, inode_table=34, free_blocks=1911, free_inodes=2036, bg_flags=4
[Ext4Adapter] HACK: Spoofing GDT Entry 1 to avoid System Zone collision
[Ext4Adapter] read_offset: off=142080, block=34, local_off=2816
[Ext4Adapter] read_offset: off=12288, block=3, local_off=0
[Ext4Adapter] write_offset success: off=12288, block=3
[Ext4Adapter] write_offset success: off=12288, block=3
[Ext4Adapter] read_offset: off=4096, block=1, local_off=0
[Ext4Adapter] GDT read: block_bitmap=2, inode_bitmap=18, inode_table=34, free_blocks=1911, free_inodes=2036, bg_flags=4
[Ext4Adapter] HACK: Spoofing GDT Entry 1 to avoid System Zone collision
[Ext4Adapter] read_offset: off=4096, block=1, local_off=0
[Ext4Adapter] GDT read: block_bitmap=2, inode_bitmap=18, inode_table=34, free_blocks=1911, free_inodes=2036, bg_flags=4
[Ext4Adapter] HACK: Spoofing GDT Entry 1 to avoid System Zone collision
[Ext4Adapter] read_offset: off=4096, block=1, local_off=0
[Ext4Adapter] GDT read: block_bitmap=2, inode_bitmap=18, inode_table=34, free_blocks=1911, free_inodes=2036, bg_flags=4
[Ext4Adapter] HACK: Spoofing GDT Entry 1 to avoid System Zone collision
[Ext4Adapter] read_offset: off=8192, block=2, local_off=0
[Ext4Adapter] Reading Block 2 (Bitmap): zeros=237, first_bytes=[ff, 00, 04, 00, fc, ff, ff, ff, ff, ff, ff, ff, ff, ff, ff, ff]
[Ext4Adapter] write_offset success: off=8192, block=2
[Ext4Adapter] read_offset: off=4096, block=1, local_off=0
[Ext4Adapter] GDT read: block_bitmap=2, inode_bitmap=18, inode_table=34, free_blocks=1911, free_inodes=2036, bg_flags=4
[Ext4Adapter] HACK: Spoofing GDT Entry 1 to avoid System Zone collision
[Ext4Adapter] read_offset: off=4096, block=1, local_off=0
[Ext4Adapter] GDT read: block_bitmap=2, inode_bitmap=18, inode_table=34, free_blocks=1910, free_inodes=2036, bg_flags=4
[Ext4Adapter] HACK: Spoofing GDT Entry 1 to avoid System Zone collision
[Ext4Adapter] read_offset: off=4096, block=1, local_off=0
[Ext4Adapter] GDT read: block_bitmap=2, inode_bitmap=18, inode_table=34, free_blocks=1910, free_inodes=2036, bg_flags=4
[Ext4Adapter] HACK: Spoofing GDT Entry 1 to avoid System Zone collision
[Ext4Adapter] read_offset: off=32768, block=8, local_off=0
[Ext4Adapter] write_offset success: off=32768, block=8
[Ext4Adapter] read_offset: off=32768, block=8, local_off=0
[Ext4Adapter] write_offset success: off=32768, block=8
[Ext4Adapter] write_offset success: off=32768, block=8
[Ext4Adapter] read_offset: off=4096, block=1, local_off=0
[Ext4Adapter] GDT read: block_bitmap=2, inode_bitmap=18, inode_table=34, free_blocks=1910, free_inodes=2036, bg_flags=4
[Ext4Adapter] HACK: Spoofing GDT Entry 1 to avoid System Zone collision
[Ext4Adapter] read_offset: off=4096, block=1, local_off=0
[Ext4Adapter] GDT read: block_bitmap=2, inode_bitmap=18, inode_table=34, free_blocks=1910, free_inodes=2036, bg_flags=4
[Ext4Adapter] HACK: Spoofing GDT Entry 1 to avoid System Zone collision
[Ext4Adapter] read_offset: off=4096, block=1, local_off=0
[Ext4Adapter] GDT read: block_bitmap=2, inode_bitmap=18, inode_table=34, free_blocks=1910, free_inodes=2036, bg_flags=4
[Ext4Adapter] HACK: Spoofing GDT Entry 1 to avoid System Zone collision
[Ext4Adapter] read_offset: off=139520, block=34, local_off=256
[Ext4Adapter] read_offset: off=4096, block=1, local_off=0
[Ext4Adapter] GDT read: block_bitmap=2, inode_bitmap=18, inode_table=34, free_blocks=1910, free_inodes=2036, bg_flags=4
[Ext4Adapter] HACK: Spoofing GDT Entry 1 to avoid System Zone collision
[Ext4Adapter] read_offset: off=139520, block=34, local_off=256
[Ext4Adapter] read_offset: off=12288, block=3, local_off=0
[Ext4Adapter] read_offset: off=4096, block=1, local_off=0
[Ext4Adapter] GDT read: block_bitmap=2, inode_bitmap=18, inode_table=34, free_blocks=1910, free_inodes=2036, bg_flags=4
[Ext4Adapter] HACK: Spoofing GDT Entry 1 to avoid System Zone collision
[Ext4Adapter] read_offset: off=142080, block=34, local_off=2816
[32m[ok] Test passed[0m

[33m=======================================[0m
[33mRunning test: os::fs::tests::ext4::ext4_directory::test_ext4_directory_metadata[0m
[Ext4Adapter] Created adapter with block_size: 4096
[Ext4Adapter] read_offset: off=1024, block=0, local_off=1024
[Ext4Adapter] SB read: blocks_count=2048, r_blocks_count=0, free_blocks=1911, first_data_block=0, log_block_size=2, blocks_per_group=32768, desc_size=64
[Ext4Adapter] SB read: inodes_count=2048, inodes_per_group=2048, reserved_gdt_blocks=0
[Ext4Adapter] SB features (orig): compat=8, incompat=2c2, ro_compat=6b
[Ext4Adapter] HACK: Spoofing s_blocks_count to 65536 to force 2 block groups
[Ext4Adapter] read_offset: off=4096, block=1, local_off=0
[Ext4Adapter] GDT read: block_bitmap=2, inode_bitmap=18, inode_table=34, free_blocks=1911, free_inodes=2037, bg_flags=4
[Ext4Adapter] HACK: Spoofing GDT Entry 1 to avoid System Zone collision
[Ext4Adapter] read_offset: off=4096, block=1, local_off=0
[Ext4Adapter] GDT read: block_bitmap=2, inode_bitmap=18, inode_table=34, free_blocks=1911, free_inodes=2037, bg_flags=4
[Ext4Adapter] HACK: Spoofing GDT Entry 1 to avoid System Zone collision
[Ext4Adapter] read_offset: off=4096, block=1, local_off=0
[Ext4Adapter] GDT read: block_bitmap=2, inode_bitmap=18, inode_table=34, free_blocks=1911, free_inodes=2037, bg_flags=4
[Ext4Adapter] HACK: Spoofing GDT Entry 1 to avoid System Zone collision
[Ext4Adapter] read_offset: off=139520, block=34, local_off=256
[Ext4Adapter] read_offset: off=4096, block=1, local_off=0
[Ext4Adapter] GDT read: block_bitmap=2, inode_bitmap=18, inode_table=34, free_blocks=1911, free_inodes=2037, bg_flags=4
[Ext4Adapter] HACK: Spoofing GDT Entry 1 to avoid System Zone collision
[Ext4Adapter] read_offset: off=139520, block=34, local_off=256
[Ext4Adapter] read_offset: off=4096, block=1, local_off=0
[Ext4Adapter] GDT read: block_bitmap=2, inode_bitmap=18, inode_table=34, free_blocks=1911, free_inodes=2037, bg_flags=4
[Ext4Adapter] HACK: Spoofing GDT Entry 1 to avoid System Zone collision
[Ext4Adapter] read_offset: off=139520, block=34, local_off=256
[Ext4Adapter] read_offset: off=12288, block=3, local_off=0
[Ext4Adapter] read_offset: off=4096, block=1, local_off=0
[Ext4Adapter] GDT read: block_bitmap=2, inode_bitmap=18, inode_table=34, free_blocks=1911, free_inodes=2037, bg_flags=4
[Ext4Adapter] HACK: Spoofing GDT Entry 1 to avoid System Zone collision
[Ext4Adapter] read_offset: off=139520, block=34, local_off=256
[Ext4Adapter] read_offset: off=12288, block=3, local_off=0
[Ext4Adapter] read_offset: off=4096, block=1, local_off=0
[Ext4Adapter] GDT read: block_bitmap=2, inode_bitmap=18, inode_table=34, free_blocks=1911, free_inodes=2037, bg_flags=4
[Ext4Adapter] HACK: Spoofing GDT Entry 1 to avoid System Zone collision
[Ext4Adapter] read_offset: off=139520, block=34, local_off=256
[Ext4Adapter] read_offset: off=4096, block=1, local_off=0
[Ext4Adapter] GDT read: block_bitmap=2, inode_bitmap=18, inode_table=34, free_blocks=1911, free_inodes=2037, bg_flags=4
[Ext4Adapter] HACK: Spoofing GDT Entry 1 to avoid System Zone collision
[Ext4Adapter] read_offset: off=73728, block=18, local_off=0
[Ext4Adapter] Reading Block 18 (Inode Bitmap): zeros=254, first_bytes=[ff, 07, 00, 00, 00, 00, 00, 00, 00, 00, 00, 00, 00, 00, 00, 00]
[Ext4Adapter] write_offset success: off=73728, block=18
[Ext4Adapter] read_offset: off=4096, block=1, local_off=0
[Ext4Adapter] GDT read: block_bitmap=2, inode_bitmap=18, inode_table=34, free_blocks=1911, free_inodes=2036, bg_flags=4
[Ext4Adapter] HACK: Spoofing GDT Entry 1 to avoid System Zone collision
[Ext4Adapter] read_offset: off=4096, block=1, local_off=0
[Ext4Adapter] GDT read: block_bitmap=2, inode_bitmap=18, inode_table=34, free_blocks=1911, free_inodes=2036, bg_flags=4
[Ext4Adapter] HACK: Spoofing GDT Entry 1 to avoid System Zone collision
[Ext4Adapter] read_offset: off=142080, block=34, local_off=2816
[Ext4Adapter] read_offset: off=12288, block=3, local_off=0
[Ext4Adapter] write_offset success: off=12288, block=3
[Ext4Adapter] write_offset success: off=12288, block=3
[Ext4Adapter] read_offset: off=4096, block=1, local_off=0
[Ext4Adapter] GDT read: block_bitmap=2, inode_bitmap=18, inode_table=34, free_blocks=1911, free_inodes=2036, bg_flags=4
[Ext4Adapter] HACK: Spoofing GDT Entry 1 to avoid System Zone collision
[Ext4Adapter] read_offset: off=4096, block=1, local_off=0
[Ext4Adapter] GDT read: block_bitmap=2, inode_bitmap=18, inode_table=34, free_blocks=1911, free_inodes=2036, bg_flags=4
[Ext4Adapter] HACK: Spoofing GDT Entry 1 to avoid System Zone collision
[Ext4Adapter] read_offset: off=4096, block=1, local_off=0
[Ext4Adapter] GDT read: block_bitmap=2, inode_bitmap=18, inode_table=34, free_blocks=1911, free_inodes=2036, bg_flags=4
[Ext4Adapter] HACK: Spoofing GDT Entry 1 to avoid System Zone collision
[Ext4Adapter] read_offset: off=8192, block=2, local_off=0
[Ext4Adapter] Reading Block 2 (Bitmap): zeros=237, first_bytes=[ff, 00, 04, 00, fc, ff, ff, ff, ff, ff, ff, ff, ff, ff, ff, ff]
[Ext4Adapter] write_offset success: off=8192, block=2
[Ext4Adapter] read_offset: off=4096, block=1, local_off=0
[Ext4Adapter] GDT read: block_bitmap=2, inode_bitmap=18, inode_table=34, free_blocks=1911, free_inodes=2036, bg_flags=4
[Ext4Adapter] HACK: Spoofing GDT Entry 1 to avoid System Zone collision
[Ext4Adapter] read_offset: off=4096, block=1, local_off=0
[Ext4Adapter] GDT read: block_bitmap=2, inode_bitmap=18, inode_table=34, free_blocks=1910, free_inodes=2036, bg_flags=4
[Ext4Adapter] HACK: Spoofing GDT Entry 1 to avoid System Zone collision
[Ext4Adapter] read_offset: off=4096, block=1, local_off=0
[Ext4Adapter] GDT read: block_bitmap=2, inode_bitmap=18, inode_table=34, free_blocks=1910, free_inodes=2036, bg_flags=4
[Ext4Adapter] HACK: Spoofing GDT Entry 1 to avoid System Zone collision
[Ext4Adapter] read_offset: off=32768, block=8, local_off=0
[Ext4Adapter] write_offset success: off=32768, block=8
[Ext4Adapter] read_offset: off=32768, block=8, local_off=0
[Ext4Adapter] write_offset success: off=32768, block=8
[Ext4Adapter] write_offset success: off=32768, block=8
[Ext4Adapter] read_offset: off=4096, block=1, local_off=0
[Ext4Adapter] GDT read: block_bitmap=2, inode_bitmap=18, inode_table=34, free_blocks=1910, free_inodes=2036, bg_flags=4
[Ext4Adapter] HACK: Spoofing GDT Entry 1 to avoid System Zone collision
[Ext4Adapter] read_offset: off=4096, block=1, local_off=0
[Ext4Adapter] GDT read: block_bitmap=2, inode_bitmap=18, inode_table=34, free_blocks=1910, free_inodes=2036, bg_flags=4
[Ext4Adapter] HACK: Spoofing GDT Entry 1 to avoid System Zone collision
[Ext4Adapter] read_offset: off=4096, block=1, local_off=0
[Ext4Adapter] GDT read: block_bitmap=2, inode_bitmap=18, inode_table=34, free_blocks=1910, free_inodes=2036, bg_flags=4
[Ext4Adapter] HACK: Spoofing GDT Entry 1 to avoid System Zone collision
[Ext4Adapter] read_offset: off=142080, block=34, local_off=2816
[32m[ok] Test passed[0m

[33m=======================================[0m
[33mRunning test: os::fs::tests::ext4::ext4_directory::test_ext4_lookup_in_directory[0m
[Ext4Adapter] Created adapter with block_size: 4096
[Ext4Adapter] read_offset: off=1024, block=0, local_off=1024
[Ext4Adapter] SB read: blocks_count=2048, r_blocks_count=0, free_blocks=1911, first_data_block=0, log_block_size=2, blocks_per_group=32768, desc_size=64
[Ext4Adapter] SB read: inodes_count=2048, inodes_per_group=2048, reserved_gdt_blocks=0
[Ext4Adapter] SB features (orig): compat=8, incompat=2c2, ro_compat=6b
[Ext4Adapter] HACK: Spoofing s_blocks_count to 65536 to force 2 block groups
[Ext4Adapter] read_offset: off=4096, block=1, local_off=0
[Ext4Adapter] GDT read: block_bitmap=2, inode_bitmap=18, inode_table=34, free_blocks=1911, free_inodes=2037, bg_flags=4
[Ext4Adapter] HACK: Spoofing GDT Entry 1 to avoid System Zone collision
[Ext4Adapter] read_offset: off=4096, block=1, local_off=0
[Ext4Adapter] GDT read: block_bitmap=2, inode_bitmap=18, inode_table=34, free_blocks=1911, free_inodes=2037, bg_flags=4
[Ext4Adapter] HACK: Spoofing GDT Entry 1 to avoid System Zone collision
[Ext4Adapter] read_offset: off=4096, block=1, local_off=0
[Ext4Adapter] GDT read: block_bitmap=2, inode_bitmap=18, inode_table=34, free_blocks=1911, free_inodes=2037, bg_flags=4
[Ext4Adapter] HACK: Spoofing GDT Entry 1 to avoid System Zone collision
[Ext4Adapter] read_offset: off=139520, block=34, local_off=256
[Ext4Adapter] read_offset: off=4096, block=1, local_off=0
[Ext4Adapter] GDT read: block_bitmap=2, inode_bitmap=18, inode_table=34, free_blocks=1911, free_inodes=2037, bg_flags=4
[Ext4Adapter] HACK: Spoofing GDT Entry 1 to avoid System Zone collision
[Ext4Adapter] read_offset: off=139520, block=34, local_off=256
[Ext4Adapter] read_offset: off=4096, block=1, local_off=0
[Ext4Adapter] GDT read: block_bitmap=2, inode_bitmap=18, inode_table=34, free_blocks=1911, free_inodes=2037, bg_flags=4
[Ext4Adapter] HACK: Spoofing GDT Entry 1 to avoid System Zone collision
[Ext4Adapter] read_offset: off=139520, block=34, local_off=256
[Ext4Adapter] read_offset: off=12288, block=3, local_off=0
[Ext4Adapter] read_offset: off=4096, block=1, local_off=0
[Ext4Adapter] GDT read: block_bitmap=2, inode_bitmap=18, inode_table=34, free_blocks=1911, free_inodes=2037, bg_flags=4
[Ext4Adapter] HACK: Spoofing GDT Entry 1 to avoid System Zone collision
[Ext4Adapter] read_offset: off=139520, block=34, local_off=256
[Ext4Adapter] read_offset: off=12288, block=3, local_off=0
[Ext4Adapter] read_offset: off=4096, block=1, local_off=0
[Ext4Adapter] GDT read: block_bitmap=2, inode_bitmap=18, inode_table=34, free_blocks=1911, free_inodes=2037, bg_flags=4
[Ext4Adapter] HACK: Spoofing GDT Entry 1 to avoid System Zone collision
[Ext4Adapter] read_offset: off=139520, block=34, local_off=256
[Ext4Adapter] read_offset: off=4096, block=1, local_off=0
[Ext4Adapter] GDT read: block_bitmap=2, inode_bitmap=18, inode_table=34, free_blocks=1911, free_inodes=2037, bg_flags=4
[Ext4Adapter] HACK: Spoofing GDT Entry 1 to avoid System Zone collision
[Ext4Adapter] read_offset: off=73728, block=18, local_off=0
[Ext4Adapter] Reading Block 18 (Inode Bitmap): zeros=254, first_bytes=[ff, 07, 00, 00, 00, 00, 00, 00, 00, 00, 00, 00, 00, 00, 00, 00]
[Ext4Adapter] write_offset success: off=73728, block=18
[Ext4Adapter] read_offset: off=4096, block=1, local_off=0
[Ext4Adapter] GDT read: block_bitmap=2, inode_bitmap=18, inode_table=34, free_blocks=1911, free_inodes=2036, bg_flags=4
[Ext4Adapter] HACK: Spoofing GDT Entry 1 to avoid System Zone collision
[Ext4Adapter] read_offset: off=4096, block=1, local_off=0
[Ext4Adapter] GDT read: block_bitmap=2, inode_bitmap=18, inode_table=34, free_blocks=1911, free_inodes=2036, bg_flags=4
[Ext4Adapter] HACK: Spoofing GDT Entry 1 to avoid System Zone collision
[Ext4Adapter] read_offset: off=142080, block=34, local_off=2816
[Ext4Adapter] read_offset: off=12288, block=3, local_off=0
[Ext4Adapter] write_offset success: off=12288, block=3
[Ext4Adapter] write_offset success: off=12288, block=3
[Ext4Adapter] read_offset: off=4096, block=1, local_off=0
[Ext4Adapter] GDT read: block_bitmap=2, inode_bitmap=18, inode_table=34, free_blocks=1911, free_inodes=2036, bg_flags=4
[Ext4Adapter] HACK: Spoofing GDT Entry 1 to avoid System Zone collision
[Ext4Adapter] read_offset: off=4096, block=1, local_off=0
[Ext4Adapter] GDT read: block_bitmap=2, inode_bitmap=18, inode_table=34, free_blocks=1911, free_inodes=2036, bg_flags=4
[Ext4Adapter] HACK: Spoofing GDT Entry 1 to avoid System Zone collision
[Ext4Adapter] read_offset: off=4096, block=1, local_off=0
[Ext4Adapter] GDT read: block_bitmap=2, inode_bitmap=18, inode_table=34, free_blocks=1911, free_inodes=2036, bg_flags=4
[Ext4Adapter] HACK: Spoofing GDT Entry 1 to avoid System Zone collision
[Ext4Adapter] read_offset: off=8192, block=2, local_off=0
[Ext4Adapter] Reading Block 2 (Bitmap): zeros=237, first_bytes=[ff, 00, 04, 00, fc, ff, ff, ff, ff, ff, ff, ff, ff, ff, ff, ff]
[Ext4Adapter] write_offset success: off=8192, block=2
[Ext4Adapter] read_offset: off=4096, block=1, local_off=0
[Ext4Adapter] GDT read: block_bitmap=2, inode_bitmap=18, inode_table=34, free_blocks=1911, free_inodes=2036, bg_flags=4
[Ext4Adapter] HACK: Spoofing GDT Entry 1 to avoid System Zone collision
[Ext4Adapter] read_offset: off=4096, block=1, local_off=0
[Ext4Adapter] GDT read: block_bitmap=2, inode_bitmap=18, inode_table=34, free_blocks=1910, free_inodes=2036, bg_flags=4
[Ext4Adapter] HACK: Spoofing GDT Entry 1 to avoid System Zone collision
[Ext4Adapter] read_offset: off=4096, block=1, local_off=0
[Ext4Adapter] GDT read: block_bitmap=2, inode_bitmap=18, inode_table=34, free_blocks=1910, free_inodes=2036, bg_flags=4
[Ext4Adapter] HACK: Spoofing GDT Entry 1 to avoid System Zone collision
[Ext4Adapter] read_offset: off=32768, block=8, local_off=0
[Ext4Adapter] write_offset success: off=32768, block=8
[Ext4Adapter] read_offset: off=32768, block=8, local_off=0
[Ext4Adapter] write_offset success: off=32768, block=8
[Ext4Adapter] write_offset success: off=32768, block=8
[Ext4Adapter] read_offset: off=4096, block=1, local_off=0
[Ext4Adapter] GDT read: block_bitmap=2, inode_bitmap=18, inode_table=34, free_blocks=1910, free_inodes=2036, bg_flags=4
[Ext4Adapter] HACK: Spoofing GDT Entry 1 to avoid System Zone collision
[Ext4Adapter] read_offset: off=4096, block=1, local_off=0
[Ext4Adapter] GDT read: block_bitmap=2, inode_bitmap=18, inode_table=34, free_blocks=1910, free_inodes=2036, bg_flags=4
[Ext4Adapter] HACK: Spoofing GDT Entry 1 to avoid System Zone collision
[Ext4Adapter] read_offset: off=4096, block=1, local_off=0
[Ext4Adapter] GDT read: block_bitmap=2, inode_bitmap=18, inode_table=34, free_blocks=1910, free_inodes=2036, bg_flags=4
[Ext4Adapter] HACK: Spoofing GDT Entry 1 to avoid System Zone collision
[Ext4Adapter] read_offset: off=142080, block=34, local_off=2816
[Ext4Adapter] read_offset: off=4096, block=1, local_off=0
[Ext4Adapter] GDT read: block_bitmap=2, inode_bitmap=18, inode_table=34, free_blocks=1910, free_inodes=2036, bg_flags=4
[Ext4Adapter] HACK: Spoofing GDT Entry 1 to avoid System Zone collision
[Ext4Adapter] read_offset: off=142080, block=34, local_off=2816
[Ext4Adapter] read_offset: off=4096, block=1, local_off=0
[Ext4Adapter] GDT read: block_bitmap=2, inode_bitmap=18, inode_table=34, free_blocks=1910, free_inodes=2036, bg_flags=4
[Ext4Adapter] HACK: Spoofing GDT Entry 1 to avoid System Zone collision
[Ext4Adapter] read_offset: off=142080, block=34, local_off=2816
[Ext4Adapter] read_offset: off=32768, block=8, local_off=0
[Ext4Adapter] read_offset: off=4096, block=1, local_off=0
[Ext4Adapter] GDT read: block_bitmap=2, inode_bitmap=18, inode_table=34, free_blocks=1910, free_inodes=2036, bg_flags=4
[Ext4Adapter] HACK: Spoofing GDT Entry 1 to avoid System Zone collision
[Ext4Adapter] read_offset: off=142080, block=34, local_off=2816
[Ext4Adapter] read_offset: off=4096, block=1, local_off=0
[Ext4Adapter] GDT read: block_bitmap=2, inode_bitmap=18, inode_table=34, free_blocks=1910, free_inodes=2036, bg_flags=4
[Ext4Adapter] HACK: Spoofing GDT Entry 1 to avoid System Zone collision
[Ext4Adapter] read_offset: off=73728, block=18, local_off=0
[Ext4Adapter] Reading Block 18 (Inode Bitmap): zeros=254, first_bytes=[ff, 0f, 00, 00, 00, 00, 00, 00, 00, 00, 00, 00, 00, 00, 00, 00]
[Ext4Adapter] write_offset success: off=73728, block=18
[Ext4Adapter] read_offset: off=4096, block=1, local_off=0
[Ext4Adapter] GDT read: block_bitmap=2, inode_bitmap=18, inode_table=34, free_blocks=1910, free_inodes=2035, bg_flags=4
[Ext4Adapter] HACK: Spoofing GDT Entry 1 to avoid System Zone collision
[Ext4Adapter] read_offset: off=4096, block=1, local_off=0
[Ext4Adapter] GDT read: block_bitmap=2, inode_bitmap=18, inode_table=34, free_blocks=1910, free_inodes=2035, bg_flags=4
[Ext4Adapter] HACK: Spoofing GDT Entry 1 to avoid System Zone collision
[Ext4Adapter] read_offset: off=142336, block=34, local_off=3072
[Ext4Adapter] read_offset: off=32768, block=8, local_off=0
[Ext4Adapter] write_offset success: off=32768, block=8
[Ext4Adapter] write_offset success: off=32768, block=8
[Ext4Adapter] read_offset: off=4096, block=1, local_off=0
[Ext4Adapter] GDT read: block_bitmap=2, inode_bitmap=18, inode_table=34, free_blocks=1910, free_inodes=2035, bg_flags=4
[Ext4Adapter] HACK: Spoofing GDT Entry 1 to avoid System Zone collision
[Ext4Adapter] read_offset: off=4096, block=1, local_off=0
[Ext4Adapter] GDT read: block_bitmap=2, inode_bitmap=18, inode_table=34, free_blocks=1910, free_inodes=2035, bg_flags=4
[Ext4Adapter] HACK: Spoofing GDT Entry 1 to avoid System Zone collision
[Ext4Adapter] read_offset: off=4096, block=1, local_off=0
[Ext4Adapter] GDT read: block_bitmap=2, inode_bitmap=18, inode_table=34, free_blocks=1910, free_inodes=2035, bg_flags=4
[Ext4Adapter] HACK: Spoofing GDT Entry 1 to avoid System Zone collision
[Ext4Adapter] read_offset: off=4096, block=1, local_off=0
[Ext4Adapter] GDT read: block_bitmap=2, inode_bitmap=18, inode_table=34, free_blocks=1910, free_inodes=2035, bg_flags=4
[Ext4Adapter] HACK: Spoofing GDT Entry 1 to avoid System Zone collision
[Ext4Adapter] read_offset: off=142080, block=34, local_off=2816
[Ext4Adapter] read_offset: off=4096, block=1, local_off=0
[Ext4Adapter] GDT read: block_bitmap=2, inode_bitmap=18, inode_table=34, free_blocks=1910, free_inodes=2035, bg_flags=4
[Ext4Adapter] HACK: Spoofing GDT Entry 1 to avoid System Zone collision
[Ext4Adapter] read_offset: off=142080, block=34, local_off=2816
[Ext4Adapter] read_offset: off=32768, block=8, local_off=0
[32m[ok] Test passed[0m

[33m=======================================[0m
[33mRunning test: os::fs::tests::ext4::ext4_directory::test_ext4_lookup_in_file[0m
[Ext4Adapter] Created adapter with block_size: 4096
[Ext4Adapter] read_offset: off=1024, block=0, local_off=1024
[Ext4Adapter] SB read: blocks_count=2048, r_blocks_count=0, free_blocks=1911, first_data_block=0, log_block_size=2, blocks_per_group=32768, desc_size=64
[Ext4Adapter] SB read: inodes_count=2048, inodes_per_group=2048, reserved_gdt_blocks=0
[Ext4Adapter] SB features (orig): compat=8, incompat=2c2, ro_compat=6b
[Ext4Adapter] HACK: Spoofing s_blocks_count to 65536 to force 2 block groups
[Ext4Adapter] read_offset: off=4096, block=1, local_off=0
[Ext4Adapter] GDT read: block_bitmap=2, inode_bitmap=18, inode_table=34, free_blocks=1911, free_inodes=2037, bg_flags=4
[Ext4Adapter] HACK: Spoofing GDT Entry 1 to avoid System Zone collision
[Ext4Adapter] read_offset: off=4096, block=1, local_off=0
[Ext4Adapter] GDT read: block_bitmap=2, inode_bitmap=18, inode_table=34, free_blocks=1911, free_inodes=2037, bg_flags=4
[Ext4Adapter] HACK: Spoofing GDT Entry 1 to avoid System Zone collision
[Ext4Adapter] read_offset: off=4096, block=1, local_off=0
[Ext4Adapter] GDT read: block_bitmap=2, inode_bitmap=18, inode_table=34, free_blocks=1911, free_inodes=2037, bg_flags=4
[Ext4Adapter] HACK: Spoofing GDT Entry 1 to avoid System Zone collision
[Ext4Adapter] read_offset: off=139520, block=34, local_off=256
[Ext4Adapter] read_offset: off=4096, block=1, local_off=0
[Ext4Adapter] GDT read: block_bitmap=2, inode_bitmap=18, inode_table=34, free_blocks=1911, free_inodes=2037, bg_flags=4
[Ext4Adapter] HACK: Spoofing GDT Entry 1 to avoid System Zone collision
[Ext4Adapter] read_offset: off=139520, block=34, local_off=256
[Ext4Adapter] read_offset: off=4096, block=1, local_off=0
[Ext4Adapter] GDT read: block_bitmap=2, inode_bitmap=18, inode_table=34, free_blocks=1911, free_inodes=2037, bg_flags=4
[Ext4Adapter] HACK: Spoofing GDT Entry 1 to avoid System Zone collision
[Ext4Adapter] read_offset: off=139520, block=34, local_off=256
[Ext4Adapter] read_offset: off=12288, block=3, local_off=0
[Ext4Adapter] read_offset: off=4096, block=1, local_off=0
[Ext4Adapter] GDT read: block_bitmap=2, inode_bitmap=18, inode_table=34, free_blocks=1911, free_inodes=2037, bg_flags=4
[Ext4Adapter] HACK: Spoofing GDT Entry 1 to avoid System Zone collision
[Ext4Adapter] read_offset: off=139520, block=34, local_off=256
[Ext4Adapter] read_offset: off=4096, block=1, local_off=0
[Ext4Adapter] GDT read: block_bitmap=2, inode_bitmap=18, inode_table=34, free_blocks=1911, free_inodes=2037, bg_flags=4
[Ext4Adapter] HACK: Spoofing GDT Entry 1 to avoid System Zone collision
[Ext4Adapter] read_offset: off=73728, block=18, local_off=0
[Ext4Adapter] Reading Block 18 (Inode Bitmap): zeros=254, first_bytes=[ff, 07, 00, 00, 00, 00, 00, 00, 00, 00, 00, 00, 00, 00, 00, 00]
[Ext4Adapter] write_offset success: off=73728, block=18
[Ext4Adapter] read_offset: off=4096, block=1, local_off=0
[Ext4Adapter] GDT read: block_bitmap=2, inode_bitmap=18, inode_table=34, free_blocks=1911, free_inodes=2036, bg_flags=4
[Ext4Adapter] HACK: Spoofing GDT Entry 1 to avoid System Zone collision
[Ext4Adapter] read_offset: off=4096, block=1, local_off=0
[Ext4Adapter] GDT read: block_bitmap=2, inode_bitmap=18, inode_table=34, free_blocks=1911, free_inodes=2036, bg_flags=4
[Ext4Adapter] HACK: Spoofing GDT Entry 1 to avoid System Zone collision
[Ext4Adapter] read_offset: off=142080, block=34, local_off=2816
[Ext4Adapter] read_offset: off=12288, block=3, local_off=0
[Ext4Adapter] write_offset success: off=12288, block=3
[Ext4Adapter] write_offset success: off=12288, block=3
[Ext4Adapter] read_offset: off=4096, block=1, local_off=0
[Ext4Adapter] GDT read: block_bitmap=2, inode_bitmap=18, inode_table=34, free_blocks=1911, free_inodes=2036, bg_flags=4
[Ext4Adapter] HACK: Spoofing GDT Entry 1 to avoid System Zone collision
[Ext4Adapter] read_offset: off=4096, block=1, local_off=0
[Ext4Adapter] GDT read: block_bitmap=2, inode_bitmap=18, inode_table=34, free_blocks=1911, free_inodes=2036, bg_flags=4
[Ext4Adapter] HACK: Spoofing GDT Entry 1 to avoid System Zone collision
[Ext4Adapter] read_offset: off=4096, block=1, local_off=0
[Ext4Adapter] GDT read: block_bitmap=2, inode_bitmap=18, inode_table=34, free_blocks=1911, free_inodes=2036, bg_flags=4
[Ext4Adapter] HACK: Spoofing GDT Entry 1 to avoid System Zone collision
[Ext4Adapter] read_offset: off=4096, block=1, local_off=0
[Ext4Adapter] GDT read: block_bitmap=2, inode_bitmap=18, inode_table=34, free_blocks=1911, free_inodes=2036, bg_flags=4
[Ext4Adapter] HACK: Spoofing GDT Entry 1 to avoid System Zone collision
[Ext4Adapter] read_offset: off=142080, block=34, local_off=2816
[Ext4Adapter] read_offset: off=4096, block=1, local_off=0
[Ext4Adapter] GDT read: block_bitmap=2, inode_bitmap=18, inode_table=34, free_blocks=1911, free_inodes=2036, bg_flags=4
[Ext4Adapter] HACK: Spoofing GDT Entry 1 to avoid System Zone collision
[Ext4Adapter] read_offset: off=4096, block=1, local_off=0
[Ext4Adapter] GDT read: block_bitmap=2, inode_bitmap=18, inode_table=34, free_blocks=1911, free_inodes=2036, bg_flags=4
[Ext4Adapter] HACK: Spoofing GDT Entry 1 to avoid System Zone collision
[Ext4Adapter] read_offset: off=8192, block=2, local_off=0
[Ext4Adapter] Reading Block 2 (Bitmap): zeros=237, first_bytes=[ff, 00, 04, 00, fc, ff, ff, ff, ff, ff, ff, ff, ff, ff, ff, ff]
[Ext4Adapter] write_offset success: off=8192, block=2
[Ext4Adapter] read_offset: off=4096, block=1, local_off=0
[Ext4Adapter] GDT read: block_bitmap=2, inode_bitmap=18, inode_table=34, free_blocks=1910, free_inodes=2036, bg_flags=4
[Ext4Adapter] HACK: Spoofing GDT Entry 1 to avoid System Zone collision
[Ext4Adapter] read_offset: off=4096, block=1, local_off=0
[Ext4Adapter] GDT read: block_bitmap=2, inode_bitmap=18, inode_table=34, free_blocks=1910, free_inodes=2036, bg_flags=4
[Ext4Adapter] HACK: Spoofing GDT Entry 1 to avoid System Zone collision
[Ext4Adapter] read_offset: off=4096, block=1, local_off=0
[Ext4Adapter] GDT read: block_bitmap=2, inode_bitmap=18, inode_table=34, free_blocks=1910, free_inodes=2036, bg_flags=4
[Ext4Adapter] HACK: Spoofing GDT Entry 1 to avoid System Zone collision
[Ext4Adapter] read_offset: off=32768, block=8, local_off=0
[Ext4Adapter] read_offset: off=32768, block=8, local_off=0
[Ext4Adapter] write_offset success: off=32768, block=8
[Ext4Adapter] read_offset: off=32768, block=8, local_off=0
[Ext4Adapter] read_offset: off=4096, block=1, local_off=0
[Ext4Adapter] GDT read: block_bitmap=2, inode_bitmap=18, inode_table=34, free_blocks=1910, free_inodes=2036, bg_flags=4
[Ext4Adapter] HACK: Spoofing GDT Entry 1 to avoid System Zone collision
[Ext4Adapter] read_offset: off=4096, block=1, local_off=0
[Ext4Adapter] GDT read: block_bitmap=2, inode_bitmap=18, inode_table=34, free_blocks=1910, free_inodes=2036, bg_flags=4
[Ext4Adapter] HACK: Spoofing GDT Entry 1 to avoid System Zone collision
[Ext4Adapter] read_offset: off=142080, block=34, local_off=2816
[Ext4Adapter] read_offset: off=4096, block=1, local_off=0
[Ext4Adapter] GDT read: block_bitmap=2, inode_bitmap=18, inode_table=34, free_blocks=1910, free_inodes=2036, bg_flags=4
[Ext4Adapter] HACK: Spoofing GDT Entry 1 to avoid System Zone collision
[Ext4Adapter] read_offset: off=142080, block=34, local_off=2816
[32m[ok] Test passed[0m

[33m=======================================[0m
[33mRunning test: os::fs::tests::ext4::ext4_directory::test_ext4_mkdir_duplicate[0m
[Ext4Adapter] Created adapter with block_size: 4096
[Ext4Adapter] read_offset: off=1024, block=0, local_off=1024
[Ext4Adapter] SB read: blocks_count=2048, r_blocks_count=0, free_blocks=1911, first_data_block=0, log_block_size=2, blocks_per_group=32768, desc_size=64
[Ext4Adapter] SB read: inodes_count=2048, inodes_per_group=2048, reserved_gdt_blocks=0
[Ext4Adapter] SB features (orig): compat=8, incompat=2c2, ro_compat=6b
[Ext4Adapter] HACK: Spoofing s_blocks_count to 65536 to force 2 block groups
[Ext4Adapter] read_offset: off=4096, block=1, local_off=0
[Ext4Adapter] GDT read: block_bitmap=2, inode_bitmap=18, inode_table=34, free_blocks=1911, free_inodes=2037, bg_flags=4
[Ext4Adapter] HACK: Spoofing GDT Entry 1 to avoid System Zone collision
[Ext4Adapter] read_offset: off=4096, block=1, local_off=0
[Ext4Adapter] GDT read: block_bitmap=2, inode_bitmap=18, inode_table=34, free_blocks=1911, free_inodes=2037, bg_flags=4
[Ext4Adapter] HACK: Spoofing GDT Entry 1 to avoid System Zone collision
[Ext4Adapter] read_offset: off=4096, block=1, local_off=0
[Ext4Adapter] GDT read: block_bitmap=2, inode_bitmap=18, inode_table=34, free_blocks=1911, free_inodes=2037, bg_flags=4
[Ext4Adapter] HACK: Spoofing GDT Entry 1 to avoid System Zone collision
[Ext4Adapter] read_offset: off=139520, block=34, local_off=256
[Ext4Adapter] read_offset: off=4096, block=1, local_off=0
[Ext4Adapter] GDT read: block_bitmap=2, inode_bitmap=18, inode_table=34, free_blocks=1911, free_inodes=2037, bg_flags=4
[Ext4Adapter] HACK: Spoofing GDT Entry 1 to avoid System Zone collision
[Ext4Adapter] read_offset: off=139520, block=34, local_off=256
[Ext4Adapter] read_offset: off=4096, block=1, local_off=0
[Ext4Adapter] GDT read: block_bitmap=2, inode_bitmap=18, inode_table=34, free_blocks=1911, free_inodes=2037, bg_flags=4
[Ext4Adapter] HACK: Spoofing GDT Entry 1 to avoid System Zone collision
[Ext4Adapter] read_offset: off=139520, block=34, local_off=256
[Ext4Adapter] read_offset: off=12288, block=3, local_off=0
[Ext4Adapter] read_offset: off=4096, block=1, local_off=0
[Ext4Adapter] GDT read: block_bitmap=2, inode_bitmap=18, inode_table=34, free_blocks=1911, free_inodes=2037, bg_flags=4
[Ext4Adapter] HACK: Spoofing GDT Entry 1 to avoid System Zone collision
[Ext4Adapter] read_offset: off=139520, block=34, local_off=256
[Ext4Adapter] read_offset: off=12288, block=3, local_off=0
[Ext4Adapter] read_offset: off=4096, block=1, local_off=0
[Ext4Adapter] GDT read: block_bitmap=2, inode_bitmap=18, inode_table=34, free_blocks=1911, free_inodes=2037, bg_flags=4
[Ext4Adapter] HACK: Spoofing GDT Entry 1 to avoid System Zone collision
[Ext4Adapter] read_offset: off=139520, block=34, local_off=256
[Ext4Adapter] read_offset: off=4096, block=1, local_off=0
[Ext4Adapter] GDT read: block_bitmap=2, inode_bitmap=18, inode_table=34, free_blocks=1911, free_inodes=2037, bg_flags=4
[Ext4Adapter] HACK: Spoofing GDT Entry 1 to avoid System Zone collision
[Ext4Adapter] read_offset: off=73728, block=18, local_off=0
[Ext4Adapter] Reading Block 18 (Inode Bitmap): zeros=254, first_bytes=[ff, 07, 00, 00, 00, 00, 00, 00, 00, 00, 00, 00, 00, 00, 00, 00]
[Ext4Adapter] write_offset success: off=73728, block=18
[Ext4Adapter] read_offset: off=4096, block=1, local_off=0
[Ext4Adapter] GDT read: block_bitmap=2, inode_bitmap=18, inode_table=34, free_blocks=1911, free_inodes=2036, bg_flags=4
[Ext4Adapter] HACK: Spoofing GDT Entry 1 to avoid System Zone collision
[Ext4Adapter] read_offset: off=4096, block=1, local_off=0
[Ext4Adapter] GDT read: block_bitmap=2, inode_bitmap=18, inode_table=34, free_blocks=1911, free_inodes=2036, bg_flags=4
[Ext4Adapter] HACK: Spoofing GDT Entry 1 to avoid System Zone collision
[Ext4Adapter] read_offset: off=142080, block=34, local_off=2816
[Ext4Adapter] read_offset: off=12288, block=3, local_off=0
[Ext4Adapter] write_offset success: off=12288, block=3
[Ext4Adapter] write_offset success: off=12288, block=3
[Ext4Adapter] read_offset: off=4096, block=1, local_off=0
[Ext4Adapter] GDT read: block_bitmap=2, inode_bitmap=18, inode_table=34, free_blocks=1911, free_inodes=2036, bg_flags=4
[Ext4Adapter] HACK: Spoofing GDT Entry 1 to avoid System Zone collision
[Ext4Adapter] read_offset: off=4096, block=1, local_off=0
[Ext4Adapter] GDT read: block_bitmap=2, inode_bitmap=18, inode_table=34, free_blocks=1911, free_inodes=2036, bg_flags=4
[Ext4Adapter] HACK: Spoofing GDT Entry 1 to avoid System Zone collision
[Ext4Adapter] read_offset: off=4096, block=1, local_off=0
[Ext4Adapter] GDT read: block_bitmap=2, inode_bitmap=18, inode_table=34, free_blocks=1911, free_inodes=2036, bg_flags=4
[Ext4Adapter] HACK: Spoofing GDT Entry 1 to avoid System Zone collision
[Ext4Adapter] read_offset: off=8192, block=2, local_off=0
[Ext4Adapter] Reading Block 2 (Bitmap): zeros=237, first_bytes=[ff, 00, 04, 00, fc, ff, ff, ff, ff, ff, ff, ff, ff, ff, ff, ff]
[Ext4Adapter] write_offset success: off=8192, block=2
[Ext4Adapter] read_offset: off=4096, block=1, local_off=0
[Ext4Adapter] GDT read: block_bitmap=2, inode_bitmap=18, inode_table=34, free_blocks=1911, free_inodes=2036, bg_flags=4
[Ext4Adapter] HACK: Spoofing GDT Entry 1 to avoid System Zone collision
[Ext4Adapter] read_offset: off=4096, block=1, local_off=0
[Ext4Adapter] GDT read: block_bitmap=2, inode_bitmap=18, inode_table=34, free_blocks=1910, free_inodes=2036, bg_flags=4
[Ext4Adapter] HACK: Spoofing GDT Entry 1 to avoid System Zone collision
[Ext4Adapter] read_offset: off=4096, block=1, local_off=0
[Ext4Adapter] GDT read: block_bitmap=2, inode_bitmap=18, inode_table=34, free_blocks=1910, free_inodes=2036, bg_flags=4
[Ext4Adapter] HACK: Spoofing GDT Entry 1 to avoid System Zone collision
[Ext4Adapter] read_offset: off=32768, block=8, local_off=0
[Ext4Adapter] write_offset success: off=32768, block=8
[Ext4Adapter] read_offset: off=32768, block=8, local_off=0
[Ext4Adapter] write_offset success: off=32768, block=8
[Ext4Adapter] write_offset success: off=32768, block=8
[Ext4Adapter] read_offset: off=4096, block=1, local_off=0
[Ext4Adapter] GDT read: block_bitmap=2, inode_bitmap=18, inode_table=34, free_blocks=1910, free_inodes=2036, bg_flags=4
[Ext4Adapter] HACK: Spoofing GDT Entry 1 to avoid System Zone collision
[Ext4Adapter] read_offset: off=4096, block=1, local_off=0
[Ext4Adapter] GDT read: block_bitmap=2, inode_bitmap=18, inode_table=34, free_blocks=1910, free_inodes=2036, bg_flags=4
[Ext4Adapter] HACK: Spoofing GDT Entry 1 to avoid System Zone collision
[Ext4Adapter] read_offset: off=4096, block=1, local_off=0
[Ext4Adapter] GDT read: block_bitmap=2, inode_bitmap=18, inode_table=34, free_blocks=1910, free_inodes=2036, bg_flags=4
[Ext4Adapter] HACK: Spoofing GDT Entry 1 to avoid System Zone collision
[Ext4Adapter] read_offset: off=139520, block=34, local_off=256
[Ext4Adapter] read_offset: off=4096, block=1, local_off=0
[Ext4Adapter] GDT read: block_bitmap=2, inode_bitmap=18, inode_table=34, free_blocks=1910, free_inodes=2036, bg_flags=4
[Ext4Adapter] HACK: Spoofing GDT Entry 1 to avoid System Zone collision
[Ext4Adapter] read_offset: off=139520, block=34, local_off=256
[Ext4Adapter] read_offset: off=4096, block=1, local_off=0
[Ext4Adapter] GDT read: block_bitmap=2, inode_bitmap=18, inode_table=34, free_blocks=1910, free_inodes=2036, bg_flags=4
[Ext4Adapter] HACK: Spoofing GDT Entry 1 to avoid System Zone collision
[Ext4Adapter] read_offset: off=139520, block=34, local_off=256
[Ext4Adapter] read_offset: off=12288, block=3, local_off=0
[32m[ok] Test passed[0m

[33m=======================================[0m
[33mRunning test: os::fs::tests::ext4::ext4_directory::test_ext4_nested_directory[0m
[Ext4Adapter] Created adapter with block_size: 4096
[Ext4Adapter] read_offset: off=1024, block=0, local_off=1024
[Ext4Adapter] SB read: blocks_count=2048, r_blocks_count=0, free_blocks=1911, first_data_block=0, log_block_size=2, blocks_per_group=32768, desc_size=64
[Ext4Adapter] SB read: inodes_count=2048, inodes_per_group=2048, reserved_gdt_blocks=0
[Ext4Adapter] SB features (orig): compat=8, incompat=2c2, ro_compat=6b
[Ext4Adapter] HACK: Spoofing s_blocks_count to 65536 to force 2 block groups
[Ext4Adapter] read_offset: off=4096, block=1, local_off=0
[Ext4Adapter] GDT read: block_bitmap=2, inode_bitmap=18, inode_table=34, free_blocks=1911, free_inodes=2037, bg_flags=4
[Ext4Adapter] HACK: Spoofing GDT Entry 1 to avoid System Zone collision
[Ext4Adapter] read_offset: off=4096, block=1, local_off=0
[Ext4Adapter] GDT read: block_bitmap=2, inode_bitmap=18, inode_table=34, free_blocks=1911, free_inodes=2037, bg_flags=4
[Ext4Adapter] HACK: Spoofing GDT Entry 1 to avoid System Zone collision
[Ext4Adapter] read_offset: off=4096, block=1, local_off=0
[Ext4Adapter] GDT read: block_bitmap=2, inode_bitmap=18, inode_table=34, free_blocks=1911, free_inodes=2037, bg_flags=4
[Ext4Adapter] HACK: Spoofing GDT Entry 1 to avoid System Zone collision
[Ext4Adapter] read_offset: off=139520, block=34, local_off=256
[Ext4Adapter] read_offset: off=4096, block=1, local_off=0
[Ext4Adapter] GDT read: block_bitmap=2, inode_bitmap=18, inode_table=34, free_blocks=1911, free_inodes=2037, bg_flags=4
[Ext4Adapter] HACK: Spoofing GDT Entry 1 to avoid System Zone collision
[Ext4Adapter] read_offset: off=139520, block=34, local_off=256
[Ext4Adapter] read_offset: off=4096, block=1, local_off=0
[Ext4Adapter] GDT read: block_bitmap=2, inode_bitmap=18, inode_table=34, free_blocks=1911, free_inodes=2037, bg_flags=4
[Ext4Adapter] HACK: Spoofing GDT Entry 1 to avoid System Zone collision
[Ext4Adapter] read_offset: off=139520, block=34, local_off=256
[Ext4Adapter] read_offset: off=12288, block=3, local_off=0
[Ext4Adapter] read_offset: off=4096, block=1, local_off=0
[Ext4Adapter] GDT read: block_bitmap=2, inode_bitmap=18, inode_table=34, free_blocks=1911, free_inodes=2037, bg_flags=4
[Ext4Adapter] HACK: Spoofing GDT Entry 1 to avoid System Zone collision
[Ext4Adapter] read_offset: off=139520, block=34, local_off=256
[Ext4Adapter] read_offset: off=12288, block=3, local_off=0
[Ext4Adapter] read_offset: off=4096, block=1, local_off=0
[Ext4Adapter] GDT read: block_bitmap=2, inode_bitmap=18, inode_table=34, free_blocks=1911, free_inodes=2037, bg_flags=4
[Ext4Adapter] HACK: Spoofing GDT Entry 1 to avoid System Zone collision
[Ext4Adapter] read_offset: off=139520, block=34, local_off=256
[Ext4Adapter] read_offset: off=4096, block=1, local_off=0
[Ext4Adapter] GDT read: block_bitmap=2, inode_bitmap=18, inode_table=34, free_blocks=1911, free_inodes=2037, bg_flags=4
[Ext4Adapter] HACK: Spoofing GDT Entry 1 to avoid System Zone collision
[Ext4Adapter] read_offset: off=73728, block=18, local_off=0
[Ext4Adapter] Reading Block 18 (Inode Bitmap): zeros=254, first_bytes=[ff, 07, 00, 00, 00, 00, 00, 00, 00, 00, 00, 00, 00, 00, 00, 00]
[Ext4Adapter] write_offset success: off=73728, block=18
[Ext4Adapter] read_offset: off=4096, block=1, local_off=0
[Ext4Adapter] GDT read: block_bitmap=2, inode_bitmap=18, inode_table=34, free_blocks=1911, free_inodes=2036, bg_flags=4
[Ext4Adapter] HACK: Spoofing GDT Entry 1 to avoid System Zone collision
[Ext4Adapter] read_offset: off=4096, block=1, local_off=0
[Ext4Adapter] GDT read: block_bitmap=2, inode_bitmap=18, inode_table=34, free_blocks=1911, free_inodes=2036, bg_flags=4
[Ext4Adapter] HACK: Spoofing GDT Entry 1 to avoid System Zone collision
[Ext4Adapter] read_offset: off=142080, block=34, local_off=2816
[Ext4Adapter] read_offset: off=12288, block=3, local_off=0
[Ext4Adapter] write_offset success: off=12288, block=3
[Ext4Adapter] write_offset success: off=12288, block=3
[Ext4Adapter] read_offset: off=4096, block=1, local_off=0
[Ext4Adapter] GDT read: block_bitmap=2, inode_bitmap=18, inode_table=34, free_blocks=1911, free_inodes=2036, bg_flags=4
[Ext4Adapter] HACK: Spoofing GDT Entry 1 to avoid System Zone collision
[Ext4Adapter] read_offset: off=4096, block=1, local_off=0
[Ext4Adapter] GDT read: block_bitmap=2, inode_bitmap=18, inode_table=34, free_blocks=1911, free_inodes=2036, bg_flags=4
[Ext4Adapter] HACK: Spoofing GDT Entry 1 to avoid System Zone collision
[Ext4Adapter] read_offset: off=4096, block=1, local_off=0
[Ext4Adapter] GDT read: block_bitmap=2, inode_bitmap=18, inode_table=34, free_blocks=1911, free_inodes=2036, bg_flags=4
[Ext4Adapter] HACK: Spoofing GDT Entry 1 to avoid System Zone collision
[Ext4Adapter] read_offset: off=8192, block=2, local_off=0
[Ext4Adapter] Reading Block 2 (Bitmap): zeros=237, first_bytes=[ff, 00, 04, 00, fc, ff, ff, ff, ff, ff, ff, ff, ff, ff, ff, ff]
[Ext4Adapter] write_offset success: off=8192, block=2
[Ext4Adapter] read_offset: off=4096, block=1, local_off=0
[Ext4Adapter] GDT read: block_bitmap=2, inode_bitmap=18, inode_table=34, free_blocks=1911, free_inodes=2036, bg_flags=4
[Ext4Adapter] HACK: Spoofing GDT Entry 1 to avoid System Zone collision
[Ext4Adapter] read_offset: off=4096, block=1, local_off=0
[Ext4Adapter] GDT read: block_bitmap=2, inode_bitmap=18, inode_table=34, free_blocks=1910, free_inodes=2036, bg_flags=4
[Ext4Adapter] HACK: Spoofing GDT Entry 1 to avoid System Zone collision
[Ext4Adapter] read_offset: off=4096, block=1, local_off=0
[Ext4Adapter] GDT read: block_bitmap=2, inode_bitmap=18, inode_table=34, free_blocks=1910, free_inodes=2036, bg_flags=4
[Ext4Adapter] HACK: Spoofing GDT Entry 1 to avoid System Zone collision
[Ext4Adapter] read_offset: off=32768, block=8, local_off=0
[Ext4Adapter] write_offset success: off=32768, block=8
[Ext4Adapter] read_offset: off=32768, block=8, local_off=0
[Ext4Adapter] write_offset success: off=32768, block=8
[Ext4Adapter] write_offset success: off=32768, block=8
[Ext4Adapter] read_offset: off=4096, block=1, local_off=0
[Ext4Adapter] GDT read: block_bitmap=2, inode_bitmap=18, inode_table=34, free_blocks=1910, free_inodes=2036, bg_flags=4
[Ext4Adapter] HACK: Spoofing GDT Entry 1 to avoid System Zone collision
[Ext4Adapter] read_offset: off=4096, block=1, local_off=0
[Ext4Adapter] GDT read: block_bitmap=2, inode_bitmap=18, inode_table=34, free_blocks=1910, free_inodes=2036, bg_flags=4
[Ext4Adapter] HACK: Spoofing GDT Entry 1 to avoid System Zone collision
[Ext4Adapter] read_offset: off=4096, block=1, local_off=0
[Ext4Adapter] GDT read: block_bitmap=2, inode_bitmap=18, inode_table=34, free_blocks=1910, free_inodes=2036, bg_flags=4
[Ext4Adapter] HACK: Spoofing GDT Entry 1 to avoid System Zone collision
[Ext4Adapter] read_offset: off=142080, block=34, local_off=2816
[Ext4Adapter] read_offset: off=4096, block=1, local_off=0
[Ext4Adapter] GDT read: block_bitmap=2, inode_bitmap=18, inode_table=34, free_blocks=1910, free_inodes=2036, bg_flags=4
[Ext4Adapter] HACK: Spoofing GDT Entry 1 to avoid System Zone collision
[Ext4Adapter] read_offset: off=142080, block=34, local_off=2816
[Ext4Adapter] read_offset: off=4096, block=1, local_off=0
[Ext4Adapter] GDT read: block_bitmap=2, inode_bitmap=18, inode_table=34, free_blocks=1910, free_inodes=2036, bg_flags=4
[Ext4Adapter] HACK: Spoofing GDT Entry 1 to avoid System Zone collision
[Ext4Adapter] read_offset: off=142080, block=34, local_off=2816
[Ext4Adapter] read_offset: off=32768, block=8, local_off=0
[Ext4Adapter] read_offset: off=4096, block=1, local_off=0
[Ext4Adapter] GDT read: block_bitmap=2, inode_bitmap=18, inode_table=34, free_blocks=1910, free_inodes=2036, bg_flags=4
[Ext4Adapter] HACK: Spoofing GDT Entry 1 to avoid System Zone collision
[Ext4Adapter] read_offset: off=142080, block=34, local_off=2816
[Ext4Adapter] read_offset: off=4096, block=1, local_off=0
[Ext4Adapter] GDT read: block_bitmap=2, inode_bitmap=18, inode_table=34, free_blocks=1910, free_inodes=2036, bg_flags=4
[Ext4Adapter] HACK: Spoofing GDT Entry 1 to avoid System Zone collision
[Ext4Adapter] read_offset: off=73728, block=18, local_off=0
[Ext4Adapter] Reading Block 18 (Inode Bitmap): zeros=254, first_bytes=[ff, 0f, 00, 00, 00, 00, 00, 00, 00, 00, 00, 00, 00, 00, 00, 00]
[Ext4Adapter] write_offset success: off=73728, block=18
[Ext4Adapter] read_offset: off=4096, block=1, local_off=0
[Ext4Adapter] GDT read: block_bitmap=2, inode_bitmap=18, inode_table=34, free_blocks=1910, free_inodes=2035, bg_flags=4
[Ext4Adapter] HACK: Spoofing GDT Entry 1 to avoid System Zone collision
[Ext4Adapter] read_offset: off=4096, block=1, local_off=0
[Ext4Adapter] GDT read: block_bitmap=2, inode_bitmap=18, inode_table=34, free_blocks=1910, free_inodes=2035, bg_flags=4
[Ext4Adapter] HACK: Spoofing GDT Entry 1 to avoid System Zone collision
[Ext4Adapter] read_offset: off=142336, block=34, local_off=3072
[Ext4Adapter] read_offset: off=32768, block=8, local_off=0
[Ext4Adapter] write_offset success: off=32768, block=8
[Ext4Adapter] write_offset success: off=32768, block=8
[Ext4Adapter] read_offset: off=4096, block=1, local_off=0
[Ext4Adapter] GDT read: block_bitmap=2, inode_bitmap=18, inode_table=34, free_blocks=1910, free_inodes=2035, bg_flags=4
[Ext4Adapter] HACK: Spoofing GDT Entry 1 to avoid System Zone collision
[Ext4Adapter] read_offset: off=4096, block=1, local_off=0
[Ext4Adapter] GDT read: block_bitmap=2, inode_bitmap=18, inode_table=34, free_blocks=1910, free_inodes=2035, bg_flags=4
[Ext4Adapter] HACK: Spoofing GDT Entry 1 to avoid System Zone collision
[Ext4Adapter] read_offset: off=4096, block=1, local_off=0
[Ext4Adapter] GDT read: block_bitmap=2, inode_bitmap=18, inode_table=34, free_blocks=1910, free_inodes=2035, bg_flags=4
[Ext4Adapter] HACK: Spoofing GDT Entry 1 to avoid System Zone collision
[Ext4Adapter] read_offset: off=4096, block=1, local_off=0
[Ext4Adapter] GDT read: block_bitmap=2, inode_bitmap=18, inode_table=34, free_blocks=1910, free_inodes=2035, bg_flags=4
[Ext4Adapter] HACK: Spoofing GDT Entry 1 to avoid System Zone collision
[Ext4Adapter] read_offset: off=142080, block=34, local_off=2816
[Ext4Adapter] read_offset: off=4096, block=1, local_off=0
[Ext4Adapter] GDT read: block_bitmap=2, inode_bitmap=18, inode_table=34, free_blocks=1910, free_inodes=2035, bg_flags=4
[Ext4Adapter] HACK: Spoofing GDT Entry 1 to avoid System Zone collision
[Ext4Adapter] read_offset: off=142080, block=34, local_off=2816
[Ext4Adapter] read_offset: off=32768, block=8, local_off=0
[32m[ok] Test passed[0m

[33m=======================================[0m
[33mRunning test: os::fs::tests::ext4::ext4_directory::test_ext4_read_from_directory[0m
[Ext4Adapter] Created adapter with block_size: 4096
[Ext4Adapter] read_offset: off=1024, block=0, local_off=1024
[Ext4Adapter] SB read: blocks_count=2048, r_blocks_count=0, free_blocks=1911, first_data_block=0, log_block_size=2, blocks_per_group=32768, desc_size=64
[Ext4Adapter] SB read: inodes_count=2048, inodes_per_group=2048, reserved_gdt_blocks=0
[Ext4Adapter] SB features (orig): compat=8, incompat=2c2, ro_compat=6b
[Ext4Adapter] HACK: Spoofing s_blocks_count to 65536 to force 2 block groups
[Ext4Adapter] read_offset: off=4096, block=1, local_off=0
[Ext4Adapter] GDT read: block_bitmap=2, inode_bitmap=18, inode_table=34, free_blocks=1911, free_inodes=2037, bg_flags=4
[Ext4Adapter] HACK: Spoofing GDT Entry 1 to avoid System Zone collision
[Ext4Adapter] read_offset: off=4096, block=1, local_off=0
[Ext4Adapter] GDT read: block_bitmap=2, inode_bitmap=18, inode_table=34, free_blocks=1911, free_inodes=2037, bg_flags=4
[Ext4Adapter] HACK: Spoofing GDT Entry 1 to avoid System Zone collision
[Ext4Adapter] read_offset: off=4096, block=1, local_off=0
[Ext4Adapter] GDT read: block_bitmap=2, inode_bitmap=18, inode_table=34, free_blocks=1911, free_inodes=2037, bg_flags=4
[Ext4Adapter] HACK: Spoofing GDT Entry 1 to avoid System Zone collision
[Ext4Adapter] read_offset: off=139520, block=34, local_off=256
[Ext4Adapter] read_offset: off=4096, block=1, local_off=0
[Ext4Adapter] GDT read: block_bitmap=2, inode_bitmap=18, inode_table=34, free_blocks=1911, free_inodes=2037, bg_flags=4
[Ext4Adapter] HACK: Spoofing GDT Entry 1 to avoid System Zone collision
[Ext4Adapter] read_offset: off=139520, block=34, local_off=256
[Ext4Adapter] read_offset: off=4096, block=1, local_off=0
[Ext4Adapter] GDT read: block_bitmap=2, inode_bitmap=18, inode_table=34, free_blocks=1911, free_inodes=2037, bg_flags=4
[Ext4Adapter] HACK: Spoofing GDT Entry 1 to avoid System Zone collision
[Ext4Adapter] read_offset: off=139520, block=34, local_off=256
[Ext4Adapter] read_offset: off=12288, block=3, local_off=0
[Ext4Adapter] read_offset: off=4096, block=1, local_off=0
[Ext4Adapter] GDT read: block_bitmap=2, inode_bitmap=18, inode_table=34, free_blocks=1911, free_inodes=2037, bg_flags=4
[Ext4Adapter] HACK: Spoofing GDT Entry 1 to avoid System Zone collision
[Ext4Adapter] read_offset: off=139520, block=34, local_off=256
[Ext4Adapter] read_offset: off=12288, block=3, local_off=0
[Ext4Adapter] read_offset: off=4096, block=1, local_off=0
[Ext4Adapter] GDT read: block_bitmap=2, inode_bitmap=18, inode_table=34, free_blocks=1911, free_inodes=2037, bg_flags=4
[Ext4Adapter] HACK: Spoofing GDT Entry 1 to avoid System Zone collision
[Ext4Adapter] read_offset: off=139520, block=34, local_off=256
[Ext4Adapter] read_offset: off=4096, block=1, local_off=0
[Ext4Adapter] GDT read: block_bitmap=2, inode_bitmap=18, inode_table=34, free_blocks=1911, free_inodes=2037, bg_flags=4
[Ext4Adapter] HACK: Spoofing GDT Entry 1 to avoid System Zone collision
[Ext4Adapter] read_offset: off=73728, block=18, local_off=0
[Ext4Adapter] Reading Block 18 (Inode Bitmap): zeros=254, first_bytes=[ff, 07, 00, 00, 00, 00, 00, 00, 00, 00, 00, 00, 00, 00, 00, 00]
[Ext4Adapter] write_offset success: off=73728, block=18
[Ext4Adapter] read_offset: off=4096, block=1, local_off=0
[Ext4Adapter] GDT read: block_bitmap=2, inode_bitmap=18, inode_table=34, free_blocks=1911, free_inodes=2036, bg_flags=4
[Ext4Adapter] HACK: Spoofing GDT Entry 1 to avoid System Zone collision
[Ext4Adapter] read_offset: off=4096, block=1, local_off=0
[Ext4Adapter] GDT read: block_bitmap=2, inode_bitmap=18, inode_table=34, free_blocks=1911, free_inodes=2036, bg_flags=4
[Ext4Adapter] HACK: Spoofing GDT Entry 1 to avoid System Zone collision
[Ext4Adapter] read_offset: off=142080, block=34, local_off=2816
[Ext4Adapter] read_offset: off=12288, block=3, local_off=0
[Ext4Adapter] write_offset success: off=12288, block=3
[Ext4Adapter] write_offset success: off=12288, block=3
[Ext4Adapter] read_offset: off=4096, block=1, local_off=0
[Ext4Adapter] GDT read: block_bitmap=2, inode_bitmap=18, inode_table=34, free_blocks=1911, free_inodes=2036, bg_flags=4
[Ext4Adapter] HACK: Spoofing GDT Entry 1 to avoid System Zone collision
[Ext4Adapter] read_offset: off=4096, block=1, local_off=0
[Ext4Adapter] GDT read: block_bitmap=2, inode_bitmap=18, inode_table=34, free_blocks=1911, free_inodes=2036, bg_flags=4
[Ext4Adapter] HACK: Spoofing GDT Entry 1 to avoid System Zone collision
[Ext4Adapter] read_offset: off=4096, block=1, local_off=0
[Ext4Adapter] GDT read: block_bitmap=2, inode_bitmap=18, inode_table=34, free_blocks=1911, free_inodes=2036, bg_flags=4
[Ext4Adapter] HACK: Spoofing GDT Entry 1 to avoid System Zone collision
[Ext4Adapter] read_offset: off=8192, block=2, local_off=0
[Ext4Adapter] Reading Block 2 (Bitmap): zeros=237, first_bytes=[ff, 00, 04, 00, fc, ff, ff, ff, ff, ff, ff, ff, ff, ff, ff, ff]
[Ext4Adapter] write_offset success: off=8192, block=2
[Ext4Adapter] read_offset: off=4096, block=1, local_off=0
[Ext4Adapter] GDT read: block_bitmap=2, inode_bitmap=18, inode_table=34, free_blocks=1911, free_inodes=2036, bg_flags=4
[Ext4Adapter] HACK: Spoofing GDT Entry 1 to avoid System Zone collision
[Ext4Adapter] read_offset: off=4096, block=1, local_off=0
[Ext4Adapter] GDT read: block_bitmap=2, inode_bitmap=18, inode_table=34, free_blocks=1910, free_inodes=2036, bg_flags=4
[Ext4Adapter] HACK: Spoofing GDT Entry 1 to avoid System Zone collision
[Ext4Adapter] read_offset: off=4096, block=1, local_off=0
[Ext4Adapter] GDT read: block_bitmap=2, inode_bitmap=18, inode_table=34, free_blocks=1910, free_inodes=2036, bg_flags=4
[Ext4Adapter] HACK: Spoofing GDT Entry 1 to avoid System Zone collision
[Ext4Adapter] read_offset: off=32768, block=8, local_off=0
[Ext4Adapter] write_offset success: off=32768, block=8
[Ext4Adapter] read_offset: off=32768, block=8, local_off=0
[Ext4Adapter] write_offset success: off=32768, block=8
[Ext4Adapter] write_offset success: off=32768, block=8
[Ext4Adapter] read_offset: off=4096, block=1, local_off=0
[Ext4Adapter] GDT read: block_bitmap=2, inode_bitmap=18, inode_table=34, free_blocks=1910, free_inodes=2036, bg_flags=4
[Ext4Adapter] HACK: Spoofing GDT Entry 1 to avoid System Zone collision
[Ext4Adapter] read_offset: off=4096, block=1, local_off=0
[Ext4Adapter] GDT read: block_bitmap=2, inode_bitmap=18, inode_table=34, free_blocks=1910, free_inodes=2036, bg_flags=4
[Ext4Adapter] HACK: Spoofing GDT Entry 1 to avoid System Zone collision
[Ext4Adapter] read_offset: off=4096, block=1, local_off=0
[Ext4Adapter] GDT read: block_bitmap=2, inode_bitmap=18, inode_table=34, free_blocks=1910, free_inodes=2036, bg_flags=4
[Ext4Adapter] HACK: Spoofing GDT Entry 1 to avoid System Zone collision
[Ext4Adapter] read_offset: off=142080, block=34, local_off=2816
[Ext4Adapter] read_offset: off=32768, block=8, local_off=0
[31mFailed assertion: result.is_err() at src/fs/tests/ext4/ext4_directory.rs:201[0m
[31mFailed assertion: matches!(result, Err(FsError::IsDirectory)) at src/fs/tests/ext4/ext4_directory.rs:202[0m
[91m[failed] Test failed with 2 failed assertions[0m

[33m=======================================[0m
[33mRunning test: os::fs::tests::ext4::ext4_directory::test_ext4_readdir[0m
[Ext4Adapter] Created adapter with block_size: 4096
[Ext4Adapter] read_offset: off=1024, block=0, local_off=1024
[Ext4Adapter] SB read: blocks_count=2048, r_blocks_count=0, free_blocks=1911, first_data_block=0, log_block_size=2, blocks_per_group=32768, desc_size=64
[Ext4Adapter] SB read: inodes_count=2048, inodes_per_group=2048, reserved_gdt_blocks=0
[Ext4Adapter] SB features (orig): compat=8, incompat=2c2, ro_compat=6b
[Ext4Adapter] HACK: Spoofing s_blocks_count to 65536 to force 2 block groups
[Ext4Adapter] read_offset: off=4096, block=1, local_off=0
[Ext4Adapter] GDT read: block_bitmap=2, inode_bitmap=18, inode_table=34, free_blocks=1911, free_inodes=2037, bg_flags=4
[Ext4Adapter] HACK: Spoofing GDT Entry 1 to avoid System Zone collision
[Ext4Adapter] read_offset: off=4096, block=1, local_off=0
[Ext4Adapter] GDT read: block_bitmap=2, inode_bitmap=18, inode_table=34, free_blocks=1911, free_inodes=2037, bg_flags=4
[Ext4Adapter] HACK: Spoofing GDT Entry 1 to avoid System Zone collision
[Ext4Adapter] read_offset: off=4096, block=1, local_off=0
[Ext4Adapter] GDT read: block_bitmap=2, inode_bitmap=18, inode_table=34, free_blocks=1911, free_inodes=2037, bg_flags=4
[Ext4Adapter] HACK: Spoofing GDT Entry 1 to avoid System Zone collision
[Ext4Adapter] read_offset: off=139520, block=34, local_off=256
[Ext4Adapter] read_offset: off=4096, block=1, local_off=0
[Ext4Adapter] GDT read: block_bitmap=2, inode_bitmap=18, inode_table=34, free_blocks=1911, free_inodes=2037, bg_flags=4
[Ext4Adapter] HACK: Spoofing GDT Entry 1 to avoid System Zone collision
[Ext4Adapter] read_offset: off=139520, block=34, local_off=256
[Ext4Adapter] read_offset: off=4096, block=1, local_off=0
[Ext4Adapter] GDT read: block_bitmap=2, inode_bitmap=18, inode_table=34, free_blocks=1911, free_inodes=2037, bg_flags=4
[Ext4Adapter] HACK: Spoofing GDT Entry 1 to avoid System Zone collision
[Ext4Adapter] read_offset: off=139520, block=34, local_off=256
[Ext4Adapter] read_offset: off=12288, block=3, local_off=0
[Ext4Adapter] read_offset: off=4096, block=1, local_off=0
[Ext4Adapter] GDT read: block_bitmap=2, inode_bitmap=18, inode_table=34, free_blocks=1911, free_inodes=2037, bg_flags=4
[Ext4Adapter] HACK: Spoofing GDT Entry 1 to avoid System Zone collision
[Ext4Adapter] read_offset: off=139520, block=34, local_off=256
[Ext4Adapter] read_offset: off=4096, block=1, local_off=0
[Ext4Adapter] GDT read: block_bitmap=2, inode_bitmap=18, inode_table=34, free_blocks=1911, free_inodes=2037, bg_flags=4
[Ext4Adapter] HACK: Spoofing GDT Entry 1 to avoid System Zone collision
[Ext4Adapter] read_offset: off=73728, block=18, local_off=0
[Ext4Adapter] Reading Block 18 (Inode Bitmap): zeros=254, first_bytes=[ff, 07, 00, 00, 00, 00, 00, 00, 00, 00, 00, 00, 00, 00, 00, 00]
[Ext4Adapter] write_offset success: off=73728, block=18
[Ext4Adapter] read_offset: off=4096, block=1, local_off=0
[Ext4Adapter] GDT read: block_bitmap=2, inode_bitmap=18, inode_table=34, free_blocks=1911, free_inodes=2036, bg_flags=4
[Ext4Adapter] HACK: Spoofing GDT Entry 1 to avoid System Zone collision
[Ext4Adapter] read_offset: off=4096, block=1, local_off=0
[Ext4Adapter] GDT read: block_bitmap=2, inode_bitmap=18, inode_table=34, free_blocks=1911, free_inodes=2036, bg_flags=4
[Ext4Adapter] HACK: Spoofing GDT Entry 1 to avoid System Zone collision
[Ext4Adapter] read_offset: off=142080, block=34, local_off=2816
[Ext4Adapter] read_offset: off=12288, block=3, local_off=0
[Ext4Adapter] write_offset success: off=12288, block=3
[Ext4Adapter] write_offset success: off=12288, block=3
[Ext4Adapter] read_offset: off=4096, block=1, local_off=0
[Ext4Adapter] GDT read: block_bitmap=2, inode_bitmap=18, inode_table=34, free_blocks=1911, free_inodes=2036, bg_flags=4
[Ext4Adapter] HACK: Spoofing GDT Entry 1 to avoid System Zone collision
[Ext4Adapter] read_offset: off=4096, block=1, local_off=0
[Ext4Adapter] GDT read: block_bitmap=2, inode_bitmap=18, inode_table=34, free_blocks=1911, free_inodes=2036, bg_flags=4
[Ext4Adapter] HACK: Spoofing GDT Entry 1 to avoid System Zone collision
[Ext4Adapter] read_offset: off=4096, block=1, local_off=0
[Ext4Adapter] GDT read: block_bitmap=2, inode_bitmap=18, inode_table=34, free_blocks=1911, free_inodes=2036, bg_flags=4
[Ext4Adapter] HACK: Spoofing GDT Entry 1 to avoid System Zone collision
[Ext4Adapter] read_offset: off=4096, block=1, local_off=0
[Ext4Adapter] GDT read: block_bitmap=2, inode_bitmap=18, inode_table=34, free_blocks=1911, free_inodes=2036, bg_flags=4
[Ext4Adapter] HACK: Spoofing GDT Entry 1 to avoid System Zone collision
[Ext4Adapter] read_offset: off=139520, block=34, local_off=256
[Ext4Adapter] read_offset: off=4096, block=1, local_off=0
[Ext4Adapter] GDT read: block_bitmap=2, inode_bitmap=18, inode_table=34, free_blocks=1911, free_inodes=2036, bg_flags=4
[Ext4Adapter] HACK: Spoofing GDT Entry 1 to avoid System Zone collision
[Ext4Adapter] read_offset: off=139520, block=34, local_off=256
[Ext4Adapter] read_offset: off=4096, block=1, local_off=0
[Ext4Adapter] GDT read: block_bitmap=2, inode_bitmap=18, inode_table=34, free_blocks=1911, free_inodes=2036, bg_flags=4
[Ext4Adapter] HACK: Spoofing GDT Entry 1 to avoid System Zone collision
[Ext4Adapter] read_offset: off=139520, block=34, local_off=256
[Ext4Adapter] read_offset: off=12288, block=3, local_off=0
[Ext4Adapter] read_offset: off=4096, block=1, local_off=0
[Ext4Adapter] GDT read: block_bitmap=2, inode_bitmap=18, inode_table=34, free_blocks=1911, free_inodes=2036, bg_flags=4
[Ext4Adapter] HACK: Spoofing GDT Entry 1 to avoid System Zone collision
[Ext4Adapter] read_offset: off=139520, block=34, local_off=256
[Ext4Adapter] read_offset: off=4096, block=1, local_off=0
[Ext4Adapter] GDT read: block_bitmap=2, inode_bitmap=18, inode_table=34, free_blocks=1911, free_inodes=2036, bg_flags=4
[Ext4Adapter] HACK: Spoofing GDT Entry 1 to avoid System Zone collision
[Ext4Adapter] read_offset: off=73728, block=18, local_off=0
[Ext4Adapter] Reading Block 18 (Inode Bitmap): zeros=254, first_bytes=[ff, 0f, 00, 00, 00, 00, 00, 00, 00, 00, 00, 00, 00, 00, 00, 00]
[Ext4Adapter] write_offset success: off=73728, block=18
[Ext4Adapter] read_offset: off=4096, block=1, local_off=0
[Ext4Adapter] GDT read: block_bitmap=2, inode_bitmap=18, inode_table=34, free_blocks=1911, free_inodes=2035, bg_flags=4
[Ext4Adapter] HACK: Spoofing GDT Entry 1 to avoid System Zone collision
[Ext4Adapter] read_offset: off=4096, block=1, local_off=0
[Ext4Adapter] GDT read: block_bitmap=2, inode_bitmap=18, inode_table=34, free_blocks=1911, free_inodes=2035, bg_flags=4
[Ext4Adapter] HACK: Spoofing GDT Entry 1 to avoid System Zone collision
[Ext4Adapter] read_offset: off=142336, block=34, local_off=3072
[Ext4Adapter] read_offset: off=12288, block=3, local_off=0
[Ext4Adapter] write_offset success: off=12288, block=3
[Ext4Adapter] write_offset success: off=12288, block=3
[Ext4Adapter] read_offset: off=4096, block=1, local_off=0
[Ext4Adapter] GDT read: block_bitmap=2, inode_bitmap=18, inode_table=34, free_blocks=1911, free_inodes=2035, bg_flags=4
[Ext4Adapter] HACK: Spoofing GDT Entry 1 to avoid System Zone collision
[Ext4Adapter] read_offset: off=4096, block=1, local_off=0
[Ext4Adapter] GDT read: block_bitmap=2, inode_bitmap=18, inode_table=34, free_blocks=1911, free_inodes=2035, bg_flags=4
[Ext4Adapter] HACK: Spoofing GDT Entry 1 to avoid System Zone collision
[Ext4Adapter] read_offset: off=4096, block=1, local_off=0
[Ext4Adapter] GDT read: block_bitmap=2, inode_bitmap=18, inode_table=34, free_blocks=1911, free_inodes=2035, bg_flags=4
[Ext4Adapter] HACK: Spoofing GDT Entry 1 to avoid System Zone collision
[Ext4Adapter] read_offset: off=4096, block=1, local_off=0
[Ext4Adapter] GDT read: block_bitmap=2, inode_bitmap=18, inode_table=34, free_blocks=1911, free_inodes=2035, bg_flags=4
[Ext4Adapter] HACK: Spoofing GDT Entry 1 to avoid System Zone collision
[Ext4Adapter] read_offset: off=139520, block=34, local_off=256
[Ext4Adapter] read_offset: off=4096, block=1, local_off=0
[Ext4Adapter] GDT read: block_bitmap=2, inode_bitmap=18, inode_table=34, free_blocks=1911, free_inodes=2035, bg_flags=4
[Ext4Adapter] HACK: Spoofing GDT Entry 1 to avoid System Zone collision
[Ext4Adapter] read_offset: off=139520, block=34, local_off=256
[Ext4Adapter] read_offset: off=4096, block=1, local_off=0
[Ext4Adapter] GDT read: block_bitmap=2, inode_bitmap=18, inode_table=34, free_blocks=1911, free_inodes=2035, bg_flags=4
[Ext4Adapter] HACK: Spoofing GDT Entry 1 to avoid System Zone collision
[Ext4Adapter] read_offset: off=139520, block=34, local_off=256
[Ext4Adapter] read_offset: off=12288, block=3, local_off=0
[Ext4Adapter] read_offset: off=4096, block=1, local_off=0
[Ext4Adapter] GDT read: block_bitmap=2, inode_bitmap=18, inode_table=34, free_blocks=1911, free_inodes=2035, bg_flags=4
[Ext4Adapter] HACK: Spoofing GDT Entry 1 to avoid System Zone collision
[Ext4Adapter] read_offset: off=139520, block=34, local_off=256
[Ext4Adapter] read_offset: off=12288, block=3, local_off=0
[Ext4Adapter] read_offset: off=4096, block=1, local_off=0
[Ext4Adapter] GDT read: block_bitmap=2, inode_bitmap=18, inode_table=34, free_blocks=1911, free_inodes=2035, bg_flags=4
[Ext4Adapter] HACK: Spoofing GDT Entry 1 to avoid System Zone collision
[Ext4Adapter] read_offset: off=139520, block=34, local_off=256
[Ext4Adapter] read_offset: off=4096, block=1, local_off=0
[Ext4Adapter] GDT read: block_bitmap=2, inode_bitmap=18, inode_table=34, free_blocks=1911, free_inodes=2035, bg_flags=4
[Ext4Adapter] HACK: Spoofing GDT Entry 1 to avoid System Zone collision
[Ext4Adapter] read_offset: off=73728, block=18, local_off=0
[Ext4Adapter] Reading Block 18 (Inode Bitmap): zeros=254, first_bytes=[ff, 1f, 00, 00, 00, 00, 00, 00, 00, 00, 00, 00, 00, 00, 00, 00]
[Ext4Adapter] write_offset success: off=73728, block=18
[Ext4Adapter] read_offset: off=4096, block=1, local_off=0
[Ext4Adapter] GDT read: block_bitmap=2, inode_bitmap=18, inode_table=34, free_blocks=1911, free_inodes=2034, bg_flags=4
[Ext4Adapter] HACK: Spoofing GDT Entry 1 to avoid System Zone collision
[Ext4Adapter] read_offset: off=4096, block=1, local_off=0
[Ext4Adapter] GDT read: block_bitmap=2, inode_bitmap=18, inode_table=34, free_blocks=1911, free_inodes=2034, bg_flags=4
[Ext4Adapter] HACK: Spoofing GDT Entry 1 to avoid System Zone collision
[Ext4Adapter] read_offset: off=142592, block=34, local_off=3328
[Ext4Adapter] read_offset: off=12288, block=3, local_off=0
[Ext4Adapter] write_offset success: off=12288, block=3
[Ext4Adapter] write_offset success: off=12288, block=3
[Ext4Adapter] read_offset: off=4096, block=1, local_off=0
[Ext4Adapter] GDT read: block_bitmap=2, inode_bitmap=18, inode_table=34, free_blocks=1911, free_inodes=2034, bg_flags=4
[Ext4Adapter] HACK: Spoofing GDT Entry 1 to avoid System Zone collision
[Ext4Adapter] read_offset: off=4096, block=1, local_off=0
[Ext4Adapter] GDT read: block_bitmap=2, inode_bitmap=18, inode_table=34, free_blocks=1911, free_inodes=2034, bg_flags=4
[Ext4Adapter] HACK: Spoofing GDT Entry 1 to avoid System Zone collision
[Ext4Adapter] read_offset: off=4096, block=1, local_off=0
[Ext4Adapter] GDT read: block_bitmap=2, inode_bitmap=18, inode_table=34, free_blocks=1911, free_inodes=2034, bg_flags=4
[Ext4Adapter] HACK: Spoofing GDT Entry 1 to avoid System Zone collision
[Ext4Adapter] read_offset: off=8192, block=2, local_off=0
[Ext4Adapter] Reading Block 2 (Bitmap): zeros=237, first_bytes=[ff, 00, 04, 00, fc, ff, ff, ff, ff, ff, ff, ff, ff, ff, ff, ff]
[Ext4Adapter] write_offset success: off=8192, block=2
[Ext4Adapter] read_offset: off=4096, block=1, local_off=0
[Ext4Adapter] GDT read: block_bitmap=2, inode_bitmap=18, inode_table=34, free_blocks=1911, free_inodes=2034, bg_flags=4
[Ext4Adapter] HACK: Spoofing GDT Entry 1 to avoid System Zone collision
[Ext4Adapter] read_offset: off=4096, block=1, local_off=0
[Ext4Adapter] GDT read: block_bitmap=2, inode_bitmap=18, inode_table=34, free_blocks=1910, free_inodes=2034, bg_flags=4
[Ext4Adapter] HACK: Spoofing GDT Entry 1 to avoid System Zone collision
[Ext4Adapter] read_offset: off=4096, block=1, local_off=0
[Ext4Adapter] GDT read: block_bitmap=2, inode_bitmap=18, inode_table=34, free_blocks=1910, free_inodes=2034, bg_flags=4
[Ext4Adapter] HACK: Spoofing GDT Entry 1 to avoid System Zone collision
[Ext4Adapter] read_offset: off=32768, block=8, local_off=0
[Ext4Adapter] write_offset success: off=32768, block=8
[Ext4Adapter] read_offset: off=32768, block=8, local_off=0
[Ext4Adapter] write_offset success: off=32768, block=8
[Ext4Adapter] write_offset success: off=32768, block=8
[Ext4Adapter] read_offset: off=4096, block=1, local_off=0
[Ext4Adapter] GDT read: block_bitmap=2, inode_bitmap=18, inode_table=34, free_blocks=1910, free_inodes=2034, bg_flags=4
[Ext4Adapter] HACK: Spoofing GDT Entry 1 to avoid System Zone collision
[Ext4Adapter] read_offset: off=4096, block=1, local_off=0
[Ext4Adapter] GDT read: block_bitmap=2, inode_bitmap=18, inode_table=34, free_blocks=1910, free_inodes=2034, bg_flags=4
[Ext4Adapter] HACK: Spoofing GDT Entry 1 to avoid System Zone collision
[Ext4Adapter] read_offset: off=4096, block=1, local_off=0
[Ext4Adapter] GDT read: block_bitmap=2, inode_bitmap=18, inode_table=34, free_blocks=1910, free_inodes=2034, bg_flags=4
[Ext4Adapter] HACK: Spoofing GDT Entry 1 to avoid System Zone collision
[Ext4Adapter] read_offset: off=139520, block=34, local_off=256
[Ext4Adapter] read_offset: off=4096, block=1, local_off=0
[Ext4Adapter] GDT read: block_bitmap=2, inode_bitmap=18, inode_table=34, free_blocks=1910, free_inodes=2034, bg_flags=4
[Ext4Adapter] HACK: Spoofing GDT Entry 1 to avoid System Zone collision
[Ext4Adapter] read_offset: off=139520, block=34, local_off=256
[Ext4Adapter] read_offset: off=12288, block=3, local_off=0
[32m[ok] Test passed[0m

[33m=======================================[0m
[33mRunning test: os::fs::tests::ext4::ext4_directory::test_ext4_readdir_empty[0m
[Ext4Adapter] Created adapter with block_size: 4096
[Ext4Adapter] read_offset: off=1024, block=0, local_off=1024
[Ext4Adapter] SB read: blocks_count=2048, r_blocks_count=0, free_blocks=1911, first_data_block=0, log_block_size=2, blocks_per_group=32768, desc_size=64
[Ext4Adapter] SB read: inodes_count=2048, inodes_per_group=2048, reserved_gdt_blocks=0
[Ext4Adapter] SB features (orig): compat=8, incompat=2c2, ro_compat=6b
[Ext4Adapter] HACK: Spoofing s_blocks_count to 65536 to force 2 block groups
[Ext4Adapter] read_offset: off=4096, block=1, local_off=0
[Ext4Adapter] GDT read: block_bitmap=2, inode_bitmap=18, inode_table=34, free_blocks=1911, free_inodes=2037, bg_flags=4
[Ext4Adapter] HACK: Spoofing GDT Entry 1 to avoid System Zone collision
[Ext4Adapter] read_offset: off=4096, block=1, local_off=0
[Ext4Adapter] GDT read: block_bitmap=2, inode_bitmap=18, inode_table=34, free_blocks=1911, free_inodes=2037, bg_flags=4
[Ext4Adapter] HACK: Spoofing GDT Entry 1 to avoid System Zone collision
[Ext4Adapter] read_offset: off=4096, block=1, local_off=0
[Ext4Adapter] GDT read: block_bitmap=2, inode_bitmap=18, inode_table=34, free_blocks=1911, free_inodes=2037, bg_flags=4
[Ext4Adapter] HACK: Spoofing GDT Entry 1 to avoid System Zone collision
[Ext4Adapter] read_offset: off=139520, block=34, local_off=256
[Ext4Adapter] read_offset: off=4096, block=1, local_off=0
[Ext4Adapter] GDT read: block_bitmap=2, inode_bitmap=18, inode_table=34, free_blocks=1911, free_inodes=2037, bg_flags=4
[Ext4Adapter] HACK: Spoofing GDT Entry 1 to avoid System Zone collision
[Ext4Adapter] read_offset: off=139520, block=34, local_off=256
[Ext4Adapter] read_offset: off=4096, block=1, local_off=0
[Ext4Adapter] GDT read: block_bitmap=2, inode_bitmap=18, inode_table=34, free_blocks=1911, free_inodes=2037, bg_flags=4
[Ext4Adapter] HACK: Spoofing GDT Entry 1 to avoid System Zone collision
[Ext4Adapter] read_offset: off=139520, block=34, local_off=256
[Ext4Adapter] read_offset: off=12288, block=3, local_off=0
[Ext4Adapter] read_offset: off=4096, block=1, local_off=0
[Ext4Adapter] GDT read: block_bitmap=2, inode_bitmap=18, inode_table=34, free_blocks=1911, free_inodes=2037, bg_flags=4
[Ext4Adapter] HACK: Spoofing GDT Entry 1 to avoid System Zone collision
[Ext4Adapter] read_offset: off=139520, block=34, local_off=256
[Ext4Adapter] read_offset: off=12288, block=3, local_off=0
[Ext4Adapter] read_offset: off=4096, block=1, local_off=0
[Ext4Adapter] GDT read: block_bitmap=2, inode_bitmap=18, inode_table=34, free_blocks=1911, free_inodes=2037, bg_flags=4
[Ext4Adapter] HACK: Spoofing GDT Entry 1 to avoid System Zone collision
[Ext4Adapter] read_offset: off=139520, block=34, local_off=256
[Ext4Adapter] read_offset: off=4096, block=1, local_off=0
[Ext4Adapter] GDT read: block_bitmap=2, inode_bitmap=18, inode_table=34, free_blocks=1911, free_inodes=2037, bg_flags=4
[Ext4Adapter] HACK: Spoofing GDT Entry 1 to avoid System Zone collision
[Ext4Adapter] read_offset: off=73728, block=18, local_off=0
[Ext4Adapter] Reading Block 18 (Inode Bitmap): zeros=254, first_bytes=[ff, 07, 00, 00, 00, 00, 00, 00, 00, 00, 00, 00, 00, 00, 00, 00]
[Ext4Adapter] write_offset success: off=73728, block=18
[Ext4Adapter] read_offset: off=4096, block=1, local_off=0
[Ext4Adapter] GDT read: block_bitmap=2, inode_bitmap=18, inode_table=34, free_blocks=1911, free_inodes=2036, bg_flags=4
[Ext4Adapter] HACK: Spoofing GDT Entry 1 to avoid System Zone collision
[Ext4Adapter] read_offset: off=4096, block=1, local_off=0
[Ext4Adapter] GDT read: block_bitmap=2, inode_bitmap=18, inode_table=34, free_blocks=1911, free_inodes=2036, bg_flags=4
[Ext4Adapter] HACK: Spoofing GDT Entry 1 to avoid System Zone collision
[Ext4Adapter] read_offset: off=142080, block=34, local_off=2816
[Ext4Adapter] read_offset: off=12288, block=3, local_off=0
[Ext4Adapter] write_offset success: off=12288, block=3
[Ext4Adapter] write_offset success: off=12288, block=3
[Ext4Adapter] read_offset: off=4096, block=1, local_off=0
[Ext4Adapter] GDT read: block_bitmap=2, inode_bitmap=18, inode_table=34, free_blocks=1911, free_inodes=2036, bg_flags=4
[Ext4Adapter] HACK: Spoofing GDT Entry 1 to avoid System Zone collision
[Ext4Adapter] read_offset: off=4096, block=1, local_off=0
[Ext4Adapter] GDT read: block_bitmap=2, inode_bitmap=18, inode_table=34, free_blocks=1911, free_inodes=2036, bg_flags=4
[Ext4Adapter] HACK: Spoofing GDT Entry 1 to avoid System Zone collision
[Ext4Adapter] read_offset: off=4096, block=1, local_off=0
[Ext4Adapter] GDT read: block_bitmap=2, inode_bitmap=18, inode_table=34, free_blocks=1911, free_inodes=2036, bg_flags=4
[Ext4Adapter] HACK: Spoofing GDT Entry 1 to avoid System Zone collision
[Ext4Adapter] read_offset: off=8192, block=2, local_off=0
[Ext4Adapter] Reading Block 2 (Bitmap): zeros=237, first_bytes=[ff, 00, 04, 00, fc, ff, ff, ff, ff, ff, ff, ff, ff, ff, ff, ff]
[Ext4Adapter] write_offset success: off=8192, block=2
[Ext4Adapter] read_offset: off=4096, block=1, local_off=0
[Ext4Adapter] GDT read: block_bitmap=2, inode_bitmap=18, inode_table=34, free_blocks=1911, free_inodes=2036, bg_flags=4
[Ext4Adapter] HACK: Spoofing GDT Entry 1 to avoid System Zone collision
[Ext4Adapter] read_offset: off=4096, block=1, local_off=0
[Ext4Adapter] GDT read: block_bitmap=2, inode_bitmap=18, inode_table=34, free_blocks=1910, free_inodes=2036, bg_flags=4
[Ext4Adapter] HACK: Spoofing GDT Entry 1 to avoid System Zone collision
[Ext4Adapter] read_offset: off=4096, block=1, local_off=0
[Ext4Adapter] GDT read: block_bitmap=2, inode_bitmap=18, inode_table=34, free_blocks=1910, free_inodes=2036, bg_flags=4
[Ext4Adapter] HACK: Spoofing GDT Entry 1 to avoid System Zone collision
[Ext4Adapter] read_offset: off=32768, block=8, local_off=0
[Ext4Adapter] write_offset success: off=32768, block=8
[Ext4Adapter] read_offset: off=32768, block=8, local_off=0
[Ext4Adapter] write_offset success: off=32768, block=8
[Ext4Adapter] write_offset success: off=32768, block=8
[Ext4Adapter] read_offset: off=4096, block=1, local_off=0
[Ext4Adapter] GDT read: block_bitmap=2, inode_bitmap=18, inode_table=34, free_blocks=1910, free_inodes=2036, bg_flags=4
[Ext4Adapter] HACK: Spoofing GDT Entry 1 to avoid System Zone collision
[Ext4Adapter] read_offset: off=4096, block=1, local_off=0
[Ext4Adapter] GDT read: block_bitmap=2, inode_bitmap=18, inode_table=34, free_blocks=1910, free_inodes=2036, bg_flags=4
[Ext4Adapter] HACK: Spoofing GDT Entry 1 to avoid System Zone collision
[Ext4Adapter] read_offset: off=4096, block=1, local_off=0
[Ext4Adapter] GDT read: block_bitmap=2, inode_bitmap=18, inode_table=34, free_blocks=1910, free_inodes=2036, bg_flags=4
[Ext4Adapter] HACK: Spoofing GDT Entry 1 to avoid System Zone collision
[Ext4Adapter] read_offset: off=142080, block=34, local_off=2816
[Ext4Adapter] read_offset: off=4096, block=1, local_off=0
[Ext4Adapter] GDT read: block_bitmap=2, inode_bitmap=18, inode_table=34, free_blocks=1910, free_inodes=2036, bg_flags=4
[Ext4Adapter] HACK: Spoofing GDT Entry 1 to avoid System Zone collision
[Ext4Adapter] read_offset: off=142080, block=34, local_off=2816
[Ext4Adapter] read_offset: off=32768, block=8, local_off=0
[32m[ok] Test passed[0m

[33m=======================================[0m
[33mRunning test: os::fs::tests::ext4::ext4_directory::test_ext4_unlink_directory[0m
[Ext4Adapter] Created adapter with block_size: 4096
[Ext4Adapter] read_offset: off=1024, block=0, local_off=1024
[Ext4Adapter] SB read: blocks_count=2048, r_blocks_count=0, free_blocks=1911, first_data_block=0, log_block_size=2, blocks_per_group=32768, desc_size=64
[Ext4Adapter] SB read: inodes_count=2048, inodes_per_group=2048, reserved_gdt_blocks=0
[Ext4Adapter] SB features (orig): compat=8, incompat=2c2, ro_compat=6b
[Ext4Adapter] HACK: Spoofing s_blocks_count to 65536 to force 2 block groups
[Ext4Adapter] read_offset: off=4096, block=1, local_off=0
[Ext4Adapter] GDT read: block_bitmap=2, inode_bitmap=18, inode_table=34, free_blocks=1911, free_inodes=2037, bg_flags=4
[Ext4Adapter] HACK: Spoofing GDT Entry 1 to avoid System Zone collision
[Ext4Adapter] read_offset: off=4096, block=1, local_off=0
[Ext4Adapter] GDT read: block_bitmap=2, inode_bitmap=18, inode_table=34, free_blocks=1911, free_inodes=2037, bg_flags=4
[Ext4Adapter] HACK: Spoofing GDT Entry 1 to avoid System Zone collision
[Ext4Adapter] read_offset: off=4096, block=1, local_off=0
[Ext4Adapter] GDT read: block_bitmap=2, inode_bitmap=18, inode_table=34, free_blocks=1911, free_inodes=2037, bg_flags=4
[Ext4Adapter] HACK: Spoofing GDT Entry 1 to avoid System Zone collision
[Ext4Adapter] read_offset: off=139520, block=34, local_off=256
[Ext4Adapter] read_offset: off=4096, block=1, local_off=0
[Ext4Adapter] GDT read: block_bitmap=2, inode_bitmap=18, inode_table=34, free_blocks=1911, free_inodes=2037, bg_flags=4
[Ext4Adapter] HACK: Spoofing GDT Entry 1 to avoid System Zone collision
[Ext4Adapter] read_offset: off=139520, block=34, local_off=256
[Ext4Adapter] read_offset: off=4096, block=1, local_off=0
[Ext4Adapter] GDT read: block_bitmap=2, inode_bitmap=18, inode_table=34, free_blocks=1911, free_inodes=2037, bg_flags=4
[Ext4Adapter] HACK: Spoofing GDT Entry 1 to avoid System Zone collision
[Ext4Adapter] read_offset: off=139520, block=34, local_off=256
[Ext4Adapter] read_offset: off=12288, block=3, local_off=0
[Ext4Adapter] read_offset: off=4096, block=1, local_off=0
[Ext4Adapter] GDT read: block_bitmap=2, inode_bitmap=18, inode_table=34, free_blocks=1911, free_inodes=2037, bg_flags=4
[Ext4Adapter] HACK: Spoofing GDT Entry 1 to avoid System Zone collision
[Ext4Adapter] read_offset: off=139520, block=34, local_off=256
[Ext4Adapter] read_offset: off=12288, block=3, local_off=0
[Ext4Adapter] read_offset: off=4096, block=1, local_off=0
[Ext4Adapter] GDT read: block_bitmap=2, inode_bitmap=18, inode_table=34, free_blocks=1911, free_inodes=2037, bg_flags=4
[Ext4Adapter] HACK: Spoofing GDT Entry 1 to avoid System Zone collision
[Ext4Adapter] read_offset: off=139520, block=34, local_off=256
[Ext4Adapter] read_offset: off=4096, block=1, local_off=0
[Ext4Adapter] GDT read: block_bitmap=2, inode_bitmap=18, inode_table=34, free_blocks=1911, free_inodes=2037, bg_flags=4
[Ext4Adapter] HACK: Spoofing GDT Entry 1 to avoid System Zone collision
[Ext4Adapter] read_offset: off=73728, block=18, local_off=0
[Ext4Adapter] Reading Block 18 (Inode Bitmap): zeros=254, first_bytes=[ff, 07, 00, 00, 00, 00, 00, 00, 00, 00, 00, 00, 00, 00, 00, 00]
[Ext4Adapter] write_offset success: off=73728, block=18
[Ext4Adapter] read_offset: off=4096, block=1, local_off=0
[Ext4Adapter] GDT read: block_bitmap=2, inode_bitmap=18, inode_table=34, free_blocks=1911, free_inodes=2036, bg_flags=4
[Ext4Adapter] HACK: Spoofing GDT Entry 1 to avoid System Zone collision
[Ext4Adapter] read_offset: off=4096, block=1, local_off=0
[Ext4Adapter] GDT read: block_bitmap=2, inode_bitmap=18, inode_table=34, free_blocks=1911, free_inodes=2036, bg_flags=4
[Ext4Adapter] HACK: Spoofing GDT Entry 1 to avoid System Zone collision
[Ext4Adapter] read_offset: off=142080, block=34, local_off=2816
[Ext4Adapter] read_offset: off=12288, block=3, local_off=0
[Ext4Adapter] write_offset success: off=12288, block=3
[Ext4Adapter] write_offset success: off=12288, block=3
[Ext4Adapter] read_offset: off=4096, block=1, local_off=0
[Ext4Adapter] GDT read: block_bitmap=2, inode_bitmap=18, inode_table=34, free_blocks=1911, free_inodes=2036, bg_flags=4
[Ext4Adapter] HACK: Spoofing GDT Entry 1 to avoid System Zone collision
[Ext4Adapter] read_offset: off=4096, block=1, local_off=0
[Ext4Adapter] GDT read: block_bitmap=2, inode_bitmap=18, inode_table=34, free_blocks=1911, free_inodes=2036, bg_flags=4
[Ext4Adapter] HACK: Spoofing GDT Entry 1 to avoid System Zone collision
[Ext4Adapter] read_offset: off=4096, block=1, local_off=0
[Ext4Adapter] GDT read: block_bitmap=2, inode_bitmap=18, inode_table=34, free_blocks=1911, free_inodes=2036, bg_flags=4
[Ext4Adapter] HACK: Spoofing GDT Entry 1 to avoid System Zone collision
[Ext4Adapter] read_offset: off=8192, block=2, local_off=0
[Ext4Adapter] Reading Block 2 (Bitmap): zeros=237, first_bytes=[ff, 00, 04, 00, fc, ff, ff, ff, ff, ff, ff, ff, ff, ff, ff, ff]
[Ext4Adapter] write_offset success: off=8192, block=2
[Ext4Adapter] read_offset: off=4096, block=1, local_off=0
[Ext4Adapter] GDT read: block_bitmap=2, inode_bitmap=18, inode_table=34, free_blocks=1911, free_inodes=2036, bg_flags=4
[Ext4Adapter] HACK: Spoofing GDT Entry 1 to avoid System Zone collision
[Ext4Adapter] read_offset: off=4096, block=1, local_off=0
[Ext4Adapter] GDT read: block_bitmap=2, inode_bitmap=18, inode_table=34, free_blocks=1910, free_inodes=2036, bg_flags=4
[Ext4Adapter] HACK: Spoofing GDT Entry 1 to avoid System Zone collision
[Ext4Adapter] read_offset: off=4096, block=1, local_off=0
[Ext4Adapter] GDT read: block_bitmap=2, inode_bitmap=18, inode_table=34, free_blocks=1910, free_inodes=2036, bg_flags=4
[Ext4Adapter] HACK: Spoofing GDT Entry 1 to avoid System Zone collision
[Ext4Adapter] read_offset: off=32768, block=8, local_off=0
[Ext4Adapter] write_offset success: off=32768, block=8
[Ext4Adapter] read_offset: off=32768, block=8, local_off=0
[Ext4Adapter] write_offset success: off=32768, block=8
[Ext4Adapter] write_offset success: off=32768, block=8
[Ext4Adapter] read_offset: off=4096, block=1, local_off=0
[Ext4Adapter] GDT read: block_bitmap=2, inode_bitmap=18, inode_table=34, free_blocks=1910, free_inodes=2036, bg_flags=4
[Ext4Adapter] HACK: Spoofing GDT Entry 1 to avoid System Zone collision
[Ext4Adapter] read_offset: off=4096, block=1, local_off=0
[Ext4Adapter] GDT read: block_bitmap=2, inode_bitmap=18, inode_table=34, free_blocks=1910, free_inodes=2036, bg_flags=4
[Ext4Adapter] HACK: Spoofing GDT Entry 1 to avoid System Zone collision
[Ext4Adapter] read_offset: off=4096, block=1, local_off=0
[Ext4Adapter] GDT read: block_bitmap=2, inode_bitmap=18, inode_table=34, free_blocks=1910, free_inodes=2036, bg_flags=4
[Ext4Adapter] HACK: Spoofing GDT Entry 1 to avoid System Zone collision
[Ext4Adapter] read_offset: off=139520, block=34, local_off=256
[Ext4Adapter] read_offset: off=4096, block=1, local_off=0
[Ext4Adapter] GDT read: block_bitmap=2, inode_bitmap=18, inode_table=34, free_blocks=1910, free_inodes=2036, bg_flags=4
[Ext4Adapter] HACK: Spoofing GDT Entry 1 to avoid System Zone collision
[Ext4Adapter] read_offset: off=139520, block=34, local_off=256
[Ext4Adapter] read_offset: off=4096, block=1, local_off=0
[Ext4Adapter] GDT read: block_bitmap=2, inode_bitmap=18, inode_table=34, free_blocks=1910, free_inodes=2036, bg_flags=4
[Ext4Adapter] HACK: Spoofing GDT Entry 1 to avoid System Zone collision
[Ext4Adapter] read_offset: off=139520, block=34, local_off=256
[Ext4Adapter] read_offset: off=12288, block=3, local_off=0
[Ext4Adapter] read_offset: off=4096, block=1, local_off=0
[Ext4Adapter] GDT read: block_bitmap=2, inode_bitmap=18, inode_table=34, free_blocks=1910, free_inodes=2036, bg_flags=4
[Ext4Adapter] HACK: Spoofing GDT Entry 1 to avoid System Zone collision
[Ext4Adapter] read_offset: off=139520, block=34, local_off=256
[Ext4Adapter] read_offset: off=12288, block=3, local_off=0
[Ext4Adapter] read_offset: off=4096, block=1, local_off=0
[Ext4Adapter] GDT read: block_bitmap=2, inode_bitmap=18, inode_table=34, free_blocks=1910, free_inodes=2036, bg_flags=4
[Ext4Adapter] HACK: Spoofing GDT Entry 1 to avoid System Zone collision
[Ext4Adapter] read_offset: off=139520, block=34, local_off=256
[Ext4Adapter] read_offset: off=4096, block=1, local_off=0
[Ext4Adapter] GDT read: block_bitmap=2, inode_bitmap=18, inode_table=34, free_blocks=1910, free_inodes=2036, bg_flags=4
[Ext4Adapter] HACK: Spoofing GDT Entry 1 to avoid System Zone collision
[Ext4Adapter] read_offset: off=142080, block=34, local_off=2816
[Ext4Adapter] read_offset: off=4096, block=1, local_off=0
[Ext4Adapter] GDT read: block_bitmap=2, inode_bitmap=18, inode_table=34, free_blocks=1910, free_inodes=2036, bg_flags=4
[Ext4Adapter] HACK: Spoofing GDT Entry 1 to avoid System Zone collision
[Ext4Adapter] read_offset: off=142080, block=34, local_off=2816
[Ext4Adapter] read_offset: off=32768, block=8, local_off=0
[Ext4Adapter] read_offset: off=4096, block=1, local_off=0
[Ext4Adapter] GDT read: block_bitmap=2, inode_bitmap=18, inode_table=34, free_blocks=1910, free_inodes=2036, bg_flags=4
[Ext4Adapter] HACK: Spoofing GDT Entry 1 to avoid System Zone collision
[Ext4Adapter] read_offset: off=8192, block=2, local_off=0
[Ext4Adapter] Reading Block 2 (Bitmap): zeros=236, first_bytes=[ff, 01, 04, 00, fc, ff, ff, ff, ff, ff, ff, ff, ff, ff, ff, ff]
[Ext4Adapter] write_offset success: off=8192, block=2
[Ext4Adapter] read_offset: off=4096, block=1, local_off=0
[Ext4Adapter] GDT read: block_bitmap=2, inode_bitmap=18, inode_table=34, free_blocks=1910, free_inodes=2036, bg_flags=4
[Ext4Adapter] HACK: Spoofing GDT Entry 1 to avoid System Zone collision
[Ext4Adapter] read_offset: off=4096, block=1, local_off=0
[Ext4Adapter] GDT read: block_bitmap=2, inode_bitmap=18, inode_table=34, free_blocks=1911, free_inodes=2036, bg_flags=4
[Ext4Adapter] HACK: Spoofing GDT Entry 1 to avoid System Zone collision
[Ext4Adapter] read_offset: off=4096, block=1, local_off=0
[Ext4Adapter] GDT read: block_bitmap=2, inode_bitmap=18, inode_table=34, free_blocks=1911, free_inodes=2036, bg_flags=4
[Ext4Adapter] HACK: Spoofing GDT Entry 1 to avoid System Zone collision
[Ext4Adapter] read_offset: off=139520, block=34, local_off=256
[Ext4Adapter] read_offset: off=12288, block=3, local_off=0
[Ext4Adapter] read_offset: off=12288, block=3, local_off=0
[Ext4Adapter] write_offset success: off=12288, block=3
[Ext4Adapter] read_offset: off=4096, block=1, local_off=0
[Ext4Adapter] GDT read: block_bitmap=2, inode_bitmap=18, inode_table=34, free_blocks=1911, free_inodes=2036, bg_flags=4
[Ext4Adapter] HACK: Spoofing GDT Entry 1 to avoid System Zone collision
[Ext4Adapter] read_offset: off=73728, block=18, local_off=0
[Ext4Adapter] Reading Block 18 (Inode Bitmap): zeros=254, first_bytes=[ff, 0f, 00, 00, 00, 00, 00, 00, 00, 00, 00, 00, 00, 00, 00, 00]
[Ext4Adapter] write_offset success: off=73728, block=18
[Ext4Adapter] read_offset: off=4096, block=1, local_off=0
[Ext4Adapter] GDT read: block_bitmap=2, inode_bitmap=18, inode_table=34, free_blocks=1911, free_inodes=2037, bg_flags=4
[Ext4Adapter] HACK: Spoofing GDT Entry 1 to avoid System Zone collision
[Ext4Adapter] read_offset: off=4096, block=1, local_off=0
[Ext4Adapter] GDT read: block_bitmap=2, inode_bitmap=18, inode_table=34, free_blocks=1911, free_inodes=2037, bg_flags=4
[Ext4Adapter] HACK: Spoofing GDT Entry 1 to avoid System Zone collision
[Ext4Adapter] read_offset: off=139520, block=34, local_off=256
[Ext4Adapter] read_offset: off=4096, block=1, local_off=0
[Ext4Adapter] GDT read: block_bitmap=2, inode_bitmap=18, inode_table=34, free_blocks=1911, free_inodes=2037, bg_flags=4
[Ext4Adapter] HACK: Spoofing GDT Entry 1 to avoid System Zone collision
[Ext4Adapter] read_offset: off=139520, block=34, local_off=256
[Ext4Adapter] read_offset: off=12288, block=3, local_off=0
[32m[ok] Test passed[0m

[33m=======================================[0m
[33mRunning test: os::fs::tests::ext4::ext4_directory::test_ext4_write_to_directory[0m
[Ext4Adapter] Created adapter with block_size: 4096
[Ext4Adapter] read_offset: off=1024, block=0, local_off=1024
[Ext4Adapter] SB read: blocks_count=2048, r_blocks_count=0, free_blocks=1911, first_data_block=0, log_block_size=2, blocks_per_group=32768, desc_size=64
[Ext4Adapter] SB read: inodes_count=2048, inodes_per_group=2048, reserved_gdt_blocks=0
[Ext4Adapter] SB features (orig): compat=8, incompat=2c2, ro_compat=6b
[Ext4Adapter] HACK: Spoofing s_blocks_count to 65536 to force 2 block groups
[Ext4Adapter] read_offset: off=4096, block=1, local_off=0
[Ext4Adapter] GDT read: block_bitmap=2, inode_bitmap=18, inode_table=34, free_blocks=1911, free_inodes=2037, bg_flags=4
[Ext4Adapter] HACK: Spoofing GDT Entry 1 to avoid System Zone collision
[Ext4Adapter] read_offset: off=4096, block=1, local_off=0
[Ext4Adapter] GDT read: block_bitmap=2, inode_bitmap=18, inode_table=34, free_blocks=1911, free_inodes=2037, bg_flags=4
[Ext4Adapter] HACK: Spoofing GDT Entry 1 to avoid System Zone collision
[Ext4Adapter] read_offset: off=4096, block=1, local_off=0
[Ext4Adapter] GDT read: block_bitmap=2, inode_bitmap=18, inode_table=34, free_blocks=1911, free_inodes=2037, bg_flags=4
[Ext4Adapter] HACK: Spoofing GDT Entry 1 to avoid System Zone collision
[Ext4Adapter] read_offset: off=139520, block=34, local_off=256
[Ext4Adapter] read_offset: off=4096, block=1, local_off=0
[Ext4Adapter] GDT read: block_bitmap=2, inode_bitmap=18, inode_table=34, free_blocks=1911, free_inodes=2037, bg_flags=4
[Ext4Adapter] HACK: Spoofing GDT Entry 1 to avoid System Zone collision
[Ext4Adapter] read_offset: off=139520, block=34, local_off=256
[Ext4Adapter] read_offset: off=4096, block=1, local_off=0
[Ext4Adapter] GDT read: block_bitmap=2, inode_bitmap=18, inode_table=34, free_blocks=1911, free_inodes=2037, bg_flags=4
[Ext4Adapter] HACK: Spoofing GDT Entry 1 to avoid System Zone collision
[Ext4Adapter] read_offset: off=139520, block=34, local_off=256
[Ext4Adapter] read_offset: off=12288, block=3, local_off=0
[Ext4Adapter] read_offset: off=4096, block=1, local_off=0
[Ext4Adapter] GDT read: block_bitmap=2, inode_bitmap=18, inode_table=34, free_blocks=1911, free_inodes=2037, bg_flags=4
[Ext4Adapter] HACK: Spoofing GDT Entry 1 to avoid System Zone collision
[Ext4Adapter] read_offset: off=139520, block=34, local_off=256
[Ext4Adapter] read_offset: off=12288, block=3, local_off=0
[Ext4Adapter] read_offset: off=4096, block=1, local_off=0
[Ext4Adapter] GDT read: block_bitmap=2, inode_bitmap=18, inode_table=34, free_blocks=1911, free_inodes=2037, bg_flags=4
[Ext4Adapter] HACK: Spoofing GDT Entry 1 to avoid System Zone collision
[Ext4Adapter] read_offset: off=139520, block=34, local_off=256
[Ext4Adapter] read_offset: off=4096, block=1, local_off=0
[Ext4Adapter] GDT read: block_bitmap=2, inode_bitmap=18, inode_table=34, free_blocks=1911, free_inodes=2037, bg_flags=4
[Ext4Adapter] HACK: Spoofing GDT Entry 1 to avoid System Zone collision
[Ext4Adapter] read_offset: off=73728, block=18, local_off=0
[Ext4Adapter] Reading Block 18 (Inode Bitmap): zeros=254, first_bytes=[ff, 07, 00, 00, 00, 00, 00, 00, 00, 00, 00, 00, 00, 00, 00, 00]
[Ext4Adapter] write_offset success: off=73728, block=18
[Ext4Adapter] read_offset: off=4096, block=1, local_off=0
[Ext4Adapter] GDT read: block_bitmap=2, inode_bitmap=18, inode_table=34, free_blocks=1911, free_inodes=2036, bg_flags=4
[Ext4Adapter] HACK: Spoofing GDT Entry 1 to avoid System Zone collision
[Ext4Adapter] read_offset: off=4096, block=1, local_off=0
[Ext4Adapter] GDT read: block_bitmap=2, inode_bitmap=18, inode_table=34, free_blocks=1911, free_inodes=2036, bg_flags=4
[Ext4Adapter] HACK: Spoofing GDT Entry 1 to avoid System Zone collision
[Ext4Adapter] read_offset: off=142080, block=34, local_off=2816
[Ext4Adapter] read_offset: off=12288, block=3, local_off=0
[Ext4Adapter] write_offset success: off=12288, block=3
[Ext4Adapter] write_offset success: off=12288, block=3
[Ext4Adapter] read_offset: off=4096, block=1, local_off=0
[Ext4Adapter] GDT read: block_bitmap=2, inode_bitmap=18, inode_table=34, free_blocks=1911, free_inodes=2036, bg_flags=4
[Ext4Adapter] HACK: Spoofing GDT Entry 1 to avoid System Zone collision
[Ext4Adapter] read_offset: off=4096, block=1, local_off=0
[Ext4Adapter] GDT read: block_bitmap=2, inode_bitmap=18, inode_table=34, free_blocks=1911, free_inodes=2036, bg_flags=4
[Ext4Adapter] HACK: Spoofing GDT Entry 1 to avoid System Zone collision
[Ext4Adapter] read_offset: off=4096, block=1, local_off=0
[Ext4Adapter] GDT read: block_bitmap=2, inode_bitmap=18, inode_table=34, free_blocks=1911, free_inodes=2036, bg_flags=4
[Ext4Adapter] HACK: Spoofing GDT Entry 1 to avoid System Zone collision
[Ext4Adapter] read_offset: off=8192, block=2, local_off=0
[Ext4Adapter] Reading Block 2 (Bitmap): zeros=237, first_bytes=[ff, 00, 04, 00, fc, ff, ff, ff, ff, ff, ff, ff, ff, ff, ff, ff]
[Ext4Adapter] write_offset success: off=8192, block=2
[Ext4Adapter] read_offset: off=4096, block=1, local_off=0
[Ext4Adapter] GDT read: block_bitmap=2, inode_bitmap=18, inode_table=34, free_blocks=1911, free_inodes=2036, bg_flags=4
[Ext4Adapter] HACK: Spoofing GDT Entry 1 to avoid System Zone collision
[Ext4Adapter] read_offset: off=4096, block=1, local_off=0
[Ext4Adapter] GDT read: block_bitmap=2, inode_bitmap=18, inode_table=34, free_blocks=1910, free_inodes=2036, bg_flags=4
[Ext4Adapter] HACK: Spoofing GDT Entry 1 to avoid System Zone collision
[Ext4Adapter] read_offset: off=4096, block=1, local_off=0
[Ext4Adapter] GDT read: block_bitmap=2, inode_bitmap=18, inode_table=34, free_blocks=1910, free_inodes=2036, bg_flags=4
[Ext4Adapter] HACK: Spoofing GDT Entry 1 to avoid System Zone collision
[Ext4Adapter] read_offset: off=32768, block=8, local_off=0
[Ext4Adapter] write_offset success: off=32768, block=8
[Ext4Adapter] read_offset: off=32768, block=8, local_off=0
[Ext4Adapter] write_offset success: off=32768, block=8
[Ext4Adapter] write_offset success: off=32768, block=8
[Ext4Adapter] read_offset: off=4096, block=1, local_off=0
[Ext4Adapter] GDT read: block_bitmap=2, inode_bitmap=18, inode_table=34, free_blocks=1910, free_inodes=2036, bg_flags=4
[Ext4Adapter] HACK: Spoofing GDT Entry 1 to avoid System Zone collision
[Ext4Adapter] read_offset: off=4096, block=1, local_off=0
[Ext4Adapter] GDT read: block_bitmap=2, inode_bitmap=18, inode_table=34, free_blocks=1910, free_inodes=2036, bg_flags=4
[Ext4Adapter] HACK: Spoofing GDT Entry 1 to avoid System Zone collision
[Ext4Adapter] read_offset: off=4096, block=1, local_off=0
[Ext4Adapter] GDT read: block_bitmap=2, inode_bitmap=18, inode_table=34, free_blocks=1910, free_inodes=2036, bg_flags=4
[Ext4Adapter] HACK: Spoofing GDT Entry 1 to avoid System Zone collision
[Ext4Adapter] read_offset: off=142080, block=34, local_off=2816
[Ext4Adapter] read_offset: off=32768, block=8, local_off=0
[Ext4Adapter] read_offset: off=32768, block=8, local_off=0
[Ext4Adapter] write_offset success: off=32768, block=8
[Ext4Adapter] read_offset: off=32768, block=8, local_off=0
[31mFailed assertion: result.is_err() at src/fs/tests/ext4/ext4_directory.rs:185[0m
[31mFailed assertion: matches!(result, Err(FsError::IsDirectory)) at src/fs/tests/ext4/ext4_directory.rs:186[0m
[91m[failed] Test failed with 2 failed assertions[0m

[33m=======================================[0m
[33mRunning test: os::fs::tests::ext4::ext4_error::test_ext4_create_duplicate_directory[0m
[Ext4Adapter] Created adapter with block_size: 4096
[Ext4Adapter] read_offset: off=1024, block=0, local_off=1024
[Ext4Adapter] SB read: blocks_count=2048, r_blocks_count=0, free_blocks=1911, first_data_block=0, log_block_size=2, blocks_per_group=32768, desc_size=64
[Ext4Adapter] SB read: inodes_count=2048, inodes_per_group=2048, reserved_gdt_blocks=0
[Ext4Adapter] SB features (orig): compat=8, incompat=2c2, ro_compat=6b
[Ext4Adapter] HACK: Spoofing s_blocks_count to 65536 to force 2 block groups
[Ext4Adapter] read_offset: off=4096, block=1, local_off=0
[Ext4Adapter] GDT read: block_bitmap=2, inode_bitmap=18, inode_table=34, free_blocks=1911, free_inodes=2037, bg_flags=4
[Ext4Adapter] HACK: Spoofing GDT Entry 1 to avoid System Zone collision
[Ext4Adapter] read_offset: off=4096, block=1, local_off=0
[Ext4Adapter] GDT read: block_bitmap=2, inode_bitmap=18, inode_table=34, free_blocks=1911, free_inodes=2037, bg_flags=4
[Ext4Adapter] HACK: Spoofing GDT Entry 1 to avoid System Zone collision
[Ext4Adapter] read_offset: off=4096, block=1, local_off=0
[Ext4Adapter] GDT read: block_bitmap=2, inode_bitmap=18, inode_table=34, free_blocks=1911, free_inodes=2037, bg_flags=4
[Ext4Adapter] HACK: Spoofing GDT Entry 1 to avoid System Zone collision
[Ext4Adapter] read_offset: off=139520, block=34, local_off=256
[Ext4Adapter] read_offset: off=4096, block=1, local_off=0
[Ext4Adapter] GDT read: block_bitmap=2, inode_bitmap=18, inode_table=34, free_blocks=1911, free_inodes=2037, bg_flags=4
[Ext4Adapter] HACK: Spoofing GDT Entry 1 to avoid System Zone collision
[Ext4Adapter] read_offset: off=139520, block=34, local_off=256
[Ext4Adapter] read_offset: off=4096, block=1, local_off=0
[Ext4Adapter] GDT read: block_bitmap=2, inode_bitmap=18, inode_table=34, free_blocks=1911, free_inodes=2037, bg_flags=4
[Ext4Adapter] HACK: Spoofing GDT Entry 1 to avoid System Zone collision
[Ext4Adapter] read_offset: off=139520, block=34, local_off=256
[Ext4Adapter] read_offset: off=12288, block=3, local_off=0
[Ext4Adapter] read_offset: off=4096, block=1, local_off=0
[Ext4Adapter] GDT read: block_bitmap=2, inode_bitmap=18, inode_table=34, free_blocks=1911, free_inodes=2037, bg_flags=4
[Ext4Adapter] HACK: Spoofing GDT Entry 1 to avoid System Zone collision
[Ext4Adapter] read_offset: off=139520, block=34, local_off=256
[Ext4Adapter] read_offset: off=12288, block=3, local_off=0
[Ext4Adapter] read_offset: off=4096, block=1, local_off=0
[Ext4Adapter] GDT read: block_bitmap=2, inode_bitmap=18, inode_table=34, free_blocks=1911, free_inodes=2037, bg_flags=4
[Ext4Adapter] HACK: Spoofing GDT Entry 1 to avoid System Zone collision
[Ext4Adapter] read_offset: off=139520, block=34, local_off=256
[Ext4Adapter] read_offset: off=4096, block=1, local_off=0
[Ext4Adapter] GDT read: block_bitmap=2, inode_bitmap=18, inode_table=34, free_blocks=1911, free_inodes=2037, bg_flags=4
[Ext4Adapter] HACK: Spoofing GDT Entry 1 to avoid System Zone collision
[Ext4Adapter] read_offset: off=73728, block=18, local_off=0
[Ext4Adapter] Reading Block 18 (Inode Bitmap): zeros=254, first_bytes=[ff, 07, 00, 00, 00, 00, 00, 00, 00, 00, 00, 00, 00, 00, 00, 00]
[Ext4Adapter] write_offset success: off=73728, block=18
[Ext4Adapter] read_offset: off=4096, block=1, local_off=0
[Ext4Adapter] GDT read: block_bitmap=2, inode_bitmap=18, inode_table=34, free_blocks=1911, free_inodes=2036, bg_flags=4
[Ext4Adapter] HACK: Spoofing GDT Entry 1 to avoid System Zone collision
[Ext4Adapter] read_offset: off=4096, block=1, local_off=0
[Ext4Adapter] GDT read: block_bitmap=2, inode_bitmap=18, inode_table=34, free_blocks=1911, free_inodes=2036, bg_flags=4
[Ext4Adapter] HACK: Spoofing GDT Entry 1 to avoid System Zone collision
[Ext4Adapter] read_offset: off=142080, block=34, local_off=2816
[Ext4Adapter] read_offset: off=12288, block=3, local_off=0
[Ext4Adapter] write_offset success: off=12288, block=3
[Ext4Adapter] write_offset success: off=12288, block=3
[Ext4Adapter] read_offset: off=4096, block=1, local_off=0
[Ext4Adapter] GDT read: block_bitmap=2, inode_bitmap=18, inode_table=34, free_blocks=1911, free_inodes=2036, bg_flags=4
[Ext4Adapter] HACK: Spoofing GDT Entry 1 to avoid System Zone collision
[Ext4Adapter] read_offset: off=4096, block=1, local_off=0
[Ext4Adapter] GDT read: block_bitmap=2, inode_bitmap=18, inode_table=34, free_blocks=1911, free_inodes=2036, bg_flags=4
[Ext4Adapter] HACK: Spoofing GDT Entry 1 to avoid System Zone collision
[Ext4Adapter] read_offset: off=4096, block=1, local_off=0
[Ext4Adapter] GDT read: block_bitmap=2, inode_bitmap=18, inode_table=34, free_blocks=1911, free_inodes=2036, bg_flags=4
[Ext4Adapter] HACK: Spoofing GDT Entry 1 to avoid System Zone collision
[Ext4Adapter] read_offset: off=8192, block=2, local_off=0
[Ext4Adapter] Reading Block 2 (Bitmap): zeros=237, first_bytes=[ff, 00, 04, 00, fc, ff, ff, ff, ff, ff, ff, ff, ff, ff, ff, ff]
[Ext4Adapter] write_offset success: off=8192, block=2
[Ext4Adapter] read_offset: off=4096, block=1, local_off=0
[Ext4Adapter] GDT read: block_bitmap=2, inode_bitmap=18, inode_table=34, free_blocks=1911, free_inodes=2036, bg_flags=4
[Ext4Adapter] HACK: Spoofing GDT Entry 1 to avoid System Zone collision
[Ext4Adapter] read_offset: off=4096, block=1, local_off=0
[Ext4Adapter] GDT read: block_bitmap=2, inode_bitmap=18, inode_table=34, free_blocks=1910, free_inodes=2036, bg_flags=4
[Ext4Adapter] HACK: Spoofing GDT Entry 1 to avoid System Zone collision
[Ext4Adapter] read_offset: off=4096, block=1, local_off=0
[Ext4Adapter] GDT read: block_bitmap=2, inode_bitmap=18, inode_table=34, free_blocks=1910, free_inodes=2036, bg_flags=4
[Ext4Adapter] HACK: Spoofing GDT Entry 1 to avoid System Zone collision
[Ext4Adapter] read_offset: off=32768, block=8, local_off=0
[Ext4Adapter] write_offset success: off=32768, block=8
[Ext4Adapter] read_offset: off=32768, block=8, local_off=0
[Ext4Adapter] write_offset success: off=32768, block=8
[Ext4Adapter] write_offset success: off=32768, block=8
[Ext4Adapter] read_offset: off=4096, block=1, local_off=0
[Ext4Adapter] GDT read: block_bitmap=2, inode_bitmap=18, inode_table=34, free_blocks=1910, free_inodes=2036, bg_flags=4
[Ext4Adapter] HACK: Spoofing GDT Entry 1 to avoid System Zone collision
[Ext4Adapter] read_offset: off=4096, block=1, local_off=0
[Ext4Adapter] GDT read: block_bitmap=2, inode_bitmap=18, inode_table=34, free_blocks=1910, free_inodes=2036, bg_flags=4
[Ext4Adapter] HACK: Spoofing GDT Entry 1 to avoid System Zone collision
[Ext4Adapter] read_offset: off=4096, block=1, local_off=0
[Ext4Adapter] GDT read: block_bitmap=2, inode_bitmap=18, inode_table=34, free_blocks=1910, free_inodes=2036, bg_flags=4
[Ext4Adapter] HACK: Spoofing GDT Entry 1 to avoid System Zone collision
[Ext4Adapter] read_offset: off=139520, block=34, local_off=256
[Ext4Adapter] read_offset: off=4096, block=1, local_off=0
[Ext4Adapter] GDT read: block_bitmap=2, inode_bitmap=18, inode_table=34, free_blocks=1910, free_inodes=2036, bg_flags=4
[Ext4Adapter] HACK: Spoofing GDT Entry 1 to avoid System Zone collision
[Ext4Adapter] read_offset: off=139520, block=34, local_off=256
[Ext4Adapter] read_offset: off=4096, block=1, local_off=0
[Ext4Adapter] GDT read: block_bitmap=2, inode_bitmap=18, inode_table=34, free_blocks=1910, free_inodes=2036, bg_flags=4
[Ext4Adapter] HACK: Spoofing GDT Entry 1 to avoid System Zone collision
[Ext4Adapter] read_offset: off=139520, block=34, local_off=256
[Ext4Adapter] read_offset: off=12288, block=3, local_off=0
[32m[ok] Test passed[0m

[33m=======================================[0m
[33mRunning test: os::fs::tests::ext4::ext4_error::test_ext4_create_duplicate_file[0m
[Ext4Adapter] Created adapter with block_size: 4096
[Ext4Adapter] read_offset: off=1024, block=0, local_off=1024
[Ext4Adapter] SB read: blocks_count=2048, r_blocks_count=0, free_blocks=1911, first_data_block=0, log_block_size=2, blocks_per_group=32768, desc_size=64
[Ext4Adapter] SB read: inodes_count=2048, inodes_per_group=2048, reserved_gdt_blocks=0
[Ext4Adapter] SB features (orig): compat=8, incompat=2c2, ro_compat=6b
[Ext4Adapter] HACK: Spoofing s_blocks_count to 65536 to force 2 block groups
[Ext4Adapter] read_offset: off=4096, block=1, local_off=0
[Ext4Adapter] GDT read: block_bitmap=2, inode_bitmap=18, inode_table=34, free_blocks=1911, free_inodes=2037, bg_flags=4
[Ext4Adapter] HACK: Spoofing GDT Entry 1 to avoid System Zone collision
[Ext4Adapter] read_offset: off=4096, block=1, local_off=0
[Ext4Adapter] GDT read: block_bitmap=2, inode_bitmap=18, inode_table=34, free_blocks=1911, free_inodes=2037, bg_flags=4
[Ext4Adapter] HACK: Spoofing GDT Entry 1 to avoid System Zone collision
[Ext4Adapter] read_offset: off=4096, block=1, local_off=0
[Ext4Adapter] GDT read: block_bitmap=2, inode_bitmap=18, inode_table=34, free_blocks=1911, free_inodes=2037, bg_flags=4
[Ext4Adapter] HACK: Spoofing GDT Entry 1 to avoid System Zone collision
[Ext4Adapter] read_offset: off=139520, block=34, local_off=256
[Ext4Adapter] read_offset: off=4096, block=1, local_off=0
[Ext4Adapter] GDT read: block_bitmap=2, inode_bitmap=18, inode_table=34, free_blocks=1911, free_inodes=2037, bg_flags=4
[Ext4Adapter] HACK: Spoofing GDT Entry 1 to avoid System Zone collision
[Ext4Adapter] read_offset: off=139520, block=34, local_off=256
[Ext4Adapter] read_offset: off=4096, block=1, local_off=0
[Ext4Adapter] GDT read: block_bitmap=2, inode_bitmap=18, inode_table=34, free_blocks=1911, free_inodes=2037, bg_flags=4
[Ext4Adapter] HACK: Spoofing GDT Entry 1 to avoid System Zone collision
[Ext4Adapter] read_offset: off=139520, block=34, local_off=256
[Ext4Adapter] read_offset: off=12288, block=3, local_off=0
[Ext4Adapter] read_offset: off=4096, block=1, local_off=0
[Ext4Adapter] GDT read: block_bitmap=2, inode_bitmap=18, inode_table=34, free_blocks=1911, free_inodes=2037, bg_flags=4
[Ext4Adapter] HACK: Spoofing GDT Entry 1 to avoid System Zone collision
[Ext4Adapter] read_offset: off=139520, block=34, local_off=256
[Ext4Adapter] read_offset: off=4096, block=1, local_off=0
[Ext4Adapter] GDT read: block_bitmap=2, inode_bitmap=18, inode_table=34, free_blocks=1911, free_inodes=2037, bg_flags=4
[Ext4Adapter] HACK: Spoofing GDT Entry 1 to avoid System Zone collision
[Ext4Adapter] read_offset: off=73728, block=18, local_off=0
[Ext4Adapter] Reading Block 18 (Inode Bitmap): zeros=254, first_bytes=[ff, 07, 00, 00, 00, 00, 00, 00, 00, 00, 00, 00, 00, 00, 00, 00]
[Ext4Adapter] write_offset success: off=73728, block=18
[Ext4Adapter] read_offset: off=4096, block=1, local_off=0
[Ext4Adapter] GDT read: block_bitmap=2, inode_bitmap=18, inode_table=34, free_blocks=1911, free_inodes=2036, bg_flags=4
[Ext4Adapter] HACK: Spoofing GDT Entry 1 to avoid System Zone collision
[Ext4Adapter] read_offset: off=4096, block=1, local_off=0
[Ext4Adapter] GDT read: block_bitmap=2, inode_bitmap=18, inode_table=34, free_blocks=1911, free_inodes=2036, bg_flags=4
[Ext4Adapter] HACK: Spoofing GDT Entry 1 to avoid System Zone collision
[Ext4Adapter] read_offset: off=142080, block=34, local_off=2816
[Ext4Adapter] read_offset: off=12288, block=3, local_off=0
[Ext4Adapter] write_offset success: off=12288, block=3
[Ext4Adapter] write_offset success: off=12288, block=3
[Ext4Adapter] read_offset: off=4096, block=1, local_off=0
[Ext4Adapter] GDT read: block_bitmap=2, inode_bitmap=18, inode_table=34, free_blocks=1911, free_inodes=2036, bg_flags=4
[Ext4Adapter] HACK: Spoofing GDT Entry 1 to avoid System Zone collision
[Ext4Adapter] read_offset: off=4096, block=1, local_off=0
[Ext4Adapter] GDT read: block_bitmap=2, inode_bitmap=18, inode_table=34, free_blocks=1911, free_inodes=2036, bg_flags=4
[Ext4Adapter] HACK: Spoofing GDT Entry 1 to avoid System Zone collision
[Ext4Adapter] read_offset: off=4096, block=1, local_off=0
[Ext4Adapter] GDT read: block_bitmap=2, inode_bitmap=18, inode_table=34, free_blocks=1911, free_inodes=2036, bg_flags=4
[Ext4Adapter] HACK: Spoofing GDT Entry 1 to avoid System Zone collision
[Ext4Adapter] read_offset: off=4096, block=1, local_off=0
[Ext4Adapter] GDT read: block_bitmap=2, inode_bitmap=18, inode_table=34, free_blocks=1911, free_inodes=2036, bg_flags=4
[Ext4Adapter] HACK: Spoofing GDT Entry 1 to avoid System Zone collision
[Ext4Adapter] read_offset: off=139520, block=34, local_off=256
[Ext4Adapter] read_offset: off=4096, block=1, local_off=0
[Ext4Adapter] GDT read: block_bitmap=2, inode_bitmap=18, inode_table=34, free_blocks=1911, free_inodes=2036, bg_flags=4
[Ext4Adapter] HACK: Spoofing GDT Entry 1 to avoid System Zone collision
[Ext4Adapter] read_offset: off=139520, block=34, local_off=256
[Ext4Adapter] read_offset: off=4096, block=1, local_off=0
[Ext4Adapter] GDT read: block_bitmap=2, inode_bitmap=18, inode_table=34, free_blocks=1911, free_inodes=2036, bg_flags=4
[Ext4Adapter] HACK: Spoofing GDT Entry 1 to avoid System Zone collision
[Ext4Adapter] read_offset: off=139520, block=34, local_off=256
[Ext4Adapter] read_offset: off=12288, block=3, local_off=0
[32m[ok] Test passed[0m

[33m=======================================[0m
[33mRunning test: os::fs::tests::ext4::ext4_error::test_ext4_create_in_file[0m
[Ext4Adapter] Created adapter with block_size: 4096
[Ext4Adapter] read_offset: off=1024, block=0, local_off=1024
[Ext4Adapter] SB read: blocks_count=2048, r_blocks_count=0, free_blocks=1911, first_data_block=0, log_block_size=2, blocks_per_group=32768, desc_size=64
[Ext4Adapter] SB read: inodes_count=2048, inodes_per_group=2048, reserved_gdt_blocks=0
[Ext4Adapter] SB features (orig): compat=8, incompat=2c2, ro_compat=6b
[Ext4Adapter] HACK: Spoofing s_blocks_count to 65536 to force 2 block groups
[Ext4Adapter] read_offset: off=4096, block=1, local_off=0
[Ext4Adapter] GDT read: block_bitmap=2, inode_bitmap=18, inode_table=34, free_blocks=1911, free_inodes=2037, bg_flags=4
[Ext4Adapter] HACK: Spoofing GDT Entry 1 to avoid System Zone collision
[Ext4Adapter] read_offset: off=4096, block=1, local_off=0
[Ext4Adapter] GDT read: block_bitmap=2, inode_bitmap=18, inode_table=34, free_blocks=1911, free_inodes=2037, bg_flags=4
[Ext4Adapter] HACK: Spoofing GDT Entry 1 to avoid System Zone collision
[Ext4Adapter] read_offset: off=4096, block=1, local_off=0
[Ext4Adapter] GDT read: block_bitmap=2, inode_bitmap=18, inode_table=34, free_blocks=1911, free_inodes=2037, bg_flags=4
[Ext4Adapter] HACK: Spoofing GDT Entry 1 to avoid System Zone collision
[Ext4Adapter] read_offset: off=139520, block=34, local_off=256
[Ext4Adapter] read_offset: off=4096, block=1, local_off=0
[Ext4Adapter] GDT read: block_bitmap=2, inode_bitmap=18, inode_table=34, free_blocks=1911, free_inodes=2037, bg_flags=4
[Ext4Adapter] HACK: Spoofing GDT Entry 1 to avoid System Zone collision
[Ext4Adapter] read_offset: off=139520, block=34, local_off=256
[Ext4Adapter] read_offset: off=4096, block=1, local_off=0
[Ext4Adapter] GDT read: block_bitmap=2, inode_bitmap=18, inode_table=34, free_blocks=1911, free_inodes=2037, bg_flags=4
[Ext4Adapter] HACK: Spoofing GDT Entry 1 to avoid System Zone collision
[Ext4Adapter] read_offset: off=139520, block=34, local_off=256
[Ext4Adapter] read_offset: off=12288, block=3, local_off=0
[Ext4Adapter] read_offset: off=4096, block=1, local_off=0
[Ext4Adapter] GDT read: block_bitmap=2, inode_bitmap=18, inode_table=34, free_blocks=1911, free_inodes=2037, bg_flags=4
[Ext4Adapter] HACK: Spoofing GDT Entry 1 to avoid System Zone collision
[Ext4Adapter] read_offset: off=139520, block=34, local_off=256
[Ext4Adapter] read_offset: off=4096, block=1, local_off=0
[Ext4Adapter] GDT read: block_bitmap=2, inode_bitmap=18, inode_table=34, free_blocks=1911, free_inodes=2037, bg_flags=4
[Ext4Adapter] HACK: Spoofing GDT Entry 1 to avoid System Zone collision
[Ext4Adapter] read_offset: off=73728, block=18, local_off=0
[Ext4Adapter] Reading Block 18 (Inode Bitmap): zeros=254, first_bytes=[ff, 07, 00, 00, 00, 00, 00, 00, 00, 00, 00, 00, 00, 00, 00, 00]
[Ext4Adapter] write_offset success: off=73728, block=18
[Ext4Adapter] read_offset: off=4096, block=1, local_off=0
[Ext4Adapter] GDT read: block_bitmap=2, inode_bitmap=18, inode_table=34, free_blocks=1911, free_inodes=2036, bg_flags=4
[Ext4Adapter] HACK: Spoofing GDT Entry 1 to avoid System Zone collision
[Ext4Adapter] read_offset: off=4096, block=1, local_off=0
[Ext4Adapter] GDT read: block_bitmap=2, inode_bitmap=18, inode_table=34, free_blocks=1911, free_inodes=2036, bg_flags=4
[Ext4Adapter] HACK: Spoofing GDT Entry 1 to avoid System Zone collision
[Ext4Adapter] read_offset: off=142080, block=34, local_off=2816
[Ext4Adapter] read_offset: off=12288, block=3, local_off=0
[Ext4Adapter] write_offset success: off=12288, block=3
[Ext4Adapter] write_offset success: off=12288, block=3
[Ext4Adapter] read_offset: off=4096, block=1, local_off=0
[Ext4Adapter] GDT read: block_bitmap=2, inode_bitmap=18, inode_table=34, free_blocks=1911, free_inodes=2036, bg_flags=4
[Ext4Adapter] HACK: Spoofing GDT Entry 1 to avoid System Zone collision
[Ext4Adapter] read_offset: off=4096, block=1, local_off=0
[Ext4Adapter] GDT read: block_bitmap=2, inode_bitmap=18, inode_table=34, free_blocks=1911, free_inodes=2036, bg_flags=4
[Ext4Adapter] HACK: Spoofing GDT Entry 1 to avoid System Zone collision
[Ext4Adapter] read_offset: off=4096, block=1, local_off=0
[Ext4Adapter] GDT read: block_bitmap=2, inode_bitmap=18, inode_table=34, free_blocks=1911, free_inodes=2036, bg_flags=4
[Ext4Adapter] HACK: Spoofing GDT Entry 1 to avoid System Zone collision
[Ext4Adapter] read_offset: off=4096, block=1, local_off=0
[Ext4Adapter] GDT read: block_bitmap=2, inode_bitmap=18, inode_table=34, free_blocks=1911, free_inodes=2036, bg_flags=4
[Ext4Adapter] HACK: Spoofing GDT Entry 1 to avoid System Zone collision
[Ext4Adapter] read_offset: off=142080, block=34, local_off=2816
[Ext4Adapter] read_offset: off=4096, block=1, local_off=0
[Ext4Adapter] GDT read: block_bitmap=2, inode_bitmap=18, inode_table=34, free_blocks=1911, free_inodes=2036, bg_flags=4
[Ext4Adapter] HACK: Spoofing GDT Entry 1 to avoid System Zone collision
[Ext4Adapter] read_offset: off=4096, block=1, local_off=0
[Ext4Adapter] GDT read: block_bitmap=2, inode_bitmap=18, inode_table=34, free_blocks=1911, free_inodes=2036, bg_flags=4
[Ext4Adapter] HACK: Spoofing GDT Entry 1 to avoid System Zone collision
[Ext4Adapter] read_offset: off=8192, block=2, local_off=0
[Ext4Adapter] Reading Block 2 (Bitmap): zeros=237, first_bytes=[ff, 00, 04, 00, fc, ff, ff, ff, ff, ff, ff, ff, ff, ff, ff, ff]
[Ext4Adapter] write_offset success: off=8192, block=2
[Ext4Adapter] read_offset: off=4096, block=1, local_off=0
[Ext4Adapter] GDT read: block_bitmap=2, inode_bitmap=18, inode_table=34, free_blocks=1910, free_inodes=2036, bg_flags=4
[Ext4Adapter] HACK: Spoofing GDT Entry 1 to avoid System Zone collision
[Ext4Adapter] read_offset: off=4096, block=1, local_off=0
[Ext4Adapter] GDT read: block_bitmap=2, inode_bitmap=18, inode_table=34, free_blocks=1910, free_inodes=2036, bg_flags=4
[Ext4Adapter] HACK: Spoofing GDT Entry 1 to avoid System Zone collision
[Ext4Adapter] read_offset: off=4096, block=1, local_off=0
[Ext4Adapter] GDT read: block_bitmap=2, inode_bitmap=18, inode_table=34, free_blocks=1910, free_inodes=2036, bg_flags=4
[Ext4Adapter] HACK: Spoofing GDT Entry 1 to avoid System Zone collision
[Ext4Adapter] read_offset: off=32768, block=8, local_off=0
[Ext4Adapter] read_offset: off=32768, block=8, local_off=0
[Ext4Adapter] write_offset success: off=32768, block=8
[Ext4Adapter] read_offset: off=32768, block=8, local_off=0
[Ext4Adapter] read_offset: off=4096, block=1, local_off=0
[Ext4Adapter] GDT read: block_bitmap=2, inode_bitmap=18, inode_table=34, free_blocks=1910, free_inodes=2036, bg_flags=4
[Ext4Adapter] HACK: Spoofing GDT Entry 1 to avoid System Zone collision
[Ext4Adapter] read_offset: off=4096, block=1, local_off=0
[Ext4Adapter] GDT read: block_bitmap=2, inode_bitmap=18, inode_table=34, free_blocks=1910, free_inodes=2036, bg_flags=4
[Ext4Adapter] HACK: Spoofing GDT Entry 1 to avoid System Zone collision
[Ext4Adapter] read_offset: off=142080, block=34, local_off=2816
[Ext4Adapter] read_offset: off=4096, block=1, local_off=0
[Ext4Adapter] GDT read: block_bitmap=2, inode_bitmap=18, inode_table=34, free_blocks=1910, free_inodes=2036, bg_flags=4
[Ext4Adapter] HACK: Spoofing GDT Entry 1 to avoid System Zone collision
[Ext4Adapter] read_offset: off=142080, block=34, local_off=2816
[32m[ok] Test passed[0m

[33m=======================================[0m
[33mRunning test: os::fs::tests::ext4::ext4_error::test_ext4_empty_filename[0m
[Ext4Adapter] Created adapter with block_size: 4096
[Ext4Adapter] read_offset: off=1024, block=0, local_off=1024
[Ext4Adapter] SB read: blocks_count=2048, r_blocks_count=0, free_blocks=1911, first_data_block=0, log_block_size=2, blocks_per_group=32768, desc_size=64
[Ext4Adapter] SB read: inodes_count=2048, inodes_per_group=2048, reserved_gdt_blocks=0
[Ext4Adapter] SB features (orig): compat=8, incompat=2c2, ro_compat=6b
[Ext4Adapter] HACK: Spoofing s_blocks_count to 65536 to force 2 block groups
[Ext4Adapter] read_offset: off=4096, block=1, local_off=0
[Ext4Adapter] GDT read: block_bitmap=2, inode_bitmap=18, inode_table=34, free_blocks=1911, free_inodes=2037, bg_flags=4
[Ext4Adapter] HACK: Spoofing GDT Entry 1 to avoid System Zone collision
[Ext4Adapter] read_offset: off=4096, block=1, local_off=0
[Ext4Adapter] GDT read: block_bitmap=2, inode_bitmap=18, inode_table=34, free_blocks=1911, free_inodes=2037, bg_flags=4
[Ext4Adapter] HACK: Spoofing GDT Entry 1 to avoid System Zone collision
[Ext4Adapter] read_offset: off=4096, block=1, local_off=0
[Ext4Adapter] GDT read: block_bitmap=2, inode_bitmap=18, inode_table=34, free_blocks=1911, free_inodes=2037, bg_flags=4
[Ext4Adapter] HACK: Spoofing GDT Entry 1 to avoid System Zone collision
[Ext4Adapter] read_offset: off=139520, block=34, local_off=256
[Ext4Adapter] read_offset: off=4096, block=1, local_off=0
[Ext4Adapter] GDT read: block_bitmap=2, inode_bitmap=18, inode_table=34, free_blocks=1911, free_inodes=2037, bg_flags=4
[Ext4Adapter] HACK: Spoofing GDT Entry 1 to avoid System Zone collision
[Ext4Adapter] read_offset: off=139520, block=34, local_off=256
[32m[ok] Test passed[0m

[33m=======================================[0m
[33mRunning test: os::fs::tests::ext4::ext4_error::test_ext4_lookup_in_file[0m
[Ext4Adapter] Created adapter with block_size: 4096
[Ext4Adapter] read_offset: off=1024, block=0, local_off=1024
[Ext4Adapter] SB read: blocks_count=2048, r_blocks_count=0, free_blocks=1911, first_data_block=0, log_block_size=2, blocks_per_group=32768, desc_size=64
[Ext4Adapter] SB read: inodes_count=2048, inodes_per_group=2048, reserved_gdt_blocks=0
[Ext4Adapter] SB features (orig): compat=8, incompat=2c2, ro_compat=6b
[Ext4Adapter] HACK: Spoofing s_blocks_count to 65536 to force 2 block groups
[Ext4Adapter] read_offset: off=4096, block=1, local_off=0
[Ext4Adapter] GDT read: block_bitmap=2, inode_bitmap=18, inode_table=34, free_blocks=1911, free_inodes=2037, bg_flags=4
[Ext4Adapter] HACK: Spoofing GDT Entry 1 to avoid System Zone collision
[Ext4Adapter] read_offset: off=4096, block=1, local_off=0
[Ext4Adapter] GDT read: block_bitmap=2, inode_bitmap=18, inode_table=34, free_blocks=1911, free_inodes=2037, bg_flags=4
[Ext4Adapter] HACK: Spoofing GDT Entry 1 to avoid System Zone collision
[Ext4Adapter] read_offset: off=4096, block=1, local_off=0
[Ext4Adapter] GDT read: block_bitmap=2, inode_bitmap=18, inode_table=34, free_blocks=1911, free_inodes=2037, bg_flags=4
[Ext4Adapter] HACK: Spoofing GDT Entry 1 to avoid System Zone collision
[Ext4Adapter] read_offset: off=139520, block=34, local_off=256
[Ext4Adapter] read_offset: off=4096, block=1, local_off=0
[Ext4Adapter] GDT read: block_bitmap=2, inode_bitmap=18, inode_table=34, free_blocks=1911, free_inodes=2037, bg_flags=4
[Ext4Adapter] HACK: Spoofing GDT Entry 1 to avoid System Zone collision
[Ext4Adapter] read_offset: off=139520, block=34, local_off=256
[Ext4Adapter] read_offset: off=4096, block=1, local_off=0
[Ext4Adapter] GDT read: block_bitmap=2, inode_bitmap=18, inode_table=34, free_blocks=1911, free_inodes=2037, bg_flags=4
[Ext4Adapter] HACK: Spoofing GDT Entry 1 to avoid System Zone collision
[Ext4Adapter] read_offset: off=139520, block=34, local_off=256
[Ext4Adapter] read_offset: off=12288, block=3, local_off=0
[Ext4Adapter] read_offset: off=4096, block=1, local_off=0
[Ext4Adapter] GDT read: block_bitmap=2, inode_bitmap=18, inode_table=34, free_blocks=1911, free_inodes=2037, bg_flags=4
[Ext4Adapter] HACK: Spoofing GDT Entry 1 to avoid System Zone collision
[Ext4Adapter] read_offset: off=139520, block=34, local_off=256
[Ext4Adapter] read_offset: off=4096, block=1, local_off=0
[Ext4Adapter] GDT read: block_bitmap=2, inode_bitmap=18, inode_table=34, free_blocks=1911, free_inodes=2037, bg_flags=4
[Ext4Adapter] HACK: Spoofing GDT Entry 1 to avoid System Zone collision
[Ext4Adapter] read_offset: off=73728, block=18, local_off=0
[Ext4Adapter] Reading Block 18 (Inode Bitmap): zeros=254, first_bytes=[ff, 07, 00, 00, 00, 00, 00, 00, 00, 00, 00, 00, 00, 00, 00, 00]
[Ext4Adapter] write_offset success: off=73728, block=18
[Ext4Adapter] read_offset: off=4096, block=1, local_off=0
[Ext4Adapter] GDT read: block_bitmap=2, inode_bitmap=18, inode_table=34, free_blocks=1911, free_inodes=2036, bg_flags=4
[Ext4Adapter] HACK: Spoofing GDT Entry 1 to avoid System Zone collision
[Ext4Adapter] read_offset: off=4096, block=1, local_off=0
[Ext4Adapter] GDT read: block_bitmap=2, inode_bitmap=18, inode_table=34, free_blocks=1911, free_inodes=2036, bg_flags=4
[Ext4Adapter] HACK: Spoofing GDT Entry 1 to avoid System Zone collision
[Ext4Adapter] read_offset: off=142080, block=34, local_off=2816
[Ext4Adapter] read_offset: off=12288, block=3, local_off=0
[Ext4Adapter] write_offset success: off=12288, block=3
[Ext4Adapter] write_offset success: off=12288, block=3
[Ext4Adapter] read_offset: off=4096, block=1, local_off=0
[Ext4Adapter] GDT read: block_bitmap=2, inode_bitmap=18, inode_table=34, free_blocks=1911, free_inodes=2036, bg_flags=4
[Ext4Adapter] HACK: Spoofing GDT Entry 1 to avoid System Zone collision
[Ext4Adapter] read_offset: off=4096, block=1, local_off=0
[Ext4Adapter] GDT read: block_bitmap=2, inode_bitmap=18, inode_table=34, free_blocks=1911, free_inodes=2036, bg_flags=4
[Ext4Adapter] HACK: Spoofing GDT Entry 1 to avoid System Zone collision
[Ext4Adapter] read_offset: off=4096, block=1, local_off=0
[Ext4Adapter] GDT read: block_bitmap=2, inode_bitmap=18, inode_table=34, free_blocks=1911, free_inodes=2036, bg_flags=4
[Ext4Adapter] HACK: Spoofing GDT Entry 1 to avoid System Zone collision
[Ext4Adapter] read_offset: off=4096, block=1, local_off=0
[Ext4Adapter] GDT read: block_bitmap=2, inode_bitmap=18, inode_table=34, free_blocks=1911, free_inodes=2036, bg_flags=4
[Ext4Adapter] HACK: Spoofing GDT Entry 1 to avoid System Zone collision
[Ext4Adapter] read_offset: off=142080, block=34, local_off=2816
[Ext4Adapter] read_offset: off=4096, block=1, local_off=0
[Ext4Adapter] GDT read: block_bitmap=2, inode_bitmap=18, inode_table=34, free_blocks=1911, free_inodes=2036, bg_flags=4
[Ext4Adapter] HACK: Spoofing GDT Entry 1 to avoid System Zone collision
[Ext4Adapter] read_offset: off=4096, block=1, local_off=0
[Ext4Adapter] GDT read: block_bitmap=2, inode_bitmap=18, inode_table=34, free_blocks=1911, free_inodes=2036, bg_flags=4
[Ext4Adapter] HACK: Spoofing GDT Entry 1 to avoid System Zone collision
[Ext4Adapter] read_offset: off=8192, block=2, local_off=0
[Ext4Adapter] Reading Block 2 (Bitmap): zeros=237, first_bytes=[ff, 00, 04, 00, fc, ff, ff, ff, ff, ff, ff, ff, ff, ff, ff, ff]
[Ext4Adapter] write_offset success: off=8192, block=2
[Ext4Adapter] read_offset: off=4096, block=1, local_off=0
[Ext4Adapter] GDT read: block_bitmap=2, inode_bitmap=18, inode_table=34, free_blocks=1910, free_inodes=2036, bg_flags=4
[Ext4Adapter] HACK: Spoofing GDT Entry 1 to avoid System Zone collision
[Ext4Adapter] read_offset: off=4096, block=1, local_off=0
[Ext4Adapter] GDT read: block_bitmap=2, inode_bitmap=18, inode_table=34, free_blocks=1910, free_inodes=2036, bg_flags=4
[Ext4Adapter] HACK: Spoofing GDT Entry 1 to avoid System Zone collision
[Ext4Adapter] read_offset: off=4096, block=1, local_off=0
[Ext4Adapter] GDT read: block_bitmap=2, inode_bitmap=18, inode_table=34, free_blocks=1910, free_inodes=2036, bg_flags=4
[Ext4Adapter] HACK: Spoofing GDT Entry 1 to avoid System Zone collision
[Ext4Adapter] read_offset: off=32768, block=8, local_off=0
[Ext4Adapter] read_offset: off=32768, block=8, local_off=0
[Ext4Adapter] write_offset success: off=32768, block=8
[Ext4Adapter] read_offset: off=32768, block=8, local_off=0
[Ext4Adapter] read_offset: off=4096, block=1, local_off=0
[Ext4Adapter] GDT read: block_bitmap=2, inode_bitmap=18, inode_table=34, free_blocks=1910, free_inodes=2036, bg_flags=4
[Ext4Adapter] HACK: Spoofing GDT Entry 1 to avoid System Zone collision
[Ext4Adapter] read_offset: off=4096, block=1, local_off=0
[Ext4Adapter] GDT read: block_bitmap=2, inode_bitmap=18, inode_table=34, free_blocks=1910, free_inodes=2036, bg_flags=4
[Ext4Adapter] HACK: Spoofing GDT Entry 1 to avoid System Zone collision
[Ext4Adapter] read_offset: off=142080, block=34, local_off=2816
[Ext4Adapter] read_offset: off=4096, block=1, local_off=0
[Ext4Adapter] GDT read: block_bitmap=2, inode_bitmap=18, inode_table=34, free_blocks=1910, free_inodes=2036, bg_flags=4
[Ext4Adapter] HACK: Spoofing GDT Entry 1 to avoid System Zone collision
[Ext4Adapter] read_offset: off=142080, block=34, local_off=2816
[32m[ok] Test passed[0m

[33m=======================================[0m
[33mRunning test: os::fs::tests::ext4::ext4_error::test_ext4_lookup_nonexistent[0m
[Ext4Adapter] Created adapter with block_size: 4096
[Ext4Adapter] read_offset: off=1024, block=0, local_off=1024
[Ext4Adapter] SB read: blocks_count=2048, r_blocks_count=0, free_blocks=1911, first_data_block=0, log_block_size=2, blocks_per_group=32768, desc_size=64
[Ext4Adapter] SB read: inodes_count=2048, inodes_per_group=2048, reserved_gdt_blocks=0
[Ext4Adapter] SB features (orig): compat=8, incompat=2c2, ro_compat=6b
[Ext4Adapter] HACK: Spoofing s_blocks_count to 65536 to force 2 block groups
[Ext4Adapter] read_offset: off=4096, block=1, local_off=0
[Ext4Adapter] GDT read: block_bitmap=2, inode_bitmap=18, inode_table=34, free_blocks=1911, free_inodes=2037, bg_flags=4
[Ext4Adapter] HACK: Spoofing GDT Entry 1 to avoid System Zone collision
[Ext4Adapter] read_offset: off=4096, block=1, local_off=0
[Ext4Adapter] GDT read: block_bitmap=2, inode_bitmap=18, inode_table=34, free_blocks=1911, free_inodes=2037, bg_flags=4
[Ext4Adapter] HACK: Spoofing GDT Entry 1 to avoid System Zone collision
[Ext4Adapter] read_offset: off=4096, block=1, local_off=0
[Ext4Adapter] GDT read: block_bitmap=2, inode_bitmap=18, inode_table=34, free_blocks=1911, free_inodes=2037, bg_flags=4
[Ext4Adapter] HACK: Spoofing GDT Entry 1 to avoid System Zone collision
[Ext4Adapter] read_offset: off=139520, block=34, local_off=256
[Ext4Adapter] read_offset: off=4096, block=1, local_off=0
[Ext4Adapter] GDT read: block_bitmap=2, inode_bitmap=18, inode_table=34, free_blocks=1911, free_inodes=2037, bg_flags=4
[Ext4Adapter] HACK: Spoofing GDT Entry 1 to avoid System Zone collision
[Ext4Adapter] read_offset: off=139520, block=34, local_off=256
[Ext4Adapter] read_offset: off=12288, block=3, local_off=0
[32m[ok] Test passed[0m

[33m=======================================[0m
[33mRunning test: os::fs::tests::ext4::ext4_error::test_ext4_mkdir_in_file[0m
[Ext4Adapter] Created adapter with block_size: 4096
[Ext4Adapter] read_offset: off=1024, block=0, local_off=1024
[Ext4Adapter] SB read: blocks_count=2048, r_blocks_count=0, free_blocks=1911, first_data_block=0, log_block_size=2, blocks_per_group=32768, desc_size=64
[Ext4Adapter] SB read: inodes_count=2048, inodes_per_group=2048, reserved_gdt_blocks=0
[Ext4Adapter] SB features (orig): compat=8, incompat=2c2, ro_compat=6b
[Ext4Adapter] HACK: Spoofing s_blocks_count to 65536 to force 2 block groups
[Ext4Adapter] read_offset: off=4096, block=1, local_off=0
[Ext4Adapter] GDT read: block_bitmap=2, inode_bitmap=18, inode_table=34, free_blocks=1911, free_inodes=2037, bg_flags=4
[Ext4Adapter] HACK: Spoofing GDT Entry 1 to avoid System Zone collision
[Ext4Adapter] read_offset: off=4096, block=1, local_off=0
[Ext4Adapter] GDT read: block_bitmap=2, inode_bitmap=18, inode_table=34, free_blocks=1911, free_inodes=2037, bg_flags=4
[Ext4Adapter] HACK: Spoofing GDT Entry 1 to avoid System Zone collision
[Ext4Adapter] read_offset: off=4096, block=1, local_off=0
[Ext4Adapter] GDT read: block_bitmap=2, inode_bitmap=18, inode_table=34, free_blocks=1911, free_inodes=2037, bg_flags=4
[Ext4Adapter] HACK: Spoofing GDT Entry 1 to avoid System Zone collision
[Ext4Adapter] read_offset: off=139520, block=34, local_off=256
[Ext4Adapter] read_offset: off=4096, block=1, local_off=0
[Ext4Adapter] GDT read: block_bitmap=2, inode_bitmap=18, inode_table=34, free_blocks=1911, free_inodes=2037, bg_flags=4
[Ext4Adapter] HACK: Spoofing GDT Entry 1 to avoid System Zone collision
[Ext4Adapter] read_offset: off=139520, block=34, local_off=256
[Ext4Adapter] read_offset: off=4096, block=1, local_off=0
[Ext4Adapter] GDT read: block_bitmap=2, inode_bitmap=18, inode_table=34, free_blocks=1911, free_inodes=2037, bg_flags=4
[Ext4Adapter] HACK: Spoofing GDT Entry 1 to avoid System Zone collision
[Ext4Adapter] read_offset: off=139520, block=34, local_off=256
[Ext4Adapter] read_offset: off=12288, block=3, local_off=0
[Ext4Adapter] read_offset: off=4096, block=1, local_off=0
[Ext4Adapter] GDT read: block_bitmap=2, inode_bitmap=18, inode_table=34, free_blocks=1911, free_inodes=2037, bg_flags=4
[Ext4Adapter] HACK: Spoofing GDT Entry 1 to avoid System Zone collision
[Ext4Adapter] read_offset: off=139520, block=34, local_off=256
[Ext4Adapter] read_offset: off=4096, block=1, local_off=0
[Ext4Adapter] GDT read: block_bitmap=2, inode_bitmap=18, inode_table=34, free_blocks=1911, free_inodes=2037, bg_flags=4
[Ext4Adapter] HACK: Spoofing GDT Entry 1 to avoid System Zone collision
[Ext4Adapter] read_offset: off=73728, block=18, local_off=0
[Ext4Adapter] Reading Block 18 (Inode Bitmap): zeros=254, first_bytes=[ff, 07, 00, 00, 00, 00, 00, 00, 00, 00, 00, 00, 00, 00, 00, 00]
[Ext4Adapter] write_offset success: off=73728, block=18
[Ext4Adapter] read_offset: off=4096, block=1, local_off=0
[Ext4Adapter] GDT read: block_bitmap=2, inode_bitmap=18, inode_table=34, free_blocks=1911, free_inodes=2036, bg_flags=4
[Ext4Adapter] HACK: Spoofing GDT Entry 1 to avoid System Zone collision
[Ext4Adapter] read_offset: off=4096, block=1, local_off=0
[Ext4Adapter] GDT read: block_bitmap=2, inode_bitmap=18, inode_table=34, free_blocks=1911, free_inodes=2036, bg_flags=4
[Ext4Adapter] HACK: Spoofing GDT Entry 1 to avoid System Zone collision
[Ext4Adapter] read_offset: off=142080, block=34, local_off=2816
[Ext4Adapter] read_offset: off=12288, block=3, local_off=0
[Ext4Adapter] write_offset success: off=12288, block=3
[Ext4Adapter] write_offset success: off=12288, block=3
[Ext4Adapter] read_offset: off=4096, block=1, local_off=0
[Ext4Adapter] GDT read: block_bitmap=2, inode_bitmap=18, inode_table=34, free_blocks=1911, free_inodes=2036, bg_flags=4
[Ext4Adapter] HACK: Spoofing GDT Entry 1 to avoid System Zone collision
[Ext4Adapter] read_offset: off=4096, block=1, local_off=0
[Ext4Adapter] GDT read: block_bitmap=2, inode_bitmap=18, inode_table=34, free_blocks=1911, free_inodes=2036, bg_flags=4
[Ext4Adapter] HACK: Spoofing GDT Entry 1 to avoid System Zone collision
[Ext4Adapter] read_offset: off=4096, block=1, local_off=0
[Ext4Adapter] GDT read: block_bitmap=2, inode_bitmap=18, inode_table=34, free_blocks=1911, free_inodes=2036, bg_flags=4
[Ext4Adapter] HACK: Spoofing GDT Entry 1 to avoid System Zone collision
[Ext4Adapter] read_offset: off=4096, block=1, local_off=0
[Ext4Adapter] GDT read: block_bitmap=2, inode_bitmap=18, inode_table=34, free_blocks=1911, free_inodes=2036, bg_flags=4
[Ext4Adapter] HACK: Spoofing GDT Entry 1 to avoid System Zone collision
[Ext4Adapter] read_offset: off=142080, block=34, local_off=2816
[Ext4Adapter] read_offset: off=4096, block=1, local_off=0
[Ext4Adapter] GDT read: block_bitmap=2, inode_bitmap=18, inode_table=34, free_blocks=1911, free_inodes=2036, bg_flags=4
[Ext4Adapter] HACK: Spoofing GDT Entry 1 to avoid System Zone collision
[Ext4Adapter] read_offset: off=4096, block=1, local_off=0
[Ext4Adapter] GDT read: block_bitmap=2, inode_bitmap=18, inode_table=34, free_blocks=1911, free_inodes=2036, bg_flags=4
[Ext4Adapter] HACK: Spoofing GDT Entry 1 to avoid System Zone collision
[Ext4Adapter] read_offset: off=8192, block=2, local_off=0
[Ext4Adapter] Reading Block 2 (Bitmap): zeros=237, first_bytes=[ff, 00, 04, 00, fc, ff, ff, ff, ff, ff, ff, ff, ff, ff, ff, ff]
[Ext4Adapter] write_offset success: off=8192, block=2
[Ext4Adapter] read_offset: off=4096, block=1, local_off=0
[Ext4Adapter] GDT read: block_bitmap=2, inode_bitmap=18, inode_table=34, free_blocks=1910, free_inodes=2036, bg_flags=4
[Ext4Adapter] HACK: Spoofing GDT Entry 1 to avoid System Zone collision
[Ext4Adapter] read_offset: off=4096, block=1, local_off=0
[Ext4Adapter] GDT read: block_bitmap=2, inode_bitmap=18, inode_table=34, free_blocks=1910, free_inodes=2036, bg_flags=4
[Ext4Adapter] HACK: Spoofing GDT Entry 1 to avoid System Zone collision
[Ext4Adapter] read_offset: off=4096, block=1, local_off=0
[Ext4Adapter] GDT read: block_bitmap=2, inode_bitmap=18, inode_table=34, free_blocks=1910, free_inodes=2036, bg_flags=4
[Ext4Adapter] HACK: Spoofing GDT Entry 1 to avoid System Zone collision
[Ext4Adapter] read_offset: off=32768, block=8, local_off=0
[Ext4Adapter] read_offset: off=32768, block=8, local_off=0
[Ext4Adapter] write_offset success: off=32768, block=8
[Ext4Adapter] read_offset: off=32768, block=8, local_off=0
[Ext4Adapter] read_offset: off=4096, block=1, local_off=0
[Ext4Adapter] GDT read: block_bitmap=2, inode_bitmap=18, inode_table=34, free_blocks=1910, free_inodes=2036, bg_flags=4
[Ext4Adapter] HACK: Spoofing GDT Entry 1 to avoid System Zone collision
[Ext4Adapter] read_offset: off=4096, block=1, local_off=0
[Ext4Adapter] GDT read: block_bitmap=2, inode_bitmap=18, inode_table=34, free_blocks=1910, free_inodes=2036, bg_flags=4
[Ext4Adapter] HACK: Spoofing GDT Entry 1 to avoid System Zone collision
[Ext4Adapter] read_offset: off=142080, block=34, local_off=2816
[Ext4Adapter] read_offset: off=4096, block=1, local_off=0
[Ext4Adapter] GDT read: block_bitmap=2, inode_bitmap=18, inode_table=34, free_blocks=1910, free_inodes=2036, bg_flags=4
[Ext4Adapter] HACK: Spoofing GDT Entry 1 to avoid System Zone collision
[Ext4Adapter] read_offset: off=142080, block=34, local_off=2816
[32m[ok] Test passed[0m

[33m=======================================[0m
[33mRunning test: os::fs::tests::ext4::ext4_error::test_ext4_read_from_directory[0m
[Ext4Adapter] Created adapter with block_size: 4096
[Ext4Adapter] read_offset: off=1024, block=0, local_off=1024
[Ext4Adapter] SB read: blocks_count=2048, r_blocks_count=0, free_blocks=1911, first_data_block=0, log_block_size=2, blocks_per_group=32768, desc_size=64
[Ext4Adapter] SB read: inodes_count=2048, inodes_per_group=2048, reserved_gdt_blocks=0
[Ext4Adapter] SB features (orig): compat=8, incompat=2c2, ro_compat=6b
[Ext4Adapter] HACK: Spoofing s_blocks_count to 65536 to force 2 block groups
[Ext4Adapter] read_offset: off=4096, block=1, local_off=0
[Ext4Adapter] GDT read: block_bitmap=2, inode_bitmap=18, inode_table=34, free_blocks=1911, free_inodes=2037, bg_flags=4
[Ext4Adapter] HACK: Spoofing GDT Entry 1 to avoid System Zone collision
[Ext4Adapter] read_offset: off=4096, block=1, local_off=0
[Ext4Adapter] GDT read: block_bitmap=2, inode_bitmap=18, inode_table=34, free_blocks=1911, free_inodes=2037, bg_flags=4
[Ext4Adapter] HACK: Spoofing GDT Entry 1 to avoid System Zone collision
[Ext4Adapter] read_offset: off=4096, block=1, local_off=0
[Ext4Adapter] GDT read: block_bitmap=2, inode_bitmap=18, inode_table=34, free_blocks=1911, free_inodes=2037, bg_flags=4
[Ext4Adapter] HACK: Spoofing GDT Entry 1 to avoid System Zone collision
[Ext4Adapter] read_offset: off=139520, block=34, local_off=256
[Ext4Adapter] read_offset: off=4096, block=1, local_off=0
[Ext4Adapter] GDT read: block_bitmap=2, inode_bitmap=18, inode_table=34, free_blocks=1911, free_inodes=2037, bg_flags=4
[Ext4Adapter] HACK: Spoofing GDT Entry 1 to avoid System Zone collision
[Ext4Adapter] read_offset: off=139520, block=34, local_off=256
[Ext4Adapter] read_offset: off=4096, block=1, local_off=0
[Ext4Adapter] GDT read: block_bitmap=2, inode_bitmap=18, inode_table=34, free_blocks=1911, free_inodes=2037, bg_flags=4
[Ext4Adapter] HACK: Spoofing GDT Entry 1 to avoid System Zone collision
[Ext4Adapter] read_offset: off=139520, block=34, local_off=256
[Ext4Adapter] read_offset: off=12288, block=3, local_off=0
[Ext4Adapter] read_offset: off=4096, block=1, local_off=0
[Ext4Adapter] GDT read: block_bitmap=2, inode_bitmap=18, inode_table=34, free_blocks=1911, free_inodes=2037, bg_flags=4
[Ext4Adapter] HACK: Spoofing GDT Entry 1 to avoid System Zone collision
[Ext4Adapter] read_offset: off=139520, block=34, local_off=256
[Ext4Adapter] read_offset: off=12288, block=3, local_off=0
[Ext4Adapter] read_offset: off=4096, block=1, local_off=0
[Ext4Adapter] GDT read: block_bitmap=2, inode_bitmap=18, inode_table=34, free_blocks=1911, free_inodes=2037, bg_flags=4
[Ext4Adapter] HACK: Spoofing GDT Entry 1 to avoid System Zone collision
[Ext4Adapter] read_offset: off=139520, block=34, local_off=256
[Ext4Adapter] read_offset: off=4096, block=1, local_off=0
[Ext4Adapter] GDT read: block_bitmap=2, inode_bitmap=18, inode_table=34, free_blocks=1911, free_inodes=2037, bg_flags=4
[Ext4Adapter] HACK: Spoofing GDT Entry 1 to avoid System Zone collision
[Ext4Adapter] read_offset: off=73728, block=18, local_off=0
[Ext4Adapter] Reading Block 18 (Inode Bitmap): zeros=254, first_bytes=[ff, 07, 00, 00, 00, 00, 00, 00, 00, 00, 00, 00, 00, 00, 00, 00]
[Ext4Adapter] write_offset success: off=73728, block=18
[Ext4Adapter] read_offset: off=4096, block=1, local_off=0
[Ext4Adapter] GDT read: block_bitmap=2, inode_bitmap=18, inode_table=34, free_blocks=1911, free_inodes=2036, bg_flags=4
[Ext4Adapter] HACK: Spoofing GDT Entry 1 to avoid System Zone collision
[Ext4Adapter] read_offset: off=4096, block=1, local_off=0
[Ext4Adapter] GDT read: block_bitmap=2, inode_bitmap=18, inode_table=34, free_blocks=1911, free_inodes=2036, bg_flags=4
[Ext4Adapter] HACK: Spoofing GDT Entry 1 to avoid System Zone collision
[Ext4Adapter] read_offset: off=142080, block=34, local_off=2816
[Ext4Adapter] read_offset: off=12288, block=3, local_off=0
[Ext4Adapter] write_offset success: off=12288, block=3
[Ext4Adapter] write_offset success: off=12288, block=3
[Ext4Adapter] read_offset: off=4096, block=1, local_off=0
[Ext4Adapter] GDT read: block_bitmap=2, inode_bitmap=18, inode_table=34, free_blocks=1911, free_inodes=2036, bg_flags=4
[Ext4Adapter] HACK: Spoofing GDT Entry 1 to avoid System Zone collision
[Ext4Adapter] read_offset: off=4096, block=1, local_off=0
[Ext4Adapter] GDT read: block_bitmap=2, inode_bitmap=18, inode_table=34, free_blocks=1911, free_inodes=2036, bg_flags=4
[Ext4Adapter] HACK: Spoofing GDT Entry 1 to avoid System Zone collision
[Ext4Adapter] read_offset: off=4096, block=1, local_off=0
[Ext4Adapter] GDT read: block_bitmap=2, inode_bitmap=18, inode_table=34, free_blocks=1911, free_inodes=2036, bg_flags=4
[Ext4Adapter] HACK: Spoofing GDT Entry 1 to avoid System Zone collision
[Ext4Adapter] read_offset: off=8192, block=2, local_off=0
[Ext4Adapter] Reading Block 2 (Bitmap): zeros=237, first_bytes=[ff, 00, 04, 00, fc, ff, ff, ff, ff, ff, ff, ff, ff, ff, ff, ff]
[Ext4Adapter] write_offset success: off=8192, block=2
[Ext4Adapter] read_offset: off=4096, block=1, local_off=0
[Ext4Adapter] GDT read: block_bitmap=2, inode_bitmap=18, inode_table=34, free_blocks=1911, free_inodes=2036, bg_flags=4
[Ext4Adapter] HACK: Spoofing GDT Entry 1 to avoid System Zone collision
[Ext4Adapter] read_offset: off=4096, block=1, local_off=0
[Ext4Adapter] GDT read: block_bitmap=2, inode_bitmap=18, inode_table=34, free_blocks=1910, free_inodes=2036, bg_flags=4
[Ext4Adapter] HACK: Spoofing GDT Entry 1 to avoid System Zone collision
[Ext4Adapter] read_offset: off=4096, block=1, local_off=0
[Ext4Adapter] GDT read: block_bitmap=2, inode_bitmap=18, inode_table=34, free_blocks=1910, free_inodes=2036, bg_flags=4
[Ext4Adapter] HACK: Spoofing GDT Entry 1 to avoid System Zone collision
[Ext4Adapter] read_offset: off=32768, block=8, local_off=0
[Ext4Adapter] write_offset success: off=32768, block=8
[Ext4Adapter] read_offset: off=32768, block=8, local_off=0
[Ext4Adapter] write_offset success: off=32768, block=8
[Ext4Adapter] write_offset success: off=32768, block=8
[Ext4Adapter] read_offset: off=4096, block=1, local_off=0
[Ext4Adapter] GDT read: block_bitmap=2, inode_bitmap=18, inode_table=34, free_blocks=1910, free_inodes=2036, bg_flags=4
[Ext4Adapter] HACK: Spoofing GDT Entry 1 to avoid System Zone collision
[Ext4Adapter] read_offset: off=4096, block=1, local_off=0
[Ext4Adapter] GDT read: block_bitmap=2, inode_bitmap=18, inode_table=34, free_blocks=1910, free_inodes=2036, bg_flags=4
[Ext4Adapter] HACK: Spoofing GDT Entry 1 to avoid System Zone collision
[Ext4Adapter] read_offset: off=4096, block=1, local_off=0
[Ext4Adapter] GDT read: block_bitmap=2, inode_bitmap=18, inode_table=34, free_blocks=1910, free_inodes=2036, bg_flags=4
[Ext4Adapter] HACK: Spoofing GDT Entry 1 to avoid System Zone collision
[Ext4Adapter] read_offset: off=142080, block=34, local_off=2816
[Ext4Adapter] read_offset: off=32768, block=8, local_off=0
[31mFailed assertion: result.is_err() at src/fs/tests/ext4/ext4_error.rs:79[0m
[31mFailed assertion: matches!(result, Err(FsError::IsDirectory)) at src/fs/tests/ext4/ext4_error.rs:80[0m
[91m[failed] Test failed with 2 failed assertions[0m

[33m=======================================[0m
[33mRunning test: os::fs::tests::ext4::ext4_error::test_ext4_readdir_on_file[0m
[Ext4Adapter] Created adapter with block_size: 4096
[Ext4Adapter] read_offset: off=1024, block=0, local_off=1024
[Ext4Adapter] SB read: blocks_count=2048, r_blocks_count=0, free_blocks=1911, first_data_block=0, log_block_size=2, blocks_per_group=32768, desc_size=64
[Ext4Adapter] SB read: inodes_count=2048, inodes_per_group=2048, reserved_gdt_blocks=0
[Ext4Adapter] SB features (orig): compat=8, incompat=2c2, ro_compat=6b
[Ext4Adapter] HACK: Spoofing s_blocks_count to 65536 to force 2 block groups
[Ext4Adapter] read_offset: off=4096, block=1, local_off=0
[Ext4Adapter] GDT read: block_bitmap=2, inode_bitmap=18, inode_table=34, free_blocks=1911, free_inodes=2037, bg_flags=4
[Ext4Adapter] HACK: Spoofing GDT Entry 1 to avoid System Zone collision
[Ext4Adapter] read_offset: off=4096, block=1, local_off=0
[Ext4Adapter] GDT read: block_bitmap=2, inode_bitmap=18, inode_table=34, free_blocks=1911, free_inodes=2037, bg_flags=4
[Ext4Adapter] HACK: Spoofing GDT Entry 1 to avoid System Zone collision
[Ext4Adapter] read_offset: off=4096, block=1, local_off=0
[Ext4Adapter] GDT read: block_bitmap=2, inode_bitmap=18, inode_table=34, free_blocks=1911, free_inodes=2037, bg_flags=4
[Ext4Adapter] HACK: Spoofing GDT Entry 1 to avoid System Zone collision
[Ext4Adapter] read_offset: off=139520, block=34, local_off=256
[Ext4Adapter] read_offset: off=4096, block=1, local_off=0
[Ext4Adapter] GDT read: block_bitmap=2, inode_bitmap=18, inode_table=34, free_blocks=1911, free_inodes=2037, bg_flags=4
[Ext4Adapter] HACK: Spoofing GDT Entry 1 to avoid System Zone collision
[Ext4Adapter] read_offset: off=139520, block=34, local_off=256
[Ext4Adapter] read_offset: off=4096, block=1, local_off=0
[Ext4Adapter] GDT read: block_bitmap=2, inode_bitmap=18, inode_table=34, free_blocks=1911, free_inodes=2037, bg_flags=4
[Ext4Adapter] HACK: Spoofing GDT Entry 1 to avoid System Zone collision
[Ext4Adapter] read_offset: off=139520, block=34, local_off=256
[Ext4Adapter] read_offset: off=12288, block=3, local_off=0
[Ext4Adapter] read_offset: off=4096, block=1, local_off=0
[Ext4Adapter] GDT read: block_bitmap=2, inode_bitmap=18, inode_table=34, free_blocks=1911, free_inodes=2037, bg_flags=4
[Ext4Adapter] HACK: Spoofing GDT Entry 1 to avoid System Zone collision
[Ext4Adapter] read_offset: off=139520, block=34, local_off=256
[Ext4Adapter] read_offset: off=4096, block=1, local_off=0
[Ext4Adapter] GDT read: block_bitmap=2, inode_bitmap=18, inode_table=34, free_blocks=1911, free_inodes=2037, bg_flags=4
[Ext4Adapter] HACK: Spoofing GDT Entry 1 to avoid System Zone collision
[Ext4Adapter] read_offset: off=73728, block=18, local_off=0
[Ext4Adapter] Reading Block 18 (Inode Bitmap): zeros=254, first_bytes=[ff, 07, 00, 00, 00, 00, 00, 00, 00, 00, 00, 00, 00, 00, 00, 00]
[Ext4Adapter] write_offset success: off=73728, block=18
[Ext4Adapter] read_offset: off=4096, block=1, local_off=0
[Ext4Adapter] GDT read: block_bitmap=2, inode_bitmap=18, inode_table=34, free_blocks=1911, free_inodes=2036, bg_flags=4
[Ext4Adapter] HACK: Spoofing GDT Entry 1 to avoid System Zone collision
[Ext4Adapter] read_offset: off=4096, block=1, local_off=0
[Ext4Adapter] GDT read: block_bitmap=2, inode_bitmap=18, inode_table=34, free_blocks=1911, free_inodes=2036, bg_flags=4
[Ext4Adapter] HACK: Spoofing GDT Entry 1 to avoid System Zone collision
[Ext4Adapter] read_offset: off=142080, block=34, local_off=2816
[Ext4Adapter] read_offset: off=12288, block=3, local_off=0
[Ext4Adapter] write_offset success: off=12288, block=3
[Ext4Adapter] write_offset success: off=12288, block=3
[Ext4Adapter] read_offset: off=4096, block=1, local_off=0
[Ext4Adapter] GDT read: block_bitmap=2, inode_bitmap=18, inode_table=34, free_blocks=1911, free_inodes=2036, bg_flags=4
[Ext4Adapter] HACK: Spoofing GDT Entry 1 to avoid System Zone collision
[Ext4Adapter] read_offset: off=4096, block=1, local_off=0
[Ext4Adapter] GDT read: block_bitmap=2, inode_bitmap=18, inode_table=34, free_blocks=1911, free_inodes=2036, bg_flags=4
[Ext4Adapter] HACK: Spoofing GDT Entry 1 to avoid System Zone collision
[Ext4Adapter] read_offset: off=4096, block=1, local_off=0
[Ext4Adapter] GDT read: block_bitmap=2, inode_bitmap=18, inode_table=34, free_blocks=1911, free_inodes=2036, bg_flags=4
[Ext4Adapter] HACK: Spoofing GDT Entry 1 to avoid System Zone collision
[Ext4Adapter] read_offset: off=4096, block=1, local_off=0
[Ext4Adapter] GDT read: block_bitmap=2, inode_bitmap=18, inode_table=34, free_blocks=1911, free_inodes=2036, bg_flags=4
[Ext4Adapter] HACK: Spoofing GDT Entry 1 to avoid System Zone collision
[Ext4Adapter] read_offset: off=142080, block=34, local_off=2816
[Ext4Adapter] read_offset: off=4096, block=1, local_off=0
[Ext4Adapter] GDT read: block_bitmap=2, inode_bitmap=18, inode_table=34, free_blocks=1911, free_inodes=2036, bg_flags=4
[Ext4Adapter] HACK: Spoofing GDT Entry 1 to avoid System Zone collision
[Ext4Adapter] read_offset: off=4096, block=1, local_off=0
[Ext4Adapter] GDT read: block_bitmap=2, inode_bitmap=18, inode_table=34, free_blocks=1911, free_inodes=2036, bg_flags=4
[Ext4Adapter] HACK: Spoofing GDT Entry 1 to avoid System Zone collision
[Ext4Adapter] read_offset: off=8192, block=2, local_off=0
[Ext4Adapter] Reading Block 2 (Bitmap): zeros=237, first_bytes=[ff, 00, 04, 00, fc, ff, ff, ff, ff, ff, ff, ff, ff, ff, ff, ff]
[Ext4Adapter] write_offset success: off=8192, block=2
[Ext4Adapter] read_offset: off=4096, block=1, local_off=0
[Ext4Adapter] GDT read: block_bitmap=2, inode_bitmap=18, inode_table=34, free_blocks=1910, free_inodes=2036, bg_flags=4
[Ext4Adapter] HACK: Spoofing GDT Entry 1 to avoid System Zone collision
[Ext4Adapter] read_offset: off=4096, block=1, local_off=0
[Ext4Adapter] GDT read: block_bitmap=2, inode_bitmap=18, inode_table=34, free_blocks=1910, free_inodes=2036, bg_flags=4
[Ext4Adapter] HACK: Spoofing GDT Entry 1 to avoid System Zone collision
[Ext4Adapter] read_offset: off=4096, block=1, local_off=0
[Ext4Adapter] GDT read: block_bitmap=2, inode_bitmap=18, inode_table=34, free_blocks=1910, free_inodes=2036, bg_flags=4
[Ext4Adapter] HACK: Spoofing GDT Entry 1 to avoid System Zone collision
[Ext4Adapter] read_offset: off=32768, block=8, local_off=0
[Ext4Adapter] read_offset: off=32768, block=8, local_off=0
[Ext4Adapter] write_offset success: off=32768, block=8
[Ext4Adapter] read_offset: off=32768, block=8, local_off=0
[Ext4Adapter] read_offset: off=4096, block=1, local_off=0
[Ext4Adapter] GDT read: block_bitmap=2, inode_bitmap=18, inode_table=34, free_blocks=1910, free_inodes=2036, bg_flags=4
[Ext4Adapter] HACK: Spoofing GDT Entry 1 to avoid System Zone collision
[Ext4Adapter] read_offset: off=4096, block=1, local_off=0
[Ext4Adapter] GDT read: block_bitmap=2, inode_bitmap=18, inode_table=34, free_blocks=1910, free_inodes=2036, bg_flags=4
[Ext4Adapter] HACK: Spoofing GDT Entry 1 to avoid System Zone collision
[Ext4Adapter] read_offset: off=142080, block=34, local_off=2816
[Ext4Adapter] read_offset: off=4096, block=1, local_off=0
[Ext4Adapter] GDT read: block_bitmap=2, inode_bitmap=18, inode_table=34, free_blocks=1910, free_inodes=2036, bg_flags=4
[Ext4Adapter] HACK: Spoofing GDT Entry 1 to avoid System Zone collision
[Ext4Adapter] read_offset: off=142080, block=34, local_off=2816
[32m[ok] Test passed[0m

[33m=======================================[0m
[33mRunning test: os::fs::tests::ext4::ext4_error::test_ext4_special_filenames[0m
[Ext4Adapter] Created adapter with block_size: 4096
[Ext4Adapter] read_offset: off=1024, block=0, local_off=1024
[Ext4Adapter] SB read: blocks_count=2048, r_blocks_count=0, free_blocks=1911, first_data_block=0, log_block_size=2, blocks_per_group=32768, desc_size=64
[Ext4Adapter] SB read: inodes_count=2048, inodes_per_group=2048, reserved_gdt_blocks=0
[Ext4Adapter] SB features (orig): compat=8, incompat=2c2, ro_compat=6b
[Ext4Adapter] HACK: Spoofing s_blocks_count to 65536 to force 2 block groups
[Ext4Adapter] read_offset: off=4096, block=1, local_off=0
[Ext4Adapter] GDT read: block_bitmap=2, inode_bitmap=18, inode_table=34, free_blocks=1911, free_inodes=2037, bg_flags=4
[Ext4Adapter] HACK: Spoofing GDT Entry 1 to avoid System Zone collision
[Ext4Adapter] read_offset: off=4096, block=1, local_off=0
[Ext4Adapter] GDT read: block_bitmap=2, inode_bitmap=18, inode_table=34, free_blocks=1911, free_inodes=2037, bg_flags=4
[Ext4Adapter] HACK: Spoofing GDT Entry 1 to avoid System Zone collision
[Ext4Adapter] read_offset: off=4096, block=1, local_off=0
[Ext4Adapter] GDT read: block_bitmap=2, inode_bitmap=18, inode_table=34, free_blocks=1911, free_inodes=2037, bg_flags=4
[Ext4Adapter] HACK: Spoofing GDT Entry 1 to avoid System Zone collision
[Ext4Adapter] read_offset: off=139520, block=34, local_off=256
[Ext4Adapter] read_offset: off=4096, block=1, local_off=0
[Ext4Adapter] GDT read: block_bitmap=2, inode_bitmap=18, inode_table=34, free_blocks=1911, free_inodes=2037, bg_flags=4
[Ext4Adapter] HACK: Spoofing GDT Entry 1 to avoid System Zone collision
[Ext4Adapter] read_offset: off=139520, block=34, local_off=256
[Ext4Adapter] read_offset: off=12288, block=3, local_off=0
[Ext4Adapter] read_offset: off=4096, block=1, local_off=0
[Ext4Adapter] GDT read: block_bitmap=2, inode_bitmap=18, inode_table=34, free_blocks=1911, free_inodes=2037, bg_flags=4
[Ext4Adapter] HACK: Spoofing GDT Entry 1 to avoid System Zone collision
[Ext4Adapter] read_offset: off=139520, block=34, local_off=256
[Ext4Adapter] read_offset: off=4096, block=1, local_off=0
[Ext4Adapter] GDT read: block_bitmap=2, inode_bitmap=18, inode_table=34, free_blocks=1911, free_inodes=2037, bg_flags=4
[Ext4Adapter] HACK: Spoofing GDT Entry 1 to avoid System Zone collision
[Ext4Adapter] read_offset: off=139520, block=34, local_off=256
[Ext4Adapter] read_offset: off=12288, block=3, local_off=0
[32m[ok] Test passed[0m

[33m=======================================[0m
[33mRunning test: os::fs::tests::ext4::ext4_error::test_ext4_truncate_directory[0m
[Ext4Adapter] Created adapter with block_size: 4096
[Ext4Adapter] read_offset: off=1024, block=0, local_off=1024
[Ext4Adapter] SB read: blocks_count=2048, r_blocks_count=0, free_blocks=1911, first_data_block=0, log_block_size=2, blocks_per_group=32768, desc_size=64
[Ext4Adapter] SB read: inodes_count=2048, inodes_per_group=2048, reserved_gdt_blocks=0
[Ext4Adapter] SB features (orig): compat=8, incompat=2c2, ro_compat=6b
[Ext4Adapter] HACK: Spoofing s_blocks_count to 65536 to force 2 block groups
[Ext4Adapter] read_offset: off=4096, block=1, local_off=0
[Ext4Adapter] GDT read: block_bitmap=2, inode_bitmap=18, inode_table=34, free_blocks=1911, free_inodes=2037, bg_flags=4
[Ext4Adapter] HACK: Spoofing GDT Entry 1 to avoid System Zone collision
[Ext4Adapter] read_offset: off=4096, block=1, local_off=0
[Ext4Adapter] GDT read: block_bitmap=2, inode_bitmap=18, inode_table=34, free_blocks=1911, free_inodes=2037, bg_flags=4
[Ext4Adapter] HACK: Spoofing GDT Entry 1 to avoid System Zone collision
[Ext4Adapter] read_offset: off=4096, block=1, local_off=0
[Ext4Adapter] GDT read: block_bitmap=2, inode_bitmap=18, inode_table=34, free_blocks=1911, free_inodes=2037, bg_flags=4
[Ext4Adapter] HACK: Spoofing GDT Entry 1 to avoid System Zone collision
[Ext4Adapter] read_offset: off=139520, block=34, local_off=256
[Ext4Adapter] read_offset: off=4096, block=1, local_off=0
[Ext4Adapter] GDT read: block_bitmap=2, inode_bitmap=18, inode_table=34, free_blocks=1911, free_inodes=2037, bg_flags=4
[Ext4Adapter] HACK: Spoofing GDT Entry 1 to avoid System Zone collision
[Ext4Adapter] read_offset: off=139520, block=34, local_off=256
[Ext4Adapter] read_offset: off=4096, block=1, local_off=0
[Ext4Adapter] GDT read: block_bitmap=2, inode_bitmap=18, inode_table=34, free_blocks=1911, free_inodes=2037, bg_flags=4
[Ext4Adapter] HACK: Spoofing GDT Entry 1 to avoid System Zone collision
[Ext4Adapter] read_offset: off=139520, block=34, local_off=256
[Ext4Adapter] read_offset: off=12288, block=3, local_off=0
[Ext4Adapter] read_offset: off=4096, block=1, local_off=0
[Ext4Adapter] GDT read: block_bitmap=2, inode_bitmap=18, inode_table=34, free_blocks=1911, free_inodes=2037, bg_flags=4
[Ext4Adapter] HACK: Spoofing GDT Entry 1 to avoid System Zone collision
[Ext4Adapter] read_offset: off=139520, block=34, local_off=256
[Ext4Adapter] read_offset: off=12288, block=3, local_off=0
[Ext4Adapter] read_offset: off=4096, block=1, local_off=0
[Ext4Adapter] GDT read: block_bitmap=2, inode_bitmap=18, inode_table=34, free_blocks=1911, free_inodes=2037, bg_flags=4
[Ext4Adapter] HACK: Spoofing GDT Entry 1 to avoid System Zone collision
[Ext4Adapter] read_offset: off=139520, block=34, local_off=256
[Ext4Adapter] read_offset: off=4096, block=1, local_off=0
[Ext4Adapter] GDT read: block_bitmap=2, inode_bitmap=18, inode_table=34, free_blocks=1911, free_inodes=2037, bg_flags=4
[Ext4Adapter] HACK: Spoofing GDT Entry 1 to avoid System Zone collision
[Ext4Adapter] read_offset: off=73728, block=18, local_off=0
[Ext4Adapter] Reading Block 18 (Inode Bitmap): zeros=254, first_bytes=[ff, 07, 00, 00, 00, 00, 00, 00, 00, 00, 00, 00, 00, 00, 00, 00]
[Ext4Adapter] write_offset success: off=73728, block=18
[Ext4Adapter] read_offset: off=4096, block=1, local_off=0
[Ext4Adapter] GDT read: block_bitmap=2, inode_bitmap=18, inode_table=34, free_blocks=1911, free_inodes=2036, bg_flags=4
[Ext4Adapter] HACK: Spoofing GDT Entry 1 to avoid System Zone collision
[Ext4Adapter] read_offset: off=4096, block=1, local_off=0
[Ext4Adapter] GDT read: block_bitmap=2, inode_bitmap=18, inode_table=34, free_blocks=1911, free_inodes=2036, bg_flags=4
[Ext4Adapter] HACK: Spoofing GDT Entry 1 to avoid System Zone collision
[Ext4Adapter] read_offset: off=142080, block=34, local_off=2816
[Ext4Adapter] read_offset: off=12288, block=3, local_off=0
[Ext4Adapter] write_offset success: off=12288, block=3
[Ext4Adapter] write_offset success: off=12288, block=3
[Ext4Adapter] read_offset: off=4096, block=1, local_off=0
[Ext4Adapter] GDT read: block_bitmap=2, inode_bitmap=18, inode_table=34, free_blocks=1911, free_inodes=2036, bg_flags=4
[Ext4Adapter] HACK: Spoofing GDT Entry 1 to avoid System Zone collision
[Ext4Adapter] read_offset: off=4096, block=1, local_off=0
[Ext4Adapter] GDT read: block_bitmap=2, inode_bitmap=18, inode_table=34, free_blocks=1911, free_inodes=2036, bg_flags=4
[Ext4Adapter] HACK: Spoofing GDT Entry 1 to avoid System Zone collision
[Ext4Adapter] read_offset: off=4096, block=1, local_off=0
[Ext4Adapter] GDT read: block_bitmap=2, inode_bitmap=18, inode_table=34, free_blocks=1911, free_inodes=2036, bg_flags=4
[Ext4Adapter] HACK: Spoofing GDT Entry 1 to avoid System Zone collision
[Ext4Adapter] read_offset: off=8192, block=2, local_off=0
[Ext4Adapter] Reading Block 2 (Bitmap): zeros=237, first_bytes=[ff, 00, 04, 00, fc, ff, ff, ff, ff, ff, ff, ff, ff, ff, ff, ff]
[Ext4Adapter] write_offset success: off=8192, block=2
[Ext4Adapter] read_offset: off=4096, block=1, local_off=0
[Ext4Adapter] GDT read: block_bitmap=2, inode_bitmap=18, inode_table=34, free_blocks=1911, free_inodes=2036, bg_flags=4
[Ext4Adapter] HACK: Spoofing GDT Entry 1 to avoid System Zone collision
[Ext4Adapter] read_offset: off=4096, block=1, local_off=0
[Ext4Adapter] GDT read: block_bitmap=2, inode_bitmap=18, inode_table=34, free_blocks=1910, free_inodes=2036, bg_flags=4
[Ext4Adapter] HACK: Spoofing GDT Entry 1 to avoid System Zone collision
[Ext4Adapter] read_offset: off=4096, block=1, local_off=0
[Ext4Adapter] GDT read: block_bitmap=2, inode_bitmap=18, inode_table=34, free_blocks=1910, free_inodes=2036, bg_flags=4
[Ext4Adapter] HACK: Spoofing GDT Entry 1 to avoid System Zone collision
[Ext4Adapter] read_offset: off=32768, block=8, local_off=0
[Ext4Adapter] write_offset success: off=32768, block=8
[Ext4Adapter] read_offset: off=32768, block=8, local_off=0
[Ext4Adapter] write_offset success: off=32768, block=8
[Ext4Adapter] write_offset success: off=32768, block=8
[Ext4Adapter] read_offset: off=4096, block=1, local_off=0
[Ext4Adapter] GDT read: block_bitmap=2, inode_bitmap=18, inode_table=34, free_blocks=1910, free_inodes=2036, bg_flags=4
[Ext4Adapter] HACK: Spoofing GDT Entry 1 to avoid System Zone collision
[Ext4Adapter] read_offset: off=4096, block=1, local_off=0
[Ext4Adapter] GDT read: block_bitmap=2, inode_bitmap=18, inode_table=34, free_blocks=1910, free_inodes=2036, bg_flags=4
[Ext4Adapter] HACK: Spoofing GDT Entry 1 to avoid System Zone collision
[Ext4Adapter] read_offset: off=4096, block=1, local_off=0
[Ext4Adapter] GDT read: block_bitmap=2, inode_bitmap=18, inode_table=34, free_blocks=1910, free_inodes=2036, bg_flags=4
[Ext4Adapter] HACK: Spoofing GDT Entry 1 to avoid System Zone collision
[Ext4Adapter] read_offset: off=142080, block=34, local_off=2816
[Ext4Adapter] read_offset: off=4096, block=1, local_off=0
[Ext4Adapter] GDT read: block_bitmap=2, inode_bitmap=18, inode_table=34, free_blocks=1910, free_inodes=2036, bg_flags=4
[Ext4Adapter] HACK: Spoofing GDT Entry 1 to avoid System Zone collision
[Ext4Adapter] read_offset: off=8192, block=2, local_off=0
[Ext4Adapter] Reading Block 2 (Bitmap): zeros=236, first_bytes=[ff, 01, 04, 00, fc, ff, ff, ff, ff, ff, ff, ff, ff, ff, ff, ff]
[Ext4Adapter] write_offset success: off=8192, block=2
[Ext4Adapter] read_offset: off=4096, block=1, local_off=0
[Ext4Adapter] GDT read: block_bitmap=2, inode_bitmap=18, inode_table=34, free_blocks=1910, free_inodes=2036, bg_flags=4
[Ext4Adapter] HACK: Spoofing GDT Entry 1 to avoid System Zone collision
[Ext4Adapter] read_offset: off=4096, block=1, local_off=0
[Ext4Adapter] GDT read: block_bitmap=2, inode_bitmap=18, inode_table=34, free_blocks=1911, free_inodes=2036, bg_flags=4
[Ext4Adapter] HACK: Spoofing GDT Entry 1 to avoid System Zone collision
[32m[ok] Test passed[0m

[33m=======================================[0m
[33mRunning test: os::fs::tests::ext4::ext4_error::test_ext4_unlink_nonexistent[0m
[Ext4Adapter] Created adapter with block_size: 4096
[Ext4Adapter] read_offset: off=1024, block=0, local_off=1024
[Ext4Adapter] SB read: blocks_count=2048, r_blocks_count=0, free_blocks=1911, first_data_block=0, log_block_size=2, blocks_per_group=32768, desc_size=64
[Ext4Adapter] SB read: inodes_count=2048, inodes_per_group=2048, reserved_gdt_blocks=0
[Ext4Adapter] SB features (orig): compat=8, incompat=2c2, ro_compat=6b
[Ext4Adapter] HACK: Spoofing s_blocks_count to 65536 to force 2 block groups
[Ext4Adapter] read_offset: off=4096, block=1, local_off=0
[Ext4Adapter] GDT read: block_bitmap=2, inode_bitmap=18, inode_table=34, free_blocks=1911, free_inodes=2037, bg_flags=4
[Ext4Adapter] HACK: Spoofing GDT Entry 1 to avoid System Zone collision
[Ext4Adapter] read_offset: off=4096, block=1, local_off=0
[Ext4Adapter] GDT read: block_bitmap=2, inode_bitmap=18, inode_table=34, free_blocks=1911, free_inodes=2037, bg_flags=4
[Ext4Adapter] HACK: Spoofing GDT Entry 1 to avoid System Zone collision
[Ext4Adapter] read_offset: off=4096, block=1, local_off=0
[Ext4Adapter] GDT read: block_bitmap=2, inode_bitmap=18, inode_table=34, free_blocks=1911, free_inodes=2037, bg_flags=4
[Ext4Adapter] HACK: Spoofing GDT Entry 1 to avoid System Zone collision
[Ext4Adapter] read_offset: off=139520, block=34, local_off=256
[Ext4Adapter] read_offset: off=4096, block=1, local_off=0
[Ext4Adapter] GDT read: block_bitmap=2, inode_bitmap=18, inode_table=34, free_blocks=1911, free_inodes=2037, bg_flags=4
[Ext4Adapter] HACK: Spoofing GDT Entry 1 to avoid System Zone collision
[Ext4Adapter] read_offset: off=139520, block=34, local_off=256
[Ext4Adapter] read_offset: off=4096, block=1, local_off=0
[Ext4Adapter] GDT read: block_bitmap=2, inode_bitmap=18, inode_table=34, free_blocks=1911, free_inodes=2037, bg_flags=4
[Ext4Adapter] HACK: Spoofing GDT Entry 1 to avoid System Zone collision
[Ext4Adapter] read_offset: off=139520, block=34, local_off=256
[Ext4Adapter] read_offset: off=12288, block=3, local_off=0
[32m[ok] Test passed[0m

[33m=======================================[0m
[33mRunning test: os::fs::tests::ext4::ext4_error::test_ext4_write_to_directory[0m
[Ext4Adapter] Created adapter with block_size: 4096
[Ext4Adapter] read_offset: off=1024, block=0, local_off=1024
[Ext4Adapter] SB read: blocks_count=2048, r_blocks_count=0, free_blocks=1911, first_data_block=0, log_block_size=2, blocks_per_group=32768, desc_size=64
[Ext4Adapter] SB read: inodes_count=2048, inodes_per_group=2048, reserved_gdt_blocks=0
[Ext4Adapter] SB features (orig): compat=8, incompat=2c2, ro_compat=6b
[Ext4Adapter] HACK: Spoofing s_blocks_count to 65536 to force 2 block groups
[Ext4Adapter] read_offset: off=4096, block=1, local_off=0
[Ext4Adapter] GDT read: block_bitmap=2, inode_bitmap=18, inode_table=34, free_blocks=1911, free_inodes=2037, bg_flags=4
[Ext4Adapter] HACK: Spoofing GDT Entry 1 to avoid System Zone collision
[Ext4Adapter] read_offset: off=4096, block=1, local_off=0
[Ext4Adapter] GDT read: block_bitmap=2, inode_bitmap=18, inode_table=34, free_blocks=1911, free_inodes=2037, bg_flags=4
[Ext4Adapter] HACK: Spoofing GDT Entry 1 to avoid System Zone collision
[Ext4Adapter] read_offset: off=4096, block=1, local_off=0
[Ext4Adapter] GDT read: block_bitmap=2, inode_bitmap=18, inode_table=34, free_blocks=1911, free_inodes=2037, bg_flags=4
[Ext4Adapter] HACK: Spoofing GDT Entry 1 to avoid System Zone collision
[Ext4Adapter] read_offset: off=139520, block=34, local_off=256
[Ext4Adapter] read_offset: off=4096, block=1, local_off=0
[Ext4Adapter] GDT read: block_bitmap=2, inode_bitmap=18, inode_table=34, free_blocks=1911, free_inodes=2037, bg_flags=4
[Ext4Adapter] HACK: Spoofing GDT Entry 1 to avoid System Zone collision
[Ext4Adapter] read_offset: off=139520, block=34, local_off=256
[Ext4Adapter] read_offset: off=4096, block=1, local_off=0
[Ext4Adapter] GDT read: block_bitmap=2, inode_bitmap=18, inode_table=34, free_blocks=1911, free_inodes=2037, bg_flags=4
[Ext4Adapter] HACK: Spoofing GDT Entry 1 to avoid System Zone collision
[Ext4Adapter] read_offset: off=139520, block=34, local_off=256
[Ext4Adapter] read_offset: off=12288, block=3, local_off=0
[Ext4Adapter] read_offset: off=4096, block=1, local_off=0
[Ext4Adapter] GDT read: block_bitmap=2, inode_bitmap=18, inode_table=34, free_blocks=1911, free_inodes=2037, bg_flags=4
[Ext4Adapter] HACK: Spoofing GDT Entry 1 to avoid System Zone collision
[Ext4Adapter] read_offset: off=139520, block=34, local_off=256
[Ext4Adapter] read_offset: off=12288, block=3, local_off=0
[Ext4Adapter] read_offset: off=4096, block=1, local_off=0
[Ext4Adapter] GDT read: block_bitmap=2, inode_bitmap=18, inode_table=34, free_blocks=1911, free_inodes=2037, bg_flags=4
[Ext4Adapter] HACK: Spoofing GDT Entry 1 to avoid System Zone collision
[Ext4Adapter] read_offset: off=139520, block=34, local_off=256
[Ext4Adapter] read_offset: off=4096, block=1, local_off=0
[Ext4Adapter] GDT read: block_bitmap=2, inode_bitmap=18, inode_table=34, free_blocks=1911, free_inodes=2037, bg_flags=4
[Ext4Adapter] HACK: Spoofing GDT Entry 1 to avoid System Zone collision
[Ext4Adapter] read_offset: off=73728, block=18, local_off=0
[Ext4Adapter] Reading Block 18 (Inode Bitmap): zeros=254, first_bytes=[ff, 07, 00, 00, 00, 00, 00, 00, 00, 00, 00, 00, 00, 00, 00, 00]
[Ext4Adapter] write_offset success: off=73728, block=18
[Ext4Adapter] read_offset: off=4096, block=1, local_off=0
[Ext4Adapter] GDT read: block_bitmap=2, inode_bitmap=18, inode_table=34, free_blocks=1911, free_inodes=2036, bg_flags=4
[Ext4Adapter] HACK: Spoofing GDT Entry 1 to avoid System Zone collision
[Ext4Adapter] read_offset: off=4096, block=1, local_off=0
[Ext4Adapter] GDT read: block_bitmap=2, inode_bitmap=18, inode_table=34, free_blocks=1911, free_inodes=2036, bg_flags=4
[Ext4Adapter] HACK: Spoofing GDT Entry 1 to avoid System Zone collision
[Ext4Adapter] read_offset: off=142080, block=34, local_off=2816
[Ext4Adapter] read_offset: off=12288, block=3, local_off=0
[Ext4Adapter] write_offset success: off=12288, block=3
[Ext4Adapter] write_offset success: off=12288, block=3
[Ext4Adapter] read_offset: off=4096, block=1, local_off=0
[Ext4Adapter] GDT read: block_bitmap=2, inode_bitmap=18, inode_table=34, free_blocks=1911, free_inodes=2036, bg_flags=4
[Ext4Adapter] HACK: Spoofing GDT Entry 1 to avoid System Zone collision
[Ext4Adapter] read_offset: off=4096, block=1, local_off=0
[Ext4Adapter] GDT read: block_bitmap=2, inode_bitmap=18, inode_table=34, free_blocks=1911, free_inodes=2036, bg_flags=4
[Ext4Adapter] HACK: Spoofing GDT Entry 1 to avoid System Zone collision
[Ext4Adapter] read_offset: off=4096, block=1, local_off=0
[Ext4Adapter] GDT read: block_bitmap=2, inode_bitmap=18, inode_table=34, free_blocks=1911, free_inodes=2036, bg_flags=4
[Ext4Adapter] HACK: Spoofing GDT Entry 1 to avoid System Zone collision
[Ext4Adapter] read_offset: off=8192, block=2, local_off=0
[Ext4Adapter] Reading Block 2 (Bitmap): zeros=237, first_bytes=[ff, 00, 04, 00, fc, ff, ff, ff, ff, ff, ff, ff, ff, ff, ff, ff]
[Ext4Adapter] write_offset success: off=8192, block=2
[Ext4Adapter] read_offset: off=4096, block=1, local_off=0
[Ext4Adapter] GDT read: block_bitmap=2, inode_bitmap=18, inode_table=34, free_blocks=1911, free_inodes=2036, bg_flags=4
[Ext4Adapter] HACK: Spoofing GDT Entry 1 to avoid System Zone collision
[Ext4Adapter] read_offset: off=4096, block=1, local_off=0
[Ext4Adapter] GDT read: block_bitmap=2, inode_bitmap=18, inode_table=34, free_blocks=1910, free_inodes=2036, bg_flags=4
[Ext4Adapter] HACK: Spoofing GDT Entry 1 to avoid System Zone collision
[Ext4Adapter] read_offset: off=4096, block=1, local_off=0
[Ext4Adapter] GDT read: block_bitmap=2, inode_bitmap=18, inode_table=34, free_blocks=1910, free_inodes=2036, bg_flags=4
[Ext4Adapter] HACK: Spoofing GDT Entry 1 to avoid System Zone collision
[Ext4Adapter] read_offset: off=32768, block=8, local_off=0
[Ext4Adapter] write_offset success: off=32768, block=8
[Ext4Adapter] read_offset: off=32768, block=8, local_off=0
[Ext4Adapter] write_offset success: off=32768, block=8
[Ext4Adapter] write_offset success: off=32768, block=8
[Ext4Adapter] read_offset: off=4096, block=1, local_off=0
[Ext4Adapter] GDT read: block_bitmap=2, inode_bitmap=18, inode_table=34, free_blocks=1910, free_inodes=2036, bg_flags=4
[Ext4Adapter] HACK: Spoofing GDT Entry 1 to avoid System Zone collision
[Ext4Adapter] read_offset: off=4096, block=1, local_off=0
[Ext4Adapter] GDT read: block_bitmap=2, inode_bitmap=18, inode_table=34, free_blocks=1910, free_inodes=2036, bg_flags=4
[Ext4Adapter] HACK: Spoofing GDT Entry 1 to avoid System Zone collision
[Ext4Adapter] read_offset: off=4096, block=1, local_off=0
[Ext4Adapter] GDT read: block_bitmap=2, inode_bitmap=18, inode_table=34, free_blocks=1910, free_inodes=2036, bg_flags=4
[Ext4Adapter] HACK: Spoofing GDT Entry 1 to avoid System Zone collision
[Ext4Adapter] read_offset: off=142080, block=34, local_off=2816
[Ext4Adapter] read_offset: off=32768, block=8, local_off=0
[Ext4Adapter] read_offset: off=32768, block=8, local_off=0
[Ext4Adapter] write_offset success: off=32768, block=8
[Ext4Adapter] read_offset: off=32768, block=8, local_off=0
[31mFailed assertion: result.is_err() at src/fs/tests/ext4/ext4_error.rs:90[0m
[31mFailed assertion: matches!(result, Err(FsError::IsDirectory)) at src/fs/tests/ext4/ext4_error.rs:91[0m
[91m[failed] Test failed with 2 failed assertions[0m

[33m=======================================[0m
[33mRunning test: os::fs::tests::ext4::ext4_integration::test_ext4_complete_workflow[0m
[Ext4Adapter] Created adapter with block_size: 4096
[Ext4Adapter] read_offset: off=1024, block=0, local_off=1024
[Ext4Adapter] SB read: blocks_count=2048, r_blocks_count=0, free_blocks=1911, first_data_block=0, log_block_size=2, blocks_per_group=32768, desc_size=64
[Ext4Adapter] SB read: inodes_count=2048, inodes_per_group=2048, reserved_gdt_blocks=0
[Ext4Adapter] SB features (orig): compat=8, incompat=2c2, ro_compat=6b
[Ext4Adapter] HACK: Spoofing s_blocks_count to 65536 to force 2 block groups
[Ext4Adapter] read_offset: off=4096, block=1, local_off=0
[Ext4Adapter] GDT read: block_bitmap=2, inode_bitmap=18, inode_table=34, free_blocks=1911, free_inodes=2037, bg_flags=4
[Ext4Adapter] HACK: Spoofing GDT Entry 1 to avoid System Zone collision
[Ext4Adapter] read_offset: off=4096, block=1, local_off=0
[Ext4Adapter] GDT read: block_bitmap=2, inode_bitmap=18, inode_table=34, free_blocks=1911, free_inodes=2037, bg_flags=4
[Ext4Adapter] HACK: Spoofing GDT Entry 1 to avoid System Zone collision
[Ext4Adapter] read_offset: off=4096, block=1, local_off=0
[Ext4Adapter] GDT read: block_bitmap=2, inode_bitmap=18, inode_table=34, free_blocks=1911, free_inodes=2037, bg_flags=4
[Ext4Adapter] HACK: Spoofing GDT Entry 1 to avoid System Zone collision
[Ext4Adapter] read_offset: off=139520, block=34, local_off=256
[Ext4Adapter] read_offset: off=4096, block=1, local_off=0
[Ext4Adapter] GDT read: block_bitmap=2, inode_bitmap=18, inode_table=34, free_blocks=1911, free_inodes=2037, bg_flags=4
[Ext4Adapter] HACK: Spoofing GDT Entry 1 to avoid System Zone collision
[Ext4Adapter] read_offset: off=139520, block=34, local_off=256
[Ext4Adapter] read_offset: off=4096, block=1, local_off=0
[Ext4Adapter] GDT read: block_bitmap=2, inode_bitmap=18, inode_table=34, free_blocks=1911, free_inodes=2037, bg_flags=4
[Ext4Adapter] HACK: Spoofing GDT Entry 1 to avoid System Zone collision
[Ext4Adapter] read_offset: off=139520, block=34, local_off=256
[Ext4Adapter] read_offset: off=12288, block=3, local_off=0
[Ext4Adapter] read_offset: off=4096, block=1, local_off=0
[Ext4Adapter] GDT read: block_bitmap=2, inode_bitmap=18, inode_table=34, free_blocks=1911, free_inodes=2037, bg_flags=4
[Ext4Adapter] HACK: Spoofing GDT Entry 1 to avoid System Zone collision
[Ext4Adapter] read_offset: off=139520, block=34, local_off=256
[Ext4Adapter] read_offset: off=4096, block=1, local_off=0
[Ext4Adapter] GDT read: block_bitmap=2, inode_bitmap=18, inode_table=34, free_blocks=1911, free_inodes=2037, bg_flags=4
[Ext4Adapter] HACK: Spoofing GDT Entry 1 to avoid System Zone collision
[Ext4Adapter] read_offset: off=73728, block=18, local_off=0
[Ext4Adapter] Reading Block 18 (Inode Bitmap): zeros=254, first_bytes=[ff, 07, 00, 00, 00, 00, 00, 00, 00, 00, 00, 00, 00, 00, 00, 00]
[Ext4Adapter] write_offset success: off=73728, block=18
[Ext4Adapter] read_offset: off=4096, block=1, local_off=0
[Ext4Adapter] GDT read: block_bitmap=2, inode_bitmap=18, inode_table=34, free_blocks=1911, free_inodes=2036, bg_flags=4
[Ext4Adapter] HACK: Spoofing GDT Entry 1 to avoid System Zone collision
[Ext4Adapter] read_offset: off=4096, block=1, local_off=0
[Ext4Adapter] GDT read: block_bitmap=2, inode_bitmap=18, inode_table=34, free_blocks=1911, free_inodes=2036, bg_flags=4
[Ext4Adapter] HACK: Spoofing GDT Entry 1 to avoid System Zone collision
[Ext4Adapter] read_offset: off=142080, block=34, local_off=2816
[Ext4Adapter] read_offset: off=12288, block=3, local_off=0
[Ext4Adapter] write_offset success: off=12288, block=3
[Ext4Adapter] write_offset success: off=12288, block=3
[Ext4Adapter] read_offset: off=4096, block=1, local_off=0
[Ext4Adapter] GDT read: block_bitmap=2, inode_bitmap=18, inode_table=34, free_blocks=1911, free_inodes=2036, bg_flags=4
[Ext4Adapter] HACK: Spoofing GDT Entry 1 to avoid System Zone collision
[Ext4Adapter] read_offset: off=4096, block=1, local_off=0
[Ext4Adapter] GDT read: block_bitmap=2, inode_bitmap=18, inode_table=34, free_blocks=1911, free_inodes=2036, bg_flags=4
[Ext4Adapter] HACK: Spoofing GDT Entry 1 to avoid System Zone collision
[Ext4Adapter] read_offset: off=4096, block=1, local_off=0
[Ext4Adapter] GDT read: block_bitmap=2, inode_bitmap=18, inode_table=34, free_blocks=1911, free_inodes=2036, bg_flags=4
[Ext4Adapter] HACK: Spoofing GDT Entry 1 to avoid System Zone collision
[Ext4Adapter] read_offset: off=4096, block=1, local_off=0
[Ext4Adapter] GDT read: block_bitmap=2, inode_bitmap=18, inode_table=34, free_blocks=1911, free_inodes=2036, bg_flags=4
[Ext4Adapter] HACK: Spoofing GDT Entry 1 to avoid System Zone collision
[Ext4Adapter] read_offset: off=142080, block=34, local_off=2816
[Ext4Adapter] read_offset: off=4096, block=1, local_off=0
[Ext4Adapter] GDT read: block_bitmap=2, inode_bitmap=18, inode_table=34, free_blocks=1911, free_inodes=2036, bg_flags=4
[Ext4Adapter] HACK: Spoofing GDT Entry 1 to avoid System Zone collision
[Ext4Adapter] read_offset: off=4096, block=1, local_off=0
[Ext4Adapter] GDT read: block_bitmap=2, inode_bitmap=18, inode_table=34, free_blocks=1911, free_inodes=2036, bg_flags=4
[Ext4Adapter] HACK: Spoofing GDT Entry 1 to avoid System Zone collision
[Ext4Adapter] read_offset: off=8192, block=2, local_off=0
[Ext4Adapter] Reading Block 2 (Bitmap): zeros=237, first_bytes=[ff, 00, 04, 00, fc, ff, ff, ff, ff, ff, ff, ff, ff, ff, ff, ff]
[Ext4Adapter] write_offset success: off=8192, block=2
[Ext4Adapter] read_offset: off=4096, block=1, local_off=0
[Ext4Adapter] GDT read: block_bitmap=2, inode_bitmap=18, inode_table=34, free_blocks=1910, free_inodes=2036, bg_flags=4
[Ext4Adapter] HACK: Spoofing GDT Entry 1 to avoid System Zone collision
[Ext4Adapter] read_offset: off=4096, block=1, local_off=0
[Ext4Adapter] GDT read: block_bitmap=2, inode_bitmap=18, inode_table=34, free_blocks=1910, free_inodes=2036, bg_flags=4
[Ext4Adapter] HACK: Spoofing GDT Entry 1 to avoid System Zone collision
[Ext4Adapter] read_offset: off=4096, block=1, local_off=0
[Ext4Adapter] GDT read: block_bitmap=2, inode_bitmap=18, inode_table=34, free_blocks=1910, free_inodes=2036, bg_flags=4
[Ext4Adapter] HACK: Spoofing GDT Entry 1 to avoid System Zone collision
[Ext4Adapter] read_offset: off=32768, block=8, local_off=0
[Ext4Adapter] read_offset: off=32768, block=8, local_off=0
[Ext4Adapter] write_offset success: off=32768, block=8
[Ext4Adapter] read_offset: off=32768, block=8, local_off=0
[Ext4Adapter] read_offset: off=4096, block=1, local_off=0
[Ext4Adapter] GDT read: block_bitmap=2, inode_bitmap=18, inode_table=34, free_blocks=1910, free_inodes=2036, bg_flags=4
[Ext4Adapter] HACK: Spoofing GDT Entry 1 to avoid System Zone collision
[Ext4Adapter] read_offset: off=4096, block=1, local_off=0
[Ext4Adapter] GDT read: block_bitmap=2, inode_bitmap=18, inode_table=34, free_blocks=1910, free_inodes=2036, bg_flags=4
[Ext4Adapter] HACK: Spoofing GDT Entry 1 to avoid System Zone collision
[Ext4Adapter] read_offset: off=142080, block=34, local_off=2816
[Ext4Adapter] read_offset: off=4096, block=1, local_off=0
[Ext4Adapter] GDT read: block_bitmap=2, inode_bitmap=18, inode_table=34, free_blocks=1910, free_inodes=2036, bg_flags=4
[Ext4Adapter] HACK: Spoofing GDT Entry 1 to avoid System Zone collision
[Ext4Adapter] read_offset: off=142080, block=34, local_off=2816
[Ext4Adapter] read_offset: off=32768, block=8, local_off=0
[Ext4Adapter] read_offset: off=32768, block=8, local_off=0
[Ext4Adapter] write_offset success: off=32768, block=8
[Ext4Adapter] read_offset: off=32768, block=8, local_off=0
[Ext4Adapter] read_offset: off=4096, block=1, local_off=0
[Ext4Adapter] GDT read: block_bitmap=2, inode_bitmap=18, inode_table=34, free_blocks=1910, free_inodes=2036, bg_flags=4
[Ext4Adapter] HACK: Spoofing GDT Entry 1 to avoid System Zone collision
[Ext4Adapter] read_offset: off=4096, block=1, local_off=0
[Ext4Adapter] GDT read: block_bitmap=2, inode_bitmap=18, inode_table=34, free_blocks=1910, free_inodes=2036, bg_flags=4
[Ext4Adapter] HACK: Spoofing GDT Entry 1 to avoid System Zone collision
[Ext4Adapter] read_offset: off=142080, block=34, local_off=2816
[Ext4Adapter] read_offset: off=4096, block=1, local_off=0
[Ext4Adapter] GDT read: block_bitmap=2, inode_bitmap=18, inode_table=34, free_blocks=1910, free_inodes=2036, bg_flags=4
[Ext4Adapter] HACK: Spoofing GDT Entry 1 to avoid System Zone collision
[Ext4Adapter] read_offset: off=142080, block=34, local_off=2816
[Ext4Adapter] read_offset: off=32768, block=8, local_off=0
[Ext4Adapter] read_offset: off=4096, block=1, local_off=0
[Ext4Adapter] GDT read: block_bitmap=2, inode_bitmap=18, inode_table=34, free_blocks=1910, free_inodes=2036, bg_flags=4
[Ext4Adapter] HACK: Spoofing GDT Entry 1 to avoid System Zone collision
[Ext4Adapter] read_offset: off=139520, block=34, local_off=256
[Ext4Adapter] read_offset: off=4096, block=1, local_off=0
[Ext4Adapter] GDT read: block_bitmap=2, inode_bitmap=18, inode_table=34, free_blocks=1910, free_inodes=2036, bg_flags=4
[Ext4Adapter] HACK: Spoofing GDT Entry 1 to avoid System Zone collision
[Ext4Adapter] read_offset: off=139520, block=34, local_off=256
[Ext4Adapter] read_offset: off=12288, block=3, local_off=0
[Ext4Adapter] read_offset: off=4096, block=1, local_off=0
[Ext4Adapter] GDT read: block_bitmap=2, inode_bitmap=18, inode_table=34, free_blocks=1910, free_inodes=2036, bg_flags=4
[Ext4Adapter] HACK: Spoofing GDT Entry 1 to avoid System Zone collision
[Ext4Adapter] read_offset: off=142080, block=34, local_off=2816
[Ext4Adapter] read_offset: off=4096, block=1, local_off=0
[Ext4Adapter] GDT read: block_bitmap=2, inode_bitmap=18, inode_table=34, free_blocks=1910, free_inodes=2036, bg_flags=4
[Ext4Adapter] HACK: Spoofing GDT Entry 1 to avoid System Zone collision
[Ext4Adapter] read_offset: off=139520, block=34, local_off=256
[Ext4Adapter] read_offset: off=4096, block=1, local_off=0
[Ext4Adapter] GDT read: block_bitmap=2, inode_bitmap=18, inode_table=34, free_blocks=1910, free_inodes=2036, bg_flags=4
[Ext4Adapter] HACK: Spoofing GDT Entry 1 to avoid System Zone collision
[Ext4Adapter] read_offset: off=139520, block=34, local_off=256
[Ext4Adapter] read_offset: off=4096, block=1, local_off=0
[Ext4Adapter] GDT read: block_bitmap=2, inode_bitmap=18, inode_table=34, free_blocks=1910, free_inodes=2036, bg_flags=4
[Ext4Adapter] HACK: Spoofing GDT Entry 1 to avoid System Zone collision
[Ext4Adapter] read_offset: off=139520, block=34, local_off=256
[Ext4Adapter] read_offset: off=12288, block=3, local_off=0
[Ext4Adapter] read_offset: off=4096, block=1, local_off=0
[Ext4Adapter] GDT read: block_bitmap=2, inode_bitmap=18, inode_table=34, free_blocks=1910, free_inodes=2036, bg_flags=4
[Ext4Adapter] HACK: Spoofing GDT Entry 1 to avoid System Zone collision
[Ext4Adapter] read_offset: off=139520, block=34, local_off=256
[Ext4Adapter] read_offset: off=12288, block=3, local_off=0
[Ext4Adapter] read_offset: off=4096, block=1, local_off=0
[Ext4Adapter] GDT read: block_bitmap=2, inode_bitmap=18, inode_table=34, free_blocks=1910, free_inodes=2036, bg_flags=4
[Ext4Adapter] HACK: Spoofing GDT Entry 1 to avoid System Zone collision
[Ext4Adapter] read_offset: off=139520, block=34, local_off=256
[Ext4Adapter] read_offset: off=4096, block=1, local_off=0
[Ext4Adapter] GDT read: block_bitmap=2, inode_bitmap=18, inode_table=34, free_blocks=1910, free_inodes=2036, bg_flags=4
[Ext4Adapter] HACK: Spoofing GDT Entry 1 to avoid System Zone collision
[Ext4Adapter] read_offset: off=142080, block=34, local_off=2816
[Ext4Adapter] read_offset: off=4096, block=1, local_off=0
[Ext4Adapter] GDT read: block_bitmap=2, inode_bitmap=18, inode_table=34, free_blocks=1910, free_inodes=2036, bg_flags=4
[Ext4Adapter] HACK: Spoofing GDT Entry 1 to avoid System Zone collision
[Ext4Adapter] read_offset: off=142080, block=34, local_off=2816
Panicked at /home/vscode/.cargo/registry/src/mirrors.ustc.edu.cn-04b7754156161b43/ext4_rs-1.3.2/src/ext4_impls/dir.rs:356 assertion failed: parent.inode.is_dir()
